====================================================================================================
{
  "variant": "v01_by_simpa_using_he",
  "module_build_returncode": 1,
  "module_build_seconds": 35.12,
  "module_has_error": true,
  "target_has_sorry_warning": false
}
--- stdout tail ---
✖ [3075/3075] Building FormalBook.Chapter_28 (30s)
trace: .> LEAN_PATH=/private/tmp/sorrydb_formalbook_v4_6_7/.lake/packages/Cli/.lake/build/lib/lean:/private/tmp/sorrydb_formalbook_v4_6_7/.lake/packages/batteries/.lake/build/lib/lean:/private/tmp/sorrydb_formalbook_v4_6_7/.lake/packages/Qq/.lake/build/lib/lean:/private/tmp/sorrydb_formalbook_v4_6_7/.lake/packages/aesop/.lake/build/lib/lean:/private/tmp/sorrydb_formalbook_v4_6_7/.lake/packages/proofwidgets/.lake/build/lib/lean:/private/tmp/sorrydb_formalbook_v4_6_7/.lake/packages/importGraph/.lake/build/lib/lean:/private/tmp/sorrydb_formalbook_v4_6_7/.lake/packages/LeanSearchClient/.lake/build/lib/lean:/private/tmp/sorrydb_formalbook_v4_6_7/.lake/packages/plausible/.lake/build/lib/lean:/private/tmp/sorrydb_formalbook_v4_6_7/.lake/packages/mathlib/.lake/build/lib/lean:/private/tmp/sorrydb_formalbook_v4_6_7/.lake/packages/checkdecls/.lake/build/lib/lean:/private/tmp/sorrydb_formalbook_v4_6_7/.lake/build/lib/lean /Users/heath/.elan/toolchains/leanprover--lean4---v4.27.0-rc1/bin/lean /private/tmp/sorrydb_formalbook_v4_6_7/FormalBook/Chapter_28.lean -o /private/tmp/sorrydb_formalbook_v4_6_7/.lake/build/lib/lean/FormalBook/Chapter_28.olean -i /private/tmp/sorrydb_formalbook_v4_6_7/.lake/build/lib/lean/FormalBook/Chapter_28.ilean -c /private/tmp/sorrydb_formalbook_v4_6_7/.lake/build/ir/FormalBook/Chapter_28.c --setup /private/tmp/sorrydb_formalbook_v4_6_7/.lake/build/ir/FormalBook/Chapter_28.setup.json --json
error: FormalBook/Chapter_28.lean:64:68: Type mismatch: After simplification, term
  he
 has type
  e ∈ G.edgeSet
but is expected to have type
  #{v | v ∈ e} = 2
error: Lean exited with code 1
Some required targets logged failures:
- FormalBook.Chapter_28
--- stderr tail ---
error: build failed
====================================================================================================
{
  "variant": "v02_by_simpa",
  "module_build_returncode": 1,
  "module_build_seconds": 33.34,
  "module_has_error": true,
  "target_has_sorry_warning": false
}
--- stdout tail ---
✖ [3075/3075] Building FormalBook.Chapter_28 (29s)
trace: .> LEAN_PATH=/private/tmp/sorrydb_formalbook_v4_6_7/.lake/packages/Cli/.lake/build/lib/lean:/private/tmp/sorrydb_formalbook_v4_6_7/.lake/packages/batteries/.lake/build/lib/lean:/private/tmp/sorrydb_formalbook_v4_6_7/.lake/packages/Qq/.lake/build/lib/lean:/private/tmp/sorrydb_formalbook_v4_6_7/.lake/packages/aesop/.lake/build/lib/lean:/private/tmp/sorrydb_formalbook_v4_6_7/.lake/packages/proofwidgets/.lake/build/lib/lean:/private/tmp/sorrydb_formalbook_v4_6_7/.lake/packages/importGraph/.lake/build/lib/lean:/private/tmp/sorrydb_formalbook_v4_6_7/.lake/packages/LeanSearchClient/.lake/build/lib/lean:/private/tmp/sorrydb_formalbook_v4_6_7/.lake/packages/plausible/.lake/build/lib/lean:/private/tmp/sorrydb_formalbook_v4_6_7/.lake/packages/mathlib/.lake/build/lib/lean:/private/tmp/sorrydb_formalbook_v4_6_7/.lake/packages/checkdecls/.lake/build/lib/lean:/private/tmp/sorrydb_formalbook_v4_6_7/.lake/build/lib/lean /Users/heath/.elan/toolchains/leanprover--lean4---v4.27.0-rc1/bin/lean /private/tmp/sorrydb_formalbook_v4_6_7/FormalBook/Chapter_28.lean -o /private/tmp/sorrydb_formalbook_v4_6_7/.lake/build/lib/lean/FormalBook/Chapter_28.olean -i /private/tmp/sorrydb_formalbook_v4_6_7/.lake/build/lib/lean/FormalBook/Chapter_28.ilean -c /private/tmp/sorrydb_formalbook_v4_6_7/.lake/build/ir/FormalBook/Chapter_28.c --setup /private/tmp/sorrydb_formalbook_v4_6_7/.lake/build/ir/FormalBook/Chapter_28.setup.json --json
error: FormalBook/Chapter_28.lean:64:68: Tactic `assumption` failed

α : Type u_1
inst✝² : Fintype α
inst✝¹ : DecidableEq α
G : SimpleGraph α
inst✝ : DecidableRel G.Adj
e : Sym2 α
he : e ∈ G.edgeFinset
⊢ #{v | v ∈ e} = 2
error: Lean exited with code 1
Some required targets logged failures:
- FormalBook.Chapter_28
--- stderr tail ---
error: build failed
====================================================================================================
{
  "variant": "v03_by_exact_comment_lemma",
  "module_build_returncode": 1,
  "module_build_seconds": 34.34,
  "module_has_error": true,
  "target_has_sorry_warning": false
}
--- stdout tail ---
✖ [3075/3075] Building FormalBook.Chapter_28 (30s)
trace: .> LEAN_PATH=/private/tmp/sorrydb_formalbook_v4_6_7/.lake/packages/Cli/.lake/build/lib/lean:/private/tmp/sorrydb_formalbook_v4_6_7/.lake/packages/batteries/.lake/build/lib/lean:/private/tmp/sorrydb_formalbook_v4_6_7/.lake/packages/Qq/.lake/build/lib/lean:/private/tmp/sorrydb_formalbook_v4_6_7/.lake/packages/aesop/.lake/build/lib/lean:/private/tmp/sorrydb_formalbook_v4_6_7/.lake/packages/proofwidgets/.lake/build/lib/lean:/private/tmp/sorrydb_formalbook_v4_6_7/.lake/packages/importGraph/.lake/build/lib/lean:/private/tmp/sorrydb_formalbook_v4_6_7/.lake/packages/LeanSearchClient/.lake/build/lib/lean:/private/tmp/sorrydb_formalbook_v4_6_7/.lake/packages/plausible/.lake/build/lib/lean:/private/tmp/sorrydb_formalbook_v4_6_7/.lake/packages/mathlib/.lake/build/lib/lean:/private/tmp/sorrydb_formalbook_v4_6_7/.lake/packages/checkdecls/.lake/build/lib/lean:/private/tmp/sorrydb_formalbook_v4_6_7/.lake/build/lib/lean /Users/heath/.elan/toolchains/leanprover--lean4---v4.27.0-rc1/bin/lean /private/tmp/sorrydb_formalbook_v4_6_7/FormalBook/Chapter_28.lean -o /private/tmp/sorrydb_formalbook_v4_6_7/.lake/build/lib/lean/FormalBook/Chapter_28.olean -i /private/tmp/sorrydb_formalbook_v4_6_7/.lake/build/lib/lean/FormalBook/Chapter_28.ilean -c /private/tmp/sorrydb_formalbook_v4_6_7/.lake/build/ir/FormalBook/Chapter_28.c --setup /private/tmp/sorrydb_formalbook_v4_6_7/.lake/build/ir/FormalBook/Chapter_28.setup.json --json
error: FormalBook/Chapter_28.lean:64:76: Invalid field `card_filter_mem_of_mem_edgeFinset`: The environment does not contain `SimpleGraph.card_filter_mem_of_mem_edgeFinset`, so it is not possible to project the field `card_filter_mem_of_mem_edgeFinset` from an expression
  G
of type `SimpleGraph α`
error: Lean exited with code 1
Some required targets logged failures:
- FormalBook.Chapter_28
--- stderr tail ---
error: build failed
====================================================================================================
{
  "variant": "v04_by_simpa_comment_lemma",
  "module_build_returncode": 1,
  "module_build_seconds": 34.59,
  "module_has_error": true,
  "target_has_sorry_warning": false
}
--- stdout tail ---
✖ [3075/3075] Building FormalBook.Chapter_28 (30s)
trace: .> LEAN_PATH=/private/tmp/sorrydb_formalbook_v4_6_7/.lake/packages/Cli/.lake/build/lib/lean:/private/tmp/sorrydb_formalbook_v4_6_7/.lake/packages/batteries/.lake/build/lib/lean:/private/tmp/sorrydb_formalbook_v4_6_7/.lake/packages/Qq/.lake/build/lib/lean:/private/tmp/sorrydb_formalbook_v4_6_7/.lake/packages/aesop/.lake/build/lib/lean:/private/tmp/sorrydb_formalbook_v4_6_7/.lake/packages/proofwidgets/.lake/build/lib/lean:/private/tmp/sorrydb_formalbook_v4_6_7/.lake/packages/importGraph/.lake/build/lib/lean:/private/tmp/sorrydb_formalbook_v4_6_7/.lake/packages/LeanSearchClient/.lake/build/lib/lean:/private/tmp/sorrydb_formalbook_v4_6_7/.lake/packages/plausible/.lake/build/lib/lean:/private/tmp/sorrydb_formalbook_v4_6_7/.lake/packages/mathlib/.lake/build/lib/lean:/private/tmp/sorrydb_formalbook_v4_6_7/.lake/packages/checkdecls/.lake/build/lib/lean:/private/tmp/sorrydb_formalbook_v4_6_7/.lake/build/lib/lean /Users/heath/.elan/toolchains/leanprover--lean4---v4.27.0-rc1/bin/lean /private/tmp/sorrydb_formalbook_v4_6_7/FormalBook/Chapter_28.lean -o /private/tmp/sorrydb_formalbook_v4_6_7/.lake/build/lib/lean/FormalBook/Chapter_28.olean -i /private/tmp/sorrydb_formalbook_v4_6_7/.lake/build/lib/lean/FormalBook/Chapter_28.ilean -c /private/tmp/sorrydb_formalbook_v4_6_7/.lake/build/ir/FormalBook/Chapter_28.c --setup /private/tmp/sorrydb_formalbook_v4_6_7/.lake/build/ir/FormalBook/Chapter_28.setup.json --json
error: FormalBook/Chapter_28.lean:64:82: Invalid field `card_filter_mem_of_mem_edgeFinset`: The environment does not contain `SimpleGraph.card_filter_mem_of_mem_edgeFinset`, so it is not possible to project the field `card_filter_mem_of_mem_edgeFinset` from an expression
  G
of type `SimpleGraph α`
error: Lean exited with code 1
Some required targets logged failures:
- FormalBook.Chapter_28
--- stderr tail ---
error: build failed
====================================================================================================
{
  "variant": "v05_by_have_comment_lemma",
  "module_build_returncode": 1,
  "module_build_seconds": 37.66,
  "module_has_error": true,
  "target_has_sorry_warning": false
}
--- stdout tail ---
✖ [3075/3075] Building FormalBook.Chapter_28 (33s)
trace: .> LEAN_PATH=/private/tmp/sorrydb_formalbook_v4_6_7/.lake/packages/Cli/.lake/build/lib/lean:/private/tmp/sorrydb_formalbook_v4_6_7/.lake/packages/batteries/.lake/build/lib/lean:/private/tmp/sorrydb_formalbook_v4_6_7/.lake/packages/Qq/.lake/build/lib/lean:/private/tmp/sorrydb_formalbook_v4_6_7/.lake/packages/aesop/.lake/build/lib/lean:/private/tmp/sorrydb_formalbook_v4_6_7/.lake/packages/proofwidgets/.lake/build/lib/lean:/private/tmp/sorrydb_formalbook_v4_6_7/.lake/packages/importGraph/.lake/build/lib/lean:/private/tmp/sorrydb_formalbook_v4_6_7/.lake/packages/LeanSearchClient/.lake/build/lib/lean:/private/tmp/sorrydb_formalbook_v4_6_7/.lake/packages/plausible/.lake/build/lib/lean:/private/tmp/sorrydb_formalbook_v4_6_7/.lake/packages/mathlib/.lake/build/lib/lean:/private/tmp/sorrydb_formalbook_v4_6_7/.lake/packages/checkdecls/.lake/build/lib/lean:/private/tmp/sorrydb_formalbook_v4_6_7/.lake/build/lib/lean /Users/heath/.elan/toolchains/leanprover--lean4---v4.27.0-rc1/bin/lean /private/tmp/sorrydb_formalbook_v4_6_7/FormalBook/Chapter_28.lean -o /private/tmp/sorrydb_formalbook_v4_6_7/.lake/build/lib/lean/FormalBook/Chapter_28.olean -i /private/tmp/sorrydb_formalbook_v4_6_7/.lake/build/lib/lean/FormalBook/Chapter_28.ilean -c /private/tmp/sorrydb_formalbook_v4_6_7/.lake/build/ir/FormalBook/Chapter_28.c --setup /private/tmp/sorrydb_formalbook_v4_6_7/.lake/build/ir/FormalBook/Chapter_28.setup.json --json
error: FormalBook/Chapter_28.lean:65:18: Invalid field `card_filter_mem_of_mem_edgeFinset`: The environment does not contain `SimpleGraph.card_filter_mem_of_mem_edgeFinset`, so it is not possible to project the field `card_filter_mem_of_mem_edgeFinset` from an expression
  G
of type `SimpleGraph α`
error: FormalBook/Chapter_28.lean:64:65: unsolved goals
α : Type u_1
inst✝² : Fintype α
inst✝¹ : DecidableEq α
G : SimpleGraph α
inst✝ : DecidableRel G.Adj
e : Sym2 α
he : e ∈ G.edgeFinset
⊢ #{v | v ∈ e} = 2
error: Lean exited with code 1
Some required targets logged failures:
- FormalBook.Chapter_28
--- stderr tail ---
error: build failed
====================================================================================================
{
  "variant": "v06_by_convert_comment_lemma",
  "module_build_returncode": 1,
  "module_build_seconds": 36.8,
  "module_has_error": true,
  "target_has_sorry_warning": false
}
--- stdout tail ---
✖ [3075/3075] Building FormalBook.Chapter_28 (32s)
trace: .> LEAN_PATH=/private/tmp/sorrydb_formalbook_v4_6_7/.lake/packages/Cli/.lake/build/lib/lean:/private/tmp/sorrydb_formalbook_v4_6_7/.lake/packages/batteries/.lake/build/lib/lean:/private/tmp/sorrydb_formalbook_v4_6_7/.lake/packages/Qq/.lake/build/lib/lean:/private/tmp/sorrydb_formalbook_v4_6_7/.lake/packages/aesop/.lake/build/lib/lean:/private/tmp/sorrydb_formalbook_v4_6_7/.lake/packages/proofwidgets/.lake/build/lib/lean:/private/tmp/sorrydb_formalbook_v4_6_7/.lake/packages/importGraph/.lake/build/lib/lean:/private/tmp/sorrydb_formalbook_v4_6_7/.lake/packages/LeanSearchClient/.lake/build/lib/lean:/private/tmp/sorrydb_formalbook_v4_6_7/.lake/packages/plausible/.lake/build/lib/lean:/private/tmp/sorrydb_formalbook_v4_6_7/.lake/packages/mathlib/.lake/build/lib/lean:/private/tmp/sorrydb_formalbook_v4_6_7/.lake/packages/checkdecls/.lake/build/lib/lean:/private/tmp/sorrydb_formalbook_v4_6_7/.lake/build/lib/lean /Users/heath/.elan/toolchains/leanprover--lean4---v4.27.0-rc1/bin/lean /private/tmp/sorrydb_formalbook_v4_6_7/FormalBook/Chapter_28.lean -o /private/tmp/sorrydb_formalbook_v4_6_7/.lake/build/lib/lean/FormalBook/Chapter_28.olean -i /private/tmp/sorrydb_formalbook_v4_6_7/.lake/build/lib/lean/FormalBook/Chapter_28.ilean -c /private/tmp/sorrydb_formalbook_v4_6_7/.lake/build/ir/FormalBook/Chapter_28.c --setup /private/tmp/sorrydb_formalbook_v4_6_7/.lake/build/ir/FormalBook/Chapter_28.setup.json --json
error: FormalBook/Chapter_28.lean:65:16: Invalid field `card_filter_mem_of_mem_edgeFinset`: The environment does not contain `SimpleGraph.card_filter_mem_of_mem_edgeFinset`, so it is not possible to project the field `card_filter_mem_of_mem_edgeFinset` from an expression
  G
of type `SimpleGraph α`
error: Lean exited with code 1
Some required targets logged failures:
- FormalBook.Chapter_28
--- stderr tail ---
error: build failed
====================================================================================================
{
  "variant": "v07_by_aesop",
  "module_build_returncode": 1,
  "module_build_seconds": 39.46,
  "module_has_error": true,
  "target_has_sorry_warning": false
}
--- stdout tail ---
✖ [3075/3075] Building FormalBook.Chapter_28 (35s)
trace: .> LEAN_PATH=/private/tmp/sorrydb_formalbook_v4_6_7/.lake/packages/Cli/.lake/build/lib/lean:/private/tmp/sorrydb_formalbook_v4_6_7/.lake/packages/batteries/.lake/build/lib/lean:/private/tmp/sorrydb_formalbook_v4_6_7/.lake/packages/Qq/.lake/build/lib/lean:/private/tmp/sorrydb_formalbook_v4_6_7/.lake/packages/aesop/.lake/build/lib/lean:/private/tmp/sorrydb_formalbook_v4_6_7/.lake/packages/proofwidgets/.lake/build/lib/lean:/private/tmp/sorrydb_formalbook_v4_6_7/.lake/packages/importGraph/.lake/build/lib/lean:/private/tmp/sorrydb_formalbook_v4_6_7/.lake/packages/LeanSearchClient/.lake/build/lib/lean:/private/tmp/sorrydb_formalbook_v4_6_7/.lake/packages/plausible/.lake/build/lib/lean:/private/tmp/sorrydb_formalbook_v4_6_7/.lake/packages/mathlib/.lake/build/lib/lean:/private/tmp/sorrydb_formalbook_v4_6_7/.lake/packages/checkdecls/.lake/build/lib/lean:/private/tmp/sorrydb_formalbook_v4_6_7/.lake/build/lib/lean /Users/heath/.elan/toolchains/leanprover--lean4---v4.27.0-rc1/bin/lean /private/tmp/sorrydb_formalbook_v4_6_7/FormalBook/Chapter_28.lean -o /private/tmp/sorrydb_formalbook_v4_6_7/.lake/build/lib/lean/FormalBook/Chapter_28.olean -i /private/tmp/sorrydb_formalbook_v4_6_7/.lake/build/lib/lean/FormalBook/Chapter_28.ilean -c /private/tmp/sorrydb_formalbook_v4_6_7/.lake/build/ir/FormalBook/Chapter_28.c --setup /private/tmp/sorrydb_formalbook_v4_6_7/.lake/build/ir/FormalBook/Chapter_28.setup.json --json
warning: FormalBook/Chapter_28.lean:64:68: aesop: failed to prove the goal after exhaustive search.
error: FormalBook/Chapter_28.lean:64:65: unsolved goals
α : Type u_1
inst : Fintype α
inst_1 : DecidableEq α
G : SimpleGraph α
inst_2 : DecidableRel G.Adj
e : Sym2 α
he : e ∈ G.edgeSet
⊢ #{v | v ∈ e} = 2
error: Lean exited with code 1
Some required targets logged failures:
- FormalBook.Chapter_28
--- stderr tail ---
error: build failed
====================================================================================================
{
  "variant": "v08_by_simp_all",
  "module_build_returncode": 1,
  "module_build_seconds": 35.55,
  "module_has_error": true,
  "target_has_sorry_warning": false
}
--- stdout tail ---
✖ [3075/3075] Building FormalBook.Chapter_28 (31s)
trace: .> LEAN_PATH=/private/tmp/sorrydb_formalbook_v4_6_7/.lake/packages/Cli/.lake/build/lib/lean:/private/tmp/sorrydb_formalbook_v4_6_7/.lake/packages/batteries/.lake/build/lib/lean:/private/tmp/sorrydb_formalbook_v4_6_7/.lake/packages/Qq/.lake/build/lib/lean:/private/tmp/sorrydb_formalbook_v4_6_7/.lake/packages/aesop/.lake/build/lib/lean:/private/tmp/sorrydb_formalbook_v4_6_7/.lake/packages/proofwidgets/.lake/build/lib/lean:/private/tmp/sorrydb_formalbook_v4_6_7/.lake/packages/importGraph/.lake/build/lib/lean:/private/tmp/sorrydb_formalbook_v4_6_7/.lake/packages/LeanSearchClient/.lake/build/lib/lean:/private/tmp/sorrydb_formalbook_v4_6_7/.lake/packages/plausible/.lake/build/lib/lean:/private/tmp/sorrydb_formalbook_v4_6_7/.lake/packages/mathlib/.lake/build/lib/lean:/private/tmp/sorrydb_formalbook_v4_6_7/.lake/packages/checkdecls/.lake/build/lib/lean:/private/tmp/sorrydb_formalbook_v4_6_7/.lake/build/lib/lean /Users/heath/.elan/toolchains/leanprover--lean4---v4.27.0-rc1/bin/lean /private/tmp/sorrydb_formalbook_v4_6_7/FormalBook/Chapter_28.lean -o /private/tmp/sorrydb_formalbook_v4_6_7/.lake/build/lib/lean/FormalBook/Chapter_28.olean -i /private/tmp/sorrydb_formalbook_v4_6_7/.lake/build/lib/lean/FormalBook/Chapter_28.ilean -c /private/tmp/sorrydb_formalbook_v4_6_7/.lake/build/ir/FormalBook/Chapter_28.c --setup /private/tmp/sorrydb_formalbook_v4_6_7/.lake/build/ir/FormalBook/Chapter_28.setup.json --json
error: FormalBook/Chapter_28.lean:64:65: unsolved goals
α : Type u_1
inst✝² : Fintype α
inst✝¹ : DecidableEq α
G : SimpleGraph α
inst✝ : DecidableRel G.Adj
e : Sym2 α
he : e ∈ G.edgeSet
⊢ #{v | v ∈ e} = 2
error: Lean exited with code 1
Some required targets logged failures:
- FormalBook.Chapter_28
--- stderr tail ---
error: build failed
====================================================================================================
{
  "variant": "v09_by_exact_edge_mem_card",
  "module_build_returncode": 1,
  "module_build_seconds": 36.92,
  "module_has_error": true,
  "target_has_sorry_warning": false
}
--- stdout tail ---
✖ [3075/3075] Building FormalBook.Chapter_28 (32s)
trace: .> LEAN_PATH=/private/tmp/sorrydb_formalbook_v4_6_7/.lake/packages/Cli/.lake/build/lib/lean:/private/tmp/sorrydb_formalbook_v4_6_7/.lake/packages/batteries/.lake/build/lib/lean:/private/tmp/sorrydb_formalbook_v4_6_7/.lake/packages/Qq/.lake/build/lib/lean:/private/tmp/sorrydb_formalbook_v4_6_7/.lake/packages/aesop/.lake/build/lib/lean:/private/tmp/sorrydb_formalbook_v4_6_7/.lake/packages/proofwidgets/.lake/build/lib/lean:/private/tmp/sorrydb_formalbook_v4_6_7/.lake/packages/importGraph/.lake/build/lib/lean:/private/tmp/sorrydb_formalbook_v4_6_7/.lake/packages/LeanSearchClient/.lake/build/lib/lean:/private/tmp/sorrydb_formalbook_v4_6_7/.lake/packages/plausible/.lake/build/lib/lean:/private/tmp/sorrydb_formalbook_v4_6_7/.lake/packages/mathlib/.lake/build/lib/lean:/private/tmp/sorrydb_formalbook_v4_6_7/.lake/packages/checkdecls/.lake/build/lib/lean:/private/tmp/sorrydb_formalbook_v4_6_7/.lake/build/lib/lean /Users/heath/.elan/toolchains/leanprover--lean4---v4.27.0-rc1/bin/lean /private/tmp/sorrydb_formalbook_v4_6_7/FormalBook/Chapter_28.lean -o /private/tmp/sorrydb_formalbook_v4_6_7/.lake/build/lib/lean/FormalBook/Chapter_28.olean -i /private/tmp/sorrydb_formalbook_v4_6_7/.lake/build/lib/lean/FormalBook/Chapter_28.ilean -c /private/tmp/sorrydb_formalbook_v4_6_7/.lake/build/ir/FormalBook/Chapter_28.c --setup /private/tmp/sorrydb_formalbook_v4_6_7/.lake/build/ir/FormalBook/Chapter_28.setup.json --json
error: FormalBook/Chapter_28.lean:64:74: Unknown constant `SimpleGraph.card_filter_mem_of_mem_edgeFinset`
error: Lean exited with code 1
Some required targets logged failures:
- FormalBook.Chapter_28
--- stderr tail ---
error: build failed
====================================================================================================
{
  "variant": "v10_by_simpa_edge_mem_card",
  "module_build_returncode": 1,
  "module_build_seconds": 34.89,
  "module_has_error": true,
  "target_has_sorry_warning": false
}
--- stdout tail ---
✖ [3075/3075] Building FormalBook.Chapter_28 (30s)
trace: .> LEAN_PATH=/private/tmp/sorrydb_formalbook_v4_6_7/.lake/packages/Cli/.lake/build/lib/lean:/private/tmp/sorrydb_formalbook_v4_6_7/.lake/packages/batteries/.lake/build/lib/lean:/private/tmp/sorrydb_formalbook_v4_6_7/.lake/packages/Qq/.lake/build/lib/lean:/private/tmp/sorrydb_formalbook_v4_6_7/.lake/packages/aesop/.lake/build/lib/lean:/private/tmp/sorrydb_formalbook_v4_6_7/.lake/packages/proofwidgets/.lake/build/lib/lean:/private/tmp/sorrydb_formalbook_v4_6_7/.lake/packages/importGraph/.lake/build/lib/lean:/private/tmp/sorrydb_formalbook_v4_6_7/.lake/packages/LeanSearchClient/.lake/build/lib/lean:/private/tmp/sorrydb_formalbook_v4_6_7/.lake/packages/plausible/.lake/build/lib/lean:/private/tmp/sorrydb_formalbook_v4_6_7/.lake/packages/mathlib/.lake/build/lib/lean:/private/tmp/sorrydb_formalbook_v4_6_7/.lake/packages/checkdecls/.lake/build/lib/lean:/private/tmp/sorrydb_formalbook_v4_6_7/.lake/build/lib/lean /Users/heath/.elan/toolchains/leanprover--lean4---v4.27.0-rc1/bin/lean /private/tmp/sorrydb_formalbook_v4_6_7/FormalBook/Chapter_28.lean -o /private/tmp/sorrydb_formalbook_v4_6_7/.lake/build/lib/lean/FormalBook/Chapter_28.olean -i /private/tmp/sorrydb_formalbook_v4_6_7/.lake/build/lib/lean/FormalBook/Chapter_28.ilean -c /private/tmp/sorrydb_formalbook_v4_6_7/.lake/build/ir/FormalBook/Chapter_28.c --setup /private/tmp/sorrydb_formalbook_v4_6_7/.lake/build/ir/FormalBook/Chapter_28.setup.json --json
error: FormalBook/Chapter_28.lean:64:80: Unknown constant `SimpleGraph.card_filter_mem_of_mem_edgeFinset`
error: Lean exited with code 1
Some required targets logged failures:
- FormalBook.Chapter_28
--- stderr tail ---
error: build failed
====================================================================================================
{
  "variant": "v11_by_have_edge_mem_card",
  "module_build_returncode": 1,
  "module_build_seconds": 38.14,
  "module_has_error": true,
  "target_has_sorry_warning": false
}
--- stdout tail ---
✖ [3075/3075] Building FormalBook.Chapter_28 (33s)
trace: .> LEAN_PATH=/private/tmp/sorrydb_formalbook_v4_6_7/.lake/packages/Cli/.lake/build/lib/lean:/private/tmp/sorrydb_formalbook_v4_6_7/.lake/packages/batteries/.lake/build/lib/lean:/private/tmp/sorrydb_formalbook_v4_6_7/.lake/packages/Qq/.lake/build/lib/lean:/private/tmp/sorrydb_formalbook_v4_6_7/.lake/packages/aesop/.lake/build/lib/lean:/private/tmp/sorrydb_formalbook_v4_6_7/.lake/packages/proofwidgets/.lake/build/lib/lean:/private/tmp/sorrydb_formalbook_v4_6_7/.lake/packages/importGraph/.lake/build/lib/lean:/private/tmp/sorrydb_formalbook_v4_6_7/.lake/packages/LeanSearchClient/.lake/build/lib/lean:/private/tmp/sorrydb_formalbook_v4_6_7/.lake/packages/plausible/.lake/build/lib/lean:/private/tmp/sorrydb_formalbook_v4_6_7/.lake/packages/mathlib/.lake/build/lib/lean:/private/tmp/sorrydb_formalbook_v4_6_7/.lake/packages/checkdecls/.lake/build/lib/lean:/private/tmp/sorrydb_formalbook_v4_6_7/.lake/build/lib/lean /Users/heath/.elan/toolchains/leanprover--lean4---v4.27.0-rc1/bin/lean /private/tmp/sorrydb_formalbook_v4_6_7/FormalBook/Chapter_28.lean -o /private/tmp/sorrydb_formalbook_v4_6_7/.lake/build/lib/lean/FormalBook/Chapter_28.olean -i /private/tmp/sorrydb_formalbook_v4_6_7/.lake/build/lib/lean/FormalBook/Chapter_28.ilean -c /private/tmp/sorrydb_formalbook_v4_6_7/.lake/build/ir/FormalBook/Chapter_28.c --setup /private/tmp/sorrydb_formalbook_v4_6_7/.lake/build/ir/FormalBook/Chapter_28.setup.json --json
error: FormalBook/Chapter_28.lean:65:16: Unknown constant `SimpleGraph.card_filter_mem_of_mem_edgeFinset`
error: FormalBook/Chapter_28.lean:64:65: unsolved goals
α : Type u_1
inst✝² : Fintype α
inst✝¹ : DecidableEq α
G : SimpleGraph α
inst✝ : DecidableRel G.Adj
e : Sym2 α
he : e ∈ G.edgeFinset
⊢ #{v | v ∈ e} = 2
error: Lean exited with code 1
Some required targets logged failures:
- FormalBook.Chapter_28
--- stderr tail ---
error: build failed
====================================================================================================
{
  "variant": "v12_by_trace",
  "module_build_returncode": 0,
  "module_build_seconds": 53.54,
  "module_has_error": false,
  "target_has_sorry_warning": false
}
--- stdout tail ---
⚠ [3075/3075] Built FormalBook.Chapter_28 (49s)
info: FormalBook/Chapter_28.lean:65:6: α : Type u_1
inst✝² : Fintype α
inst✝¹ : DecidableEq α
G : SimpleGraph α
inst✝ : DecidableRel G.Adj
e : Sym2 α
he : e ∈ G.edgeFinset
⊢ #{v | v ∈ e} = 2
warning: FormalBook/Chapter_28.lean:58:6: declaration uses 'sorry'
Build completed successfully (3075 jobs).
--- stderr tail ---


SUMMARY
{
  "artifact": "official_formalbook_ch28_edgecard_patch003_v4_6_7",
  "source": "official SorryDB 1000 evaluation split",
  "sorrydb_id": "589ac7b645ccf7c434f7686051ee627a04704b3141a80debcd2d2ed4358562b3",
  "repo": "https://github.com/mo271/FormalBook",
  "commit": "865934361ca7005e0a874efb39f5809117052e85",
  "file": "FormalBook/Chapter_28.lean",
  "module": "FormalBook.Chapter_28",
  "line": 64,
  "goal": "e ∈ G.edgeFinset ⊢ {v | v ∈ e}.card = 2",
  "base_module_build_returncode": 0,
  "accepted": false,
  "accepted_variant": null,
  "status": "PATCH003_REJECTED_OR_DIAGNOSTIC",
  "results": [
    {
      "variant": "v01_by_simpa_using_he",
      "module_build_returncode": 1,
      "module_build_seconds": 35.12,
      "module_has_error": true,
      "target_has_sorry_warning": false
    },
    {
      "variant": "v02_by_simpa",
      "module_build_returncode": 1,
      "module_build_seconds": 33.34,
      "module_has_error": true,
      "target_has_sorry_warning": false
    },
    {
      "variant": "v03_by_exact_comment_lemma",
      "module_build_returncode": 1,
      "module_build_seconds": 34.34,
      "module_has_error": true,
      "target_has_sorry_warning": false
    },
    {
      "variant": "v04_by_simpa_comment_lemma",
      "module_build_returncode": 1,
      "module_build_seconds": 34.59,
      "module_has_error": true,
      "target_has_sorry_warning": false
    },
    {
      "variant": "v05_by_have_comment_lemma",
      "module_build_returncode": 1,
      "module_build_seconds": 37.66,
      "module_has_error": true,
      "target_has_sorry_warning": false
    },
    {
      "variant": "v06_by_convert_comment_lemma",
      "module_build_returncode": 1,
      "module_build_seconds": 36.8,
      "module_has_error": true,
      "target_has_sorry_warning": false
    },
    {
      "variant": "v07_by_aesop",
      "module_build_returncode": 1,
      "module_build_seconds": 39.46,
      "module_has_error": true,
      "target_has_sorry_warning": false
    },
    {
      "variant": "v08_by_simp_all",
      "module_build_returncode": 1,
      "module_build_seconds": 35.55,
      "module_has_error": true,
      "target_has_sorry_warning": false
    },
    {
      "variant": "v09_by_exact_edge_mem_card",
      "module_build_returncode": 1,
      "module_build_seconds": 36.92,
      "module_has_error": true,
      "target_has_sorry_warning": false
    },
    {
      "variant": "v10_by_simpa_edge_mem_card",
      "module_build_returncode": 1,
      "module_build_seconds": 34.89,
      "module_has_error": true,
      "target_has_sorry_warning": false
    },
    {
      "variant": "v11_by_have_edge_mem_card",
      "module_build_returncode": 1,
      "module_build_seconds": 38.14,
      "module_has_error": true,
      "target_has_sorry_warning": false
    },
    {
      "variant": "v12_by_trace",
      "module_build_returncode": 0,
      "module_build_seconds": 53.54,
      "module_has_error": false,
      "target_has_sorry_warning": false
    }
  ]
}
