====================================================================================================
{
  "variant": "v01_trace_original_goal",
  "module_returncode": 0,
  "module_seconds": 1.37,
  "module_has_error": false,
  "stratified_has_sorry_warning": true,
  "full_build_returncode": null,
  "full_build_seconds": null
}
--- stdout tail ---
⚠ [46/46] Built Lean4Lean.Experimental.Stratified (940ms)
info: Lean4Lean/Experimental/Stratified.lean:90:4: case constDF
env : VEnv
Γ : List VExpr
U : Nat
henv : env.Ordered
e1 e2 A : VExpr
defEq : List VExpr → VExpr → VExpr → VExpr → Prop
hasType : List VExpr → VExpr → VExpr → Prop
hty : ∀ {Γ : List VExpr} {e A : VExpr}, env.HasType1 U defEq Γ e A → hasType Γ e A
hdf : ∀ {Γ : List VExpr} {e1 e2 A : VExpr}, env.IsDefEq1 U hasType defEq Γ e1 e2 A → defEq Γ e1 e2 A
c✝ : Name
ci✝ : VConstant
ls₁ ls₂ : List VLevel
u : VLevel
Γ✝ : List VExpr
h1 : env.constants c✝ = some ci✝
h2 : ∀ (l : VLevel), l ∈ ls₁ → VLevel.WF U l
h3 : ∀ (l : VLevel), l ∈ ls₂ → VLevel.WF U l
h4 : ls₁.length = ci✝.uvars
h5 : List.Forall₂ (fun x1 x2 => x1 ≈ x2) ls₁ ls₂
a✝² : VLevel.WF U u
a✝¹ : env.IsDefEqStrong U [] (VExpr.instL ls₁ ci✝.type) (VExpr.instL ls₂ ci✝.type) (sort u)
a✝ : env.IsDefEqStrong U Γ✝ (VExpr.instL ls₁ ci✝.type) (VExpr.instL ls₂ ci✝.type) (sort u)
a_ih✝¹ :
  env.HasType1 U defEq [] (VExpr.instL ls₁ ci✝.type) (sort u) ∧
    env.HasType1 U defEq [] (VExpr.instL ls₂ ci✝.type) (sort u) ∧
      env.IsDefEq1 U hasType defEq [] (VExpr.instL ls₁ ci✝.type) (VExpr.instL ls₂ ci✝.type) (sort u)
a_ih✝ :
  env.HasType1 U defEq Γ✝ (VExpr.instL ls₁ ci✝.type) (sort u) ∧
    env.HasType1 U defEq Γ✝ (VExpr.instL ls₂ ci✝.type) (sort u) ∧
      env.IsDefEq1 U hasType defEq Γ✝ (VExpr.instL ls₁ ci✝.type) (VExpr.instL ls₂ ci✝.type) (sort u)
⊢ env.HasType1 U defEq Γ✝ (const c✝ ls₁) (VExpr.instL ls₁ ci✝.type) ∧
    env.HasType1 U defEq Γ✝ (const c✝ ls₂) (VExpr.instL ls₁ ci✝.type) ∧
      env.IsDefEq1 U hasType defEq Γ✝ (const c✝ ls₁) (const c✝ ls₂) (VExpr.instL ls₁ ci✝.type)
info: Lean4Lean/Experimental/Stratified.lean:92:35: env : VEnv
Γ : List VExpr
U : Nat
henv : env.Ordered
e1 e2 A : VExpr
defEq : List VExpr → VExpr → VExpr → VExpr → Prop
hasType : List VExpr → VExpr → VExpr → Prop
hty : ∀ {Γ : List VExpr} {e A : VExpr}, env.HasType1 U defEq Γ e A → hasType Γ e A
hdf : ∀ {Γ : List VExpr} {e1 e2 A : VExpr}, env.IsDefEq1 U hasType defEq Γ e1 e2 A → defEq Γ e1 e2 A
c✝ : Name
ci✝ : VConstant
ls₁ ls₂ : List VLevel
u : VLevel
Γ✝ : List VExpr
h1 : env.constants c✝ = some ci✝
h2 : ∀ (l : VLevel), l ∈ ls₁ → VLevel.WF U l
h3 : ∀ (l : VLevel), l ∈ ls₂ → VLevel.WF U l
h4 : ls₁.length = ci✝.uvars
h5 : List.Forall₂ (fun x1 x2 => x1 ≈ x2) ls₁ ls₂
a✝² : VLevel.WF U u
a✝¹ : env.IsDefEqStrong U [] (VExpr.instL ls₁ ci✝.type) (VExpr.instL ls₂ ci✝.type) (sort u)
a✝ : env.IsDefEqStrong U Γ✝ (VExpr.instL ls₁ ci✝.type) (VExpr.instL ls₂ ci✝.type) (sort u)
a_ih✝¹ :
  env.HasType1 U defEq [] (VExpr.instL ls₁ ci✝.type) (sort u) ∧
    env.HasType1 U defEq [] (VExpr.instL ls₂ ci✝.type) (sort u) ∧
      env.IsDefEq1 U hasType defEq [] (VExpr.instL ls₁ ci✝.type) (VExpr.instL ls₂ ci✝.type) (sort u)
a_ih✝ :
  env.HasType1 U defEq Γ✝ (VExpr.instL ls₁ ci✝.type) (sort u) ∧
    env.HasType1 U defEq Γ✝ (VExpr.instL ls₂ ci✝.type) (sort u) ∧
      env.IsDefEq1 U hasType defEq Γ✝ (VExpr.instL ls₁ ci✝.type) (VExpr.instL ls₂ ci✝.type) (sort u)
⊢ defEq Γ✝ (VExpr.instL ls₂ ci✝.type) (VExpr.instL ls₁ ci✝.type) (sort (VLevel.inst ls₁ u))
warning: Lean4Lean/Experimental/Stratified.lean:75:8: declaration uses `sorry`
Build completed successfully (46 jobs).
--- stderr tail ---

====================================================================================================
{
  "variant": "v02_bind_like_untyped_use_ih_symm",
  "module_returncode": 1,
  "module_seconds": 1.02,
  "module_has_error": true,
  "stratified_has_sorry_warning": false,
  "full_build_returncode": null,
  "full_build_seconds": null
}
--- stdout tail ---
✖ [46/46] Building Lean4Lean.Experimental.Stratified (860ms)
trace: .> LEAN_PATH=/private/tmp/sorrydb_lean4lean_stratified_v4_5_13/.lake/packages/batteries/.lake/build/lib/lean:/private/tmp/sorrydb_lean4lean_stratified_v4_5_13/.lake/build/lib/lean /Users/heath/.elan/toolchains/leanprover--lean4---v4.29.0/bin/lean /private/tmp/sorrydb_lean4lean_stratified_v4_5_13/Lean4Lean/Experimental/Stratified.lean -o /private/tmp/sorrydb_lean4lean_stratified_v4_5_13/.lake/build/lib/lean/Lean4Lean/Experimental/Stratified.olean -i /private/tmp/sorrydb_lean4lean_stratified_v4_5_13/.lake/build/lib/lean/Lean4Lean/Experimental/Stratified.ilean -c /private/tmp/sorrydb_lean4lean_stratified_v4_5_13/.lake/build/ir/Lean4Lean/Experimental/Stratified.c --setup /private/tmp/sorrydb_lean4lean_stratified_v4_5_13/.lake/build/ir/Lean4Lean/Experimental/Stratified.setup.json --json
error: Lean4Lean/Experimental/Stratified.lean:91:45: Application type mismatch: The argument
  ih.right.right
has type
  env.IsDefEq1 U hasType defEq Γ✝ (VExpr.instL ls₁ ci✝.type) (VExpr.instL ls₂ ci✝.type) (sort u)
but is expected to have type
  env.IsDefEq1 U hasType defEq Γ✝ (VExpr.instL ls₁ ci✝.type) (VExpr.instL ls₂ ci✝.type) (sort (VLevel.inst ls₁ u))
in the application
  IsDefEq1.symm ih.right.right
error: Lean exited with code 1
Some required targets logged failures:
- Lean4Lean.Experimental.Stratified
--- stderr tail ---
error: build failed
====================================================================================================
{
  "variant": "v03_bind_like_untyped_use_IsDefEq1_symm",
  "module_returncode": 1,
  "module_seconds": 1.02,
  "module_has_error": true,
  "stratified_has_sorry_warning": false,
  "full_build_returncode": null,
  "full_build_seconds": null
}
--- stdout tail ---
✖ [46/46] Building Lean4Lean.Experimental.Stratified (852ms)
trace: .> LEAN_PATH=/private/tmp/sorrydb_lean4lean_stratified_v4_5_13/.lake/packages/batteries/.lake/build/lib/lean:/private/tmp/sorrydb_lean4lean_stratified_v4_5_13/.lake/build/lib/lean /Users/heath/.elan/toolchains/leanprover--lean4---v4.29.0/bin/lean /private/tmp/sorrydb_lean4lean_stratified_v4_5_13/Lean4Lean/Experimental/Stratified.lean -o /private/tmp/sorrydb_lean4lean_stratified_v4_5_13/.lake/build/lib/lean/Lean4Lean/Experimental/Stratified.olean -i /private/tmp/sorrydb_lean4lean_stratified_v4_5_13/.lake/build/lib/lean/Lean4Lean/Experimental/Stratified.ilean -c /private/tmp/sorrydb_lean4lean_stratified_v4_5_13/.lake/build/ir/Lean4Lean/Experimental/Stratified.c --setup /private/tmp/sorrydb_lean4lean_stratified_v4_5_13/.lake/build/ir/Lean4Lean/Experimental/Stratified.setup.json --json
error: Lean4Lean/Experimental/Stratified.lean:91:53: Application type mismatch: The argument
  ih.right.right
has type
  env.IsDefEq1 U hasType defEq Γ✝ (VExpr.instL ls₁ ci✝.type) (VExpr.instL ls₂ ci✝.type) (sort u)
but is expected to have type
  env.IsDefEq1 U hasType defEq Γ✝ (VExpr.instL ls₁ ci✝.type) (VExpr.instL ls₂ ci✝.type) (sort (VLevel.inst ls₁ u))
in the application
  IsDefEq1.symm ih.right.right
error: Lean exited with code 1
Some required targets logged failures:
- Lean4Lean.Experimental.Stratified
--- stderr tail ---
error: build failed
====================================================================================================
{
  "variant": "v04_bind_like_untyped_refine",
  "module_returncode": 1,
  "module_seconds": 1.09,
  "module_has_error": true,
  "stratified_has_sorry_warning": false,
  "full_build_returncode": null,
  "full_build_seconds": null
}
--- stdout tail ---
✖ [46/46] Building Lean4Lean.Experimental.Stratified (903ms)
trace: .> LEAN_PATH=/private/tmp/sorrydb_lean4lean_stratified_v4_5_13/.lake/packages/batteries/.lake/build/lib/lean:/private/tmp/sorrydb_lean4lean_stratified_v4_5_13/.lake/build/lib/lean /Users/heath/.elan/toolchains/leanprover--lean4---v4.29.0/bin/lean /private/tmp/sorrydb_lean4lean_stratified_v4_5_13/Lean4Lean/Experimental/Stratified.lean -o /private/tmp/sorrydb_lean4lean_stratified_v4_5_13/.lake/build/lib/lean/Lean4Lean/Experimental/Stratified.olean -i /private/tmp/sorrydb_lean4lean_stratified_v4_5_13/.lake/build/lib/lean/Lean4Lean/Experimental/Stratified.ilean -c /private/tmp/sorrydb_lean4lean_stratified_v4_5_13/.lake/build/ir/Lean4Lean/Experimental/Stratified.c --setup /private/tmp/sorrydb_lean4lean_stratified_v4_5_13/.lake/build/ir/Lean4Lean/Experimental/Stratified.setup.json --json
error: Lean4Lean/Experimental/Stratified.lean:91:23: Application type mismatch: The argument
  ih.right.right
has type
  env.IsDefEq1 U hasType defEq Γ✝ (VExpr.instL ls₁ ci✝.type) (VExpr.instL ls₂ ci✝.type) (sort u)
but is expected to have type
  env.IsDefEq1 U hasType defEq Γ✝ (VExpr.instL ls₁ ci✝.type) (VExpr.instL ls₂ ci✝.type) (sort (VLevel.inst ls₁ u))
in the application
  IsDefEq1.symm ih.right.right
error: Lean exited with code 1
Some required targets logged failures:
- Lean4Lean.Experimental.Stratified
--- stderr tail ---
error: build failed
====================================================================================================
{
  "variant": "v05_bind_like_untyped_trace",
  "module_returncode": 0,
  "module_seconds": 1.07,
  "module_has_error": false,
  "stratified_has_sorry_warning": true,
  "full_build_returncode": null,
  "full_build_seconds": null
}
--- stdout tail ---
⚠ [46/46] Built Lean4Lean.Experimental.Stratified (859ms)
info: Lean4Lean/Experimental/Stratified.lean:90:4: case constDF
env : VEnv
Γ : List VExpr
U : Nat
henv : env.Ordered
e1 e2 A : VExpr
defEq : List VExpr → VExpr → VExpr → VExpr → Prop
hasType : List VExpr → VExpr → VExpr → Prop
hty : ∀ {Γ : List VExpr} {e A : VExpr}, env.HasType1 U defEq Γ e A → hasType Γ e A
hdf : ∀ {Γ : List VExpr} {e1 e2 A : VExpr}, env.IsDefEq1 U hasType defEq Γ e1 e2 A → defEq Γ e1 e2 A
c✝ : Name
ci✝ : VConstant
ls₁ ls₂ : List VLevel
u : VLevel
Γ✝ : List VExpr
h1 : env.constants c✝ = some ci✝
h2 : ∀ (l : VLevel), l ∈ ls₁ → VLevel.WF U l
h3 : ∀ (l : VLevel), l ∈ ls₂ → VLevel.WF U l
h4 : ls₁.length = ci✝.uvars
h5 : List.Forall₂ (fun x1 x2 => x1 ≈ x2) ls₁ ls₂
hwf : VLevel.WF U u
hstrong0 : env.IsDefEqStrong U [] (VExpr.instL ls₁ ci✝.type) (VExpr.instL ls₂ ci✝.type) (sort u)
hstrong : env.IsDefEqStrong U Γ✝ (VExpr.instL ls₁ ci✝.type) (VExpr.instL ls₂ ci✝.type) (sort u)
ih0 :
  env.HasType1 U defEq [] (VExpr.instL ls₁ ci✝.type) (sort u) ∧
    env.HasType1 U defEq [] (VExpr.instL ls₂ ci✝.type) (sort u) ∧
      env.IsDefEq1 U hasType defEq [] (VExpr.instL ls₁ ci✝.type) (VExpr.instL ls₂ ci✝.type) (sort u)
ih :
  env.HasType1 U defEq Γ✝ (VExpr.instL ls₁ ci✝.type) (sort u) ∧
    env.HasType1 U defEq Γ✝ (VExpr.instL ls₂ ci✝.type) (sort u) ∧
      env.IsDefEq1 U hasType defEq Γ✝ (VExpr.instL ls₁ ci✝.type) (VExpr.instL ls₂ ci✝.type) (sort u)
⊢ env.HasType1 U defEq Γ✝ (const c✝ ls₁) (VExpr.instL ls₁ ci✝.type) ∧
    env.HasType1 U defEq Γ✝ (const c✝ ls₂) (VExpr.instL ls₁ ci✝.type) ∧
      env.IsDefEq1 U hasType defEq Γ✝ (const c✝ ls₁) (const c✝ ls₂) (VExpr.instL ls₁ ci✝.type)
info: Lean4Lean/Experimental/Stratified.lean:92:35: env : VEnv
Γ : List VExpr
U : Nat
henv : env.Ordered
e1 e2 A : VExpr
defEq : List VExpr → VExpr → VExpr → VExpr → Prop
hasType : List VExpr → VExpr → VExpr → Prop
hty : ∀ {Γ : List VExpr} {e A : VExpr}, env.HasType1 U defEq Γ e A → hasType Γ e A
hdf : ∀ {Γ : List VExpr} {e1 e2 A : VExpr}, env.IsDefEq1 U hasType defEq Γ e1 e2 A → defEq Γ e1 e2 A
c✝ : Name
ci✝ : VConstant
ls₁ ls₂ : List VLevel
u : VLevel
Γ✝ : List VExpr
h1 : env.constants c✝ = some ci✝
h2 : ∀ (l : VLevel), l ∈ ls₁ → VLevel.WF U l
h3 : ∀ (l : VLevel), l ∈ ls₂ → VLevel.WF U l
h4 : ls₁.length = ci✝.uvars
h5 : List.Forall₂ (fun x1 x2 => x1 ≈ x2) ls₁ ls₂
hwf : VLevel.WF U u
hstrong0 : env.IsDefEqStrong U [] (VExpr.instL ls₁ ci✝.type) (VExpr.instL ls₂ ci✝.type) (sort u)
hstrong : env.IsDefEqStrong U Γ✝ (VExpr.instL ls₁ ci✝.type) (VExpr.instL ls₂ ci✝.type) (sort u)
ih0 :
  env.HasType1 U defEq [] (VExpr.instL ls₁ ci✝.type) (sort u) ∧
    env.HasType1 U defEq [] (VExpr.instL ls₂ ci✝.type) (sort u) ∧
      env.IsDefEq1 U hasType defEq [] (VExpr.instL ls₁ ci✝.type) (VExpr.instL ls₂ ci✝.type) (sort u)
ih :
  env.HasType1 U defEq Γ✝ (VExpr.instL ls₁ ci✝.type) (sort u) ∧
    env.HasType1 U defEq Γ✝ (VExpr.instL ls₂ ci✝.type) (sort u) ∧
      env.IsDefEq1 U hasType defEq Γ✝ (VExpr.instL ls₁ ci✝.type) (VExpr.instL ls₂ ci✝.type) (sort u)
⊢ defEq Γ✝ (VExpr.instL ls₂ ci✝.type) (VExpr.instL ls₁ ci✝.type) (sort (VLevel.inst ls₁ u))
warning: Lean4Lean/Experimental/Stratified.lean:75:8: declaration uses `sorry`
Build completed successfully (46 jobs).
--- stderr tail ---

====================================================================================================
{
  "variant": "v06_bind_short_after_h5_trace",
  "module_returncode": 0,
  "module_seconds": 1.02,
  "module_has_error": false,
  "stratified_has_sorry_warning": true,
  "full_build_returncode": null,
  "full_build_seconds": null
}
--- stdout tail ---
⚠ [46/46] Built Lean4Lean.Experimental.Stratified (897ms)
info: Lean4Lean/Experimental/Stratified.lean:90:4: case constDF
env : VEnv
Γ : List VExpr
U : Nat
henv : env.Ordered
e1 e2 A : VExpr
defEq : List VExpr → VExpr → VExpr → VExpr → Prop
hasType : List VExpr → VExpr → VExpr → Prop
hty : ∀ {Γ : List VExpr} {e A : VExpr}, env.HasType1 U defEq Γ e A → hasType Γ e A
hdf : ∀ {Γ : List VExpr} {e1 e2 A : VExpr}, env.IsDefEq1 U hasType defEq Γ e1 e2 A → defEq Γ e1 e2 A
c✝ : Name
ci✝ : VConstant
ls₁ ls₂ : List VLevel
u : VLevel
Γ✝ : List VExpr
h1 : env.constants c✝ = some ci✝
h2 : ∀ (l : VLevel), l ∈ ls₁ → VLevel.WF U l
h3 : ∀ (l : VLevel), l ∈ ls₂ → VLevel.WF U l
h4 : ls₁.length = ci✝.uvars
h5 : List.Forall₂ (fun x1 x2 => x1 ≈ x2) ls₁ ls₂
ih0 : VLevel.WF U u
ih : env.IsDefEqStrong U [] (VExpr.instL ls₁ ci✝.type) (VExpr.instL ls₂ ci✝.type) (sort u)
a✝ : env.IsDefEqStrong U Γ✝ (VExpr.instL ls₁ ci✝.type) (VExpr.instL ls₂ ci✝.type) (sort u)
a_ih✝¹ :
  env.HasType1 U defEq [] (VExpr.instL ls₁ ci✝.type) (sort u) ∧
    env.HasType1 U defEq [] (VExpr.instL ls₂ ci✝.type) (sort u) ∧
      env.IsDefEq1 U hasType defEq [] (VExpr.instL ls₁ ci✝.type) (VExpr.instL ls₂ ci✝.type) (sort u)
a_ih✝ :
  env.HasType1 U defEq Γ✝ (VExpr.instL ls₁ ci✝.type) (sort u) ∧
    env.HasType1 U defEq Γ✝ (VExpr.instL ls₂ ci✝.type) (sort u) ∧
      env.IsDefEq1 U hasType defEq Γ✝ (VExpr.instL ls₁ ci✝.type) (VExpr.instL ls₂ ci✝.type) (sort u)
⊢ env.HasType1 U defEq Γ✝ (const c✝ ls₁) (VExpr.instL ls₁ ci✝.type) ∧
    env.HasType1 U defEq Γ✝ (const c✝ ls₂) (VExpr.instL ls₁ ci✝.type) ∧
      env.IsDefEq1 U hasType defEq Γ✝ (const c✝ ls₁) (const c✝ ls₂) (VExpr.instL ls₁ ci✝.type)
info: Lean4Lean/Experimental/Stratified.lean:92:35: env : VEnv
Γ : List VExpr
U : Nat
henv : env.Ordered
e1 e2 A : VExpr
defEq : List VExpr → VExpr → VExpr → VExpr → Prop
hasType : List VExpr → VExpr → VExpr → Prop
hty : ∀ {Γ : List VExpr} {e A : VExpr}, env.HasType1 U defEq Γ e A → hasType Γ e A
hdf : ∀ {Γ : List VExpr} {e1 e2 A : VExpr}, env.IsDefEq1 U hasType defEq Γ e1 e2 A → defEq Γ e1 e2 A
c✝ : Name
ci✝ : VConstant
ls₁ ls₂ : List VLevel
u : VLevel
Γ✝ : List VExpr
h1 : env.constants c✝ = some ci✝
h2 : ∀ (l : VLevel), l ∈ ls₁ → VLevel.WF U l
h3 : ∀ (l : VLevel), l ∈ ls₂ → VLevel.WF U l
h4 : ls₁.length = ci✝.uvars
h5 : List.Forall₂ (fun x1 x2 => x1 ≈ x2) ls₁ ls₂
ih0 : VLevel.WF U u
ih : env.IsDefEqStrong U [] (VExpr.instL ls₁ ci✝.type) (VExpr.instL ls₂ ci✝.type) (sort u)
a✝ : env.IsDefEqStrong U Γ✝ (VExpr.instL ls₁ ci✝.type) (VExpr.instL ls₂ ci✝.type) (sort u)
a_ih✝¹ :
  env.HasType1 U defEq [] (VExpr.instL ls₁ ci✝.type) (sort u) ∧
    env.HasType1 U defEq [] (VExpr.instL ls₂ ci✝.type) (sort u) ∧
      env.IsDefEq1 U hasType defEq [] (VExpr.instL ls₁ ci✝.type) (VExpr.instL ls₂ ci✝.type) (sort u)
a_ih✝ :
  env.HasType1 U defEq Γ✝ (VExpr.instL ls₁ ci✝.type) (sort u) ∧
    env.HasType1 U defEq Γ✝ (VExpr.instL ls₂ ci✝.type) (sort u) ∧
      env.IsDefEq1 U hasType defEq Γ✝ (VExpr.instL ls₁ ci✝.type) (VExpr.instL ls₂ ci✝.type) (sort u)
⊢ defEq Γ✝ (VExpr.instL ls₂ ci✝.type) (VExpr.instL ls₁ ci✝.type) (sort (VLevel.inst ls₁ u))
warning: Lean4Lean/Experimental/Stratified.lean:75:8: declaration uses `sorry`
Build completed successfully (46 jobs).
--- stderr tail ---

====================================================================================================
{
  "variant": "v07_bind_like_untyped_destructure",
  "module_returncode": 1,
  "module_seconds": 1.02,
  "module_has_error": true,
  "stratified_has_sorry_warning": false,
  "full_build_returncode": null,
  "full_build_seconds": null
}
--- stdout tail ---
✖ [46/46] Building Lean4Lean.Experimental.Stratified (842ms)
trace: .> LEAN_PATH=/private/tmp/sorrydb_lean4lean_stratified_v4_5_13/.lake/packages/batteries/.lake/build/lib/lean:/private/tmp/sorrydb_lean4lean_stratified_v4_5_13/.lake/build/lib/lean /Users/heath/.elan/toolchains/leanprover--lean4---v4.29.0/bin/lean /private/tmp/sorrydb_lean4lean_stratified_v4_5_13/Lean4Lean/Experimental/Stratified.lean -o /private/tmp/sorrydb_lean4lean_stratified_v4_5_13/.lake/build/lib/lean/Lean4Lean/Experimental/Stratified.olean -i /private/tmp/sorrydb_lean4lean_stratified_v4_5_13/.lake/build/lib/lean/Lean4Lean/Experimental/Stratified.ilean -c /private/tmp/sorrydb_lean4lean_stratified_v4_5_13/.lake/build/ir/Lean4Lean/Experimental/Stratified.c --setup /private/tmp/sorrydb_lean4lean_stratified_v4_5_13/.lake/build/ir/Lean4Lean/Experimental/Stratified.setup.json --json
error: Lean4Lean/Experimental/Stratified.lean:92:45: Application type mismatch: The argument
  hd
has type
  env.IsDefEq1 U hasType defEq Γ✝ (VExpr.instL ls₁ ci✝.type) (VExpr.instL ls₂ ci✝.type) (sort u)
but is expected to have type
  env.IsDefEq1 U hasType defEq Γ✝ (VExpr.instL ls₁ ci✝.type) (VExpr.instL ls₂ ci✝.type) (sort (VLevel.inst ls₁ u))
in the application
  IsDefEq1.symm hd
error: Lean exited with code 1
Some required targets logged failures:
- Lean4Lean.Experimental.Stratified
--- stderr tail ---
error: build failed

SUMMARY
{
  "artifact": "lean4lean_stratified_constDF_patch001_v4_5_13",
  "repo": "digama0/lean4lean",
  "commit": "97addd51fac964f45c595ec2c21b1b60ff0a2cc8",
  "file": "Lean4Lean/Experimental/Stratified.lean",
  "theorem": "IsDefEq.induction1",
  "target_line": 91,
  "base_module_build_returncode": 0,
  "accepted_variant": null,
  "accepted": false,
  "status": "PATCH001_REJECTED_OR_DIAGNOSTIC",
  "hypothesis": "Transfer the accepted StratifiedUntyped constDF repair to Stratified.lean: bind recursive IHs in the constDF case and use the \u0393-level IH reversed via hdf.",
  "results": [
    {
      "variant": "v01_trace_original_goal",
      "module_returncode": 0,
      "module_seconds": 1.37,
      "module_has_error": false,
      "stratified_has_sorry_warning": true,
      "full_build_returncode": null,
      "full_build_seconds": null
    },
    {
      "variant": "v02_bind_like_untyped_use_ih_symm",
      "module_returncode": 1,
      "module_seconds": 1.02,
      "module_has_error": true,
      "stratified_has_sorry_warning": false,
      "full_build_returncode": null,
      "full_build_seconds": null
    },
    {
      "variant": "v03_bind_like_untyped_use_IsDefEq1_symm",
      "module_returncode": 1,
      "module_seconds": 1.02,
      "module_has_error": true,
      "stratified_has_sorry_warning": false,
      "full_build_returncode": null,
      "full_build_seconds": null
    },
    {
      "variant": "v04_bind_like_untyped_refine",
      "module_returncode": 1,
      "module_seconds": 1.09,
      "module_has_error": true,
      "stratified_has_sorry_warning": false,
      "full_build_returncode": null,
      "full_build_seconds": null
    },
    {
      "variant": "v05_bind_like_untyped_trace",
      "module_returncode": 0,
      "module_seconds": 1.07,
      "module_has_error": false,
      "stratified_has_sorry_warning": true,
      "full_build_returncode": null,
      "full_build_seconds": null
    },
    {
      "variant": "v06_bind_short_after_h5_trace",
      "module_returncode": 0,
      "module_seconds": 1.02,
      "module_has_error": false,
      "stratified_has_sorry_warning": true,
      "full_build_returncode": null,
      "full_build_seconds": null
    },
    {
      "variant": "v07_bind_like_untyped_destructure",
      "module_returncode": 1,
      "module_seconds": 1.02,
      "module_has_error": true,
      "stratified_has_sorry_warning": false,
      "full_build_returncode": null,
      "full_build_seconds": null
    }
  ]
}
