====================================================================================================
{
  "variant": "v01_rw_List_Disjoint_direct",
  "returncode": 1,
  "seconds": 49.12,
  "build_completed": false,
  "has_error": true,
  "has_warning": false,
  "remaining_sorry_warning": false,
  "error_lines": [
    "error: equational_theories/Definability/Law46.lean:32:8: `simp` made no progress",
    "error: equational_theories/Definability/Law46.lean:33:20: failed to synthesize instance of type class",
    "error: equational_theories/Definability/Law46.lean:36:22: Application type mismatch: The argument",
    "error: Lean exited with code 1",
    "error: build failed"
  ]
}
--- stdout tail ---
✔ [982/989] Built equational_theories.EquationalResult (11s)
✔ [983/989] Built equational_theories.Equations.Eqns4000_4694 (14s)
✔ [984/989] Built equational_theories.Equations.Eqns3000_3999 (15s)
✔ [985/989] Built equational_theories.Equations.Eqns1_999 (15s)
✔ [986/989] Built equational_theories.Equations.Eqns1000_1999 (15s)
✔ [987/989] Built equational_theories.Equations.Eqns2000_2999 (15s)
✔ [988/989] Built equational_theories.Equations.All (4.3s)
✖ [989/989] Building equational_theories.Definability.Law46 (2.8s)
trace: .> LEAN_PATH=/private/tmp/sorrydb_law46_patch003_v4_4_63/.lake/packages/Cli/.lake/build/lib/lean:/private/tmp/sorrydb_law46_patch003_v4_4_63/.lake/packages/batteries/.lake/build/lib/lean:/private/tmp/sorrydb_law46_patch003_v4_4_63/.lake/packages/Qq/.lake/build/lib/lean:/private/tmp/sorrydb_law46_patch003_v4_4_63/.lake/packages/aesop/.lake/build/lib/lean:/private/tmp/sorrydb_law46_patch003_v4_4_63/.lake/packages/proofwidgets/.lake/build/lib/lean:/private/tmp/sorrydb_law46_patch003_v4_4_63/.lake/packages/importGraph/.lake/build/lib/lean:/private/tmp/sorrydb_law46_patch003_v4_4_63/.lake/packages/LeanSearchClient/.lake/build/lib/lean:/private/tmp/sorrydb_law46_patch003_v4_4_63/.lake/packages/plausible/.lake/build/lib/lean:/private/tmp/sorrydb_law46_patch003_v4_4_63/.lake/packages/mathlib/.lake/build/lib/lean:/private/tmp/sorrydb_law46_patch003_v4_4_63/.lake/packages/checkdecls/.lake/build/lib/lean:/private/tmp/sorrydb_law46_patch003_v4_4_63/.lake/build/lib/lean /Users/heath/.elan/toolchains/leanprover--lean4---v4.29.1/bin/lean --tstack=262144 /private/tmp/sorrydb_law46_patch003_v4_4_63/equational_theories/Definability/Law46.lean -o /private/tmp/sorrydb_law46_patch003_v4_4_63/.lake/build/lib/lean/equational_theories/Definability/Law46.olean -i /private/tmp/sorrydb_law46_patch003_v4_4_63/.lake/build/lib/lean/equational_theories/Definability/Law46.ilean -c /private/tmp/sorrydb_law46_patch003_v4_4_63/.lake/build/ir/equational_theories/Definability/Law46.c --setup /private/tmp/sorrydb_law46_patch003_v4_4_63/.lake/build/ir/equational_theories/Definability/Law46.setup.json --json
error: equational_theories/Definability/Law46.lean:32:8: `simp` made no progress
error: equational_theories/Definability/Law46.lean:33:20: failed to synthesize instance of type class
  Membership ℕ { l // l.Nodup ∧ ∀ (a : ℕ), a ∈ l ↔ FreeMagma.Mem a L.rhs }

Hint: Type class instance resolution failures can be inspected with the `set_option trace.Meta.synthInstance true` command.
error: equational_theories/Definability/Law46.lean:36:22: Application type mismatch: The argument
  x
has type
  ℕ
of sort `Type` but is expected to have type
  ?m.191 ∈ ↑L.lhs.elems
of sort `Prop` in the application
  hDisjoint x
error: Lean exited with code 1
Some required targets logged failures:
- equational_theories.Definability.Law46
--- stderr tail ---
error: build failed
====================================================================================================
{
  "variant": "v02_disjoint_direct_without_rw",
  "returncode": 1,
  "seconds": 5.96,
  "build_completed": false,
  "has_error": true,
  "has_warning": false,
  "remaining_sorry_warning": false,
  "error_lines": [
    "error: equational_theories/Definability/Law46.lean:31:8: `simp` made no progress",
    "error: equational_theories/Definability/Law46.lean:32:20: failed to synthesize instance of type class",
    "error: Lean exited with code 1",
    "error: build failed"
  ]
}
--- stdout tail ---
✖ [989/989] Building equational_theories.Definability.Law46 (3.8s)
trace: .> LEAN_PATH=/private/tmp/sorrydb_law46_patch003_v4_4_63/.lake/packages/Cli/.lake/build/lib/lean:/private/tmp/sorrydb_law46_patch003_v4_4_63/.lake/packages/batteries/.lake/build/lib/lean:/private/tmp/sorrydb_law46_patch003_v4_4_63/.lake/packages/Qq/.lake/build/lib/lean:/private/tmp/sorrydb_law46_patch003_v4_4_63/.lake/packages/aesop/.lake/build/lib/lean:/private/tmp/sorrydb_law46_patch003_v4_4_63/.lake/packages/proofwidgets/.lake/build/lib/lean:/private/tmp/sorrydb_law46_patch003_v4_4_63/.lake/packages/importGraph/.lake/build/lib/lean:/private/tmp/sorrydb_law46_patch003_v4_4_63/.lake/packages/LeanSearchClient/.lake/build/lib/lean:/private/tmp/sorrydb_law46_patch003_v4_4_63/.lake/packages/plausible/.lake/build/lib/lean:/private/tmp/sorrydb_law46_patch003_v4_4_63/.lake/packages/mathlib/.lake/build/lib/lean:/private/tmp/sorrydb_law46_patch003_v4_4_63/.lake/packages/checkdecls/.lake/build/lib/lean:/private/tmp/sorrydb_law46_patch003_v4_4_63/.lake/build/lib/lean /Users/heath/.elan/toolchains/leanprover--lean4---v4.29.1/bin/lean --tstack=262144 /private/tmp/sorrydb_law46_patch003_v4_4_63/equational_theories/Definability/Law46.lean -o /private/tmp/sorrydb_law46_patch003_v4_4_63/.lake/build/lib/lean/equational_theories/Definability/Law46.olean -i /private/tmp/sorrydb_law46_patch003_v4_4_63/.lake/build/lib/lean/equational_theories/Definability/Law46.ilean -c /private/tmp/sorrydb_law46_patch003_v4_4_63/.lake/build/ir/equational_theories/Definability/Law46.c --setup /private/tmp/sorrydb_law46_patch003_v4_4_63/.lake/build/ir/equational_theories/Definability/Law46.setup.json --json
error: equational_theories/Definability/Law46.lean:31:8: `simp` made no progress
error: equational_theories/Definability/Law46.lean:32:20: failed to synthesize instance of type class
  Membership ℕ { l // l.Nodup ∧ ∀ (a : ℕ), a ∈ l ↔ FreeMagma.Mem a L.rhs }

Hint: Type class instance resolution failures can be inspected with the `set_option trace.Meta.synthInstance true` command.
error: Lean exited with code 1
Some required targets logged failures:
- equational_theories.Definability.Law46
--- stderr tail ---
error: build failed
====================================================================================================
{
  "variant": "v03_simp_at_hDisjoint",
  "returncode": 1,
  "seconds": 3.83,
  "build_completed": false,
  "has_error": true,
  "has_warning": true,
  "remaining_sorry_warning": false,
  "error_lines": [
    "error: equational_theories/Definability/Law46.lean:27:24: unsolved goals",
    "error: Lean exited with code 1",
    "error: build failed"
  ]
}
--- stdout tail ---
✖ [989/989] Building equational_theories.Definability.Law46 (2.2s)
trace: .> LEAN_PATH=/private/tmp/sorrydb_law46_patch003_v4_4_63/.lake/packages/Cli/.lake/build/lib/lean:/private/tmp/sorrydb_law46_patch003_v4_4_63/.lake/packages/batteries/.lake/build/lib/lean:/private/tmp/sorrydb_law46_patch003_v4_4_63/.lake/packages/Qq/.lake/build/lib/lean:/private/tmp/sorrydb_law46_patch003_v4_4_63/.lake/packages/aesop/.lake/build/lib/lean:/private/tmp/sorrydb_law46_patch003_v4_4_63/.lake/packages/proofwidgets/.lake/build/lib/lean:/private/tmp/sorrydb_law46_patch003_v4_4_63/.lake/packages/importGraph/.lake/build/lib/lean:/private/tmp/sorrydb_law46_patch003_v4_4_63/.lake/packages/LeanSearchClient/.lake/build/lib/lean:/private/tmp/sorrydb_law46_patch003_v4_4_63/.lake/packages/plausible/.lake/build/lib/lean:/private/tmp/sorrydb_law46_patch003_v4_4_63/.lake/packages/mathlib/.lake/build/lib/lean:/private/tmp/sorrydb_law46_patch003_v4_4_63/.lake/packages/checkdecls/.lake/build/lib/lean:/private/tmp/sorrydb_law46_patch003_v4_4_63/.lake/build/lib/lean /Users/heath/.elan/toolchains/leanprover--lean4---v4.29.1/bin/lean --tstack=262144 /private/tmp/sorrydb_law46_patch003_v4_4_63/equational_theories/Definability/Law46.lean -o /private/tmp/sorrydb_law46_patch003_v4_4_63/.lake/build/lib/lean/equational_theories/Definability/Law46.olean -i /private/tmp/sorrydb_law46_patch003_v4_4_63/.lake/build/lib/lean/equational_theories/Definability/Law46.ilean -c /private/tmp/sorrydb_law46_patch003_v4_4_63/.lake/build/ir/equational_theories/Definability/Law46.c --setup /private/tmp/sorrydb_law46_patch003_v4_4_63/.lake/build/ir/equational_theories/Definability/Law46.setup.json --json
error: equational_theories/Definability/Law46.lean:27:24: unsolved goals
L : NatMagmaLaw
hShape : (L.lhs ⬝ fun x ↦ Lf 0) = L.rhs ⬝ fun x ↦ Lf 0
x : ℕ
hlhs : L.lhs = Lf x
y : ℕ
hy : L.rhs = Lf y
hxy : x = y
hDisjoint : ∀ ⦃a : ℕ⦄, a ∈ ↑(Lf x).elems → a ∉ ↑(Lf y).elems
⊢ False
warning: equational_theories/Definability/Law46.lean:30:27: This simp argument is unused:
  hxy

Hint: Omit it from the simp argument list.
  simp [List.Disjoint,̵ ̵h̵x̵y̵] at hDisjoint

Note: This linter can be disabled with `set_option linter.unusedSimpArgs false`
error: Lean exited with code 1
Some required targets logged failures:
- equational_theories.Definability.Law46
--- stderr tail ---
error: build failed
====================================================================================================
{
  "variant": "v04_simpa_List_Disjoint",
  "returncode": 1,
  "seconds": 3.36,
  "build_completed": false,
  "has_error": true,
  "has_warning": false,
  "remaining_sorry_warning": false,
  "error_lines": [
    "error: equational_theories/Definability/Law46.lean:30:6: Type mismatch: After simplification, term",
    "error: Lean exited with code 1",
    "error: build failed"
  ]
}
--- stdout tail ---
✖ [989/989] Building equational_theories.Definability.Law46 (1.7s)
trace: .> LEAN_PATH=/private/tmp/sorrydb_law46_patch003_v4_4_63/.lake/packages/Cli/.lake/build/lib/lean:/private/tmp/sorrydb_law46_patch003_v4_4_63/.lake/packages/batteries/.lake/build/lib/lean:/private/tmp/sorrydb_law46_patch003_v4_4_63/.lake/packages/Qq/.lake/build/lib/lean:/private/tmp/sorrydb_law46_patch003_v4_4_63/.lake/packages/aesop/.lake/build/lib/lean:/private/tmp/sorrydb_law46_patch003_v4_4_63/.lake/packages/proofwidgets/.lake/build/lib/lean:/private/tmp/sorrydb_law46_patch003_v4_4_63/.lake/packages/importGraph/.lake/build/lib/lean:/private/tmp/sorrydb_law46_patch003_v4_4_63/.lake/packages/LeanSearchClient/.lake/build/lib/lean:/private/tmp/sorrydb_law46_patch003_v4_4_63/.lake/packages/plausible/.lake/build/lib/lean:/private/tmp/sorrydb_law46_patch003_v4_4_63/.lake/packages/mathlib/.lake/build/lib/lean:/private/tmp/sorrydb_law46_patch003_v4_4_63/.lake/packages/checkdecls/.lake/build/lib/lean:/private/tmp/sorrydb_law46_patch003_v4_4_63/.lake/build/lib/lean /Users/heath/.elan/toolchains/leanprover--lean4---v4.29.1/bin/lean --tstack=262144 /private/tmp/sorrydb_law46_patch003_v4_4_63/equational_theories/Definability/Law46.lean -o /private/tmp/sorrydb_law46_patch003_v4_4_63/.lake/build/lib/lean/equational_theories/Definability/Law46.olean -i /private/tmp/sorrydb_law46_patch003_v4_4_63/.lake/build/lib/lean/equational_theories/Definability/Law46.ilean -c /private/tmp/sorrydb_law46_patch003_v4_4_63/.lake/build/ir/equational_theories/Definability/Law46.c --setup /private/tmp/sorrydb_law46_patch003_v4_4_63/.lake/build/ir/equational_theories/Definability/Law46.setup.json --json
error: equational_theories/Definability/Law46.lean:30:6: Type mismatch: After simplification, term
  hDisjoint
 has type
  ∀ ⦃a : ℕ⦄, a ∈ ↑(Lf x).elems → a ∉ ↑(Lf y).elems
but is expected to have type
  False
error: Lean exited with code 1
Some required targets logged failures:
- equational_theories.Definability.Law46
--- stderr tail ---
error: build failed
====================================================================================================
{
  "variant": "v05_not_disjoint_singletons",
  "returncode": 1,
  "seconds": 2.88,
  "build_completed": false,
  "has_error": true,
  "has_warning": false,
  "remaining_sorry_warning": false,
  "error_lines": [
    "error: equational_theories/Definability/Law46.lean:33:22: Application type mismatch: The argument",
    "error: Lean exited with code 1",
    "error: build failed"
  ]
}
--- stdout tail ---
✖ [989/989] Building equational_theories.Definability.Law46 (1.4s)
trace: .> LEAN_PATH=/private/tmp/sorrydb_law46_patch003_v4_4_63/.lake/packages/Cli/.lake/build/lib/lean:/private/tmp/sorrydb_law46_patch003_v4_4_63/.lake/packages/batteries/.lake/build/lib/lean:/private/tmp/sorrydb_law46_patch003_v4_4_63/.lake/packages/Qq/.lake/build/lib/lean:/private/tmp/sorrydb_law46_patch003_v4_4_63/.lake/packages/aesop/.lake/build/lib/lean:/private/tmp/sorrydb_law46_patch003_v4_4_63/.lake/packages/proofwidgets/.lake/build/lib/lean:/private/tmp/sorrydb_law46_patch003_v4_4_63/.lake/packages/importGraph/.lake/build/lib/lean:/private/tmp/sorrydb_law46_patch003_v4_4_63/.lake/packages/LeanSearchClient/.lake/build/lib/lean:/private/tmp/sorrydb_law46_patch003_v4_4_63/.lake/packages/plausible/.lake/build/lib/lean:/private/tmp/sorrydb_law46_patch003_v4_4_63/.lake/packages/mathlib/.lake/build/lib/lean:/private/tmp/sorrydb_law46_patch003_v4_4_63/.lake/packages/checkdecls/.lake/build/lib/lean:/private/tmp/sorrydb_law46_patch003_v4_4_63/.lake/build/lib/lean /Users/heath/.elan/toolchains/leanprover--lean4---v4.29.1/bin/lean --tstack=262144 /private/tmp/sorrydb_law46_patch003_v4_4_63/equational_theories/Definability/Law46.lean -o /private/tmp/sorrydb_law46_patch003_v4_4_63/.lake/build/lib/lean/equational_theories/Definability/Law46.olean -i /private/tmp/sorrydb_law46_patch003_v4_4_63/.lake/build/lib/lean/equational_theories/Definability/Law46.ilean -c /private/tmp/sorrydb_law46_patch003_v4_4_63/.lake/build/ir/equational_theories/Definability/Law46.c --setup /private/tmp/sorrydb_law46_patch003_v4_4_63/.lake/build/ir/equational_theories/Definability/Law46.setup.json --json
error: equational_theories/Definability/Law46.lean:33:22: Application type mismatch: The argument
  x
has type
  ℕ
of sort `Type` but is expected to have type
  ?m.200 ∈ ↑(Lf x).elems
of sort `Prop` in the application
  hDisjoint x
error: Lean exited with code 1
Some required targets logged failures:
- equational_theories.Definability.Law46
--- stderr tail ---
error: build failed
====================================================================================================
{
  "variant": "v06_contradiction_after_simp",
  "returncode": 1,
  "seconds": 4.13,
  "build_completed": false,
  "has_error": true,
  "has_warning": false,
  "remaining_sorry_warning": false,
  "error_lines": [
    "error: equational_theories/Definability/Law46.lean:31:22: Application type mismatch: The argument",
    "error: Lean exited with code 1",
    "error: build failed"
  ]
}
--- stdout tail ---
✖ [989/989] Building equational_theories.Definability.Law46 (2.6s)
trace: .> LEAN_PATH=/private/tmp/sorrydb_law46_patch003_v4_4_63/.lake/packages/Cli/.lake/build/lib/lean:/private/tmp/sorrydb_law46_patch003_v4_4_63/.lake/packages/batteries/.lake/build/lib/lean:/private/tmp/sorrydb_law46_patch003_v4_4_63/.lake/packages/Qq/.lake/build/lib/lean:/private/tmp/sorrydb_law46_patch003_v4_4_63/.lake/packages/aesop/.lake/build/lib/lean:/private/tmp/sorrydb_law46_patch003_v4_4_63/.lake/packages/proofwidgets/.lake/build/lib/lean:/private/tmp/sorrydb_law46_patch003_v4_4_63/.lake/packages/importGraph/.lake/build/lib/lean:/private/tmp/sorrydb_law46_patch003_v4_4_63/.lake/packages/LeanSearchClient/.lake/build/lib/lean:/private/tmp/sorrydb_law46_patch003_v4_4_63/.lake/packages/plausible/.lake/build/lib/lean:/private/tmp/sorrydb_law46_patch003_v4_4_63/.lake/packages/mathlib/.lake/build/lib/lean:/private/tmp/sorrydb_law46_patch003_v4_4_63/.lake/packages/checkdecls/.lake/build/lib/lean:/private/tmp/sorrydb_law46_patch003_v4_4_63/.lake/build/lib/lean /Users/heath/.elan/toolchains/leanprover--lean4---v4.29.1/bin/lean --tstack=262144 /private/tmp/sorrydb_law46_patch003_v4_4_63/equational_theories/Definability/Law46.lean -o /private/tmp/sorrydb_law46_patch003_v4_4_63/.lake/build/lib/lean/equational_theories/Definability/Law46.olean -i /private/tmp/sorrydb_law46_patch003_v4_4_63/.lake/build/lib/lean/equational_theories/Definability/Law46.ilean -c /private/tmp/sorrydb_law46_patch003_v4_4_63/.lake/build/ir/equational_theories/Definability/Law46.c --setup /private/tmp/sorrydb_law46_patch003_v4_4_63/.lake/build/ir/equational_theories/Definability/Law46.setup.json --json
error: equational_theories/Definability/Law46.lean:31:22: Application type mismatch: The argument
  hxy
has type
  x = y
but is expected to have type
  ?m.178 ∈ ↑(Lf x).elems
in the application
  hDisjoint hxy
error: Lean exited with code 1
Some required targets logged failures:
- equational_theories.Definability.Law46
--- stderr tail ---
error: build failed

SUMMARY
{
  "artifact": "law46_patch003_hxy_disjoint_v4_4_63",
  "repo": "teorth/equational_theories",
  "commit": "b1cc1756202d7f44e07bd4069b5df16901a36938",
  "file": "equational_theories/Definability/Law46.lean",
  "patch002_carried_forward": true,
  "target_sorry": "have hxy : x \u2260 y := sorry",
  "accepted_variant": null,
  "accepted": false,
  "results": [
    {
      "variant": "v01_rw_List_Disjoint_direct",
      "returncode": 1,
      "seconds": 49.12,
      "build_completed": false,
      "has_error": true,
      "has_warning": false,
      "remaining_sorry_warning": false,
      "error_lines": [
        "error: equational_theories/Definability/Law46.lean:32:8: `simp` made no progress",
        "error: equational_theories/Definability/Law46.lean:33:20: failed to synthesize instance of type class",
        "error: equational_theories/Definability/Law46.lean:36:22: Application type mismatch: The argument",
        "error: Lean exited with code 1",
        "error: build failed"
      ]
    },
    {
      "variant": "v02_disjoint_direct_without_rw",
      "returncode": 1,
      "seconds": 5.96,
      "build_completed": false,
      "has_error": true,
      "has_warning": false,
      "remaining_sorry_warning": false,
      "error_lines": [
        "error: equational_theories/Definability/Law46.lean:31:8: `simp` made no progress",
        "error: equational_theories/Definability/Law46.lean:32:20: failed to synthesize instance of type class",
        "error: Lean exited with code 1",
        "error: build failed"
      ]
    },
    {
      "variant": "v03_simp_at_hDisjoint",
      "returncode": 1,
      "seconds": 3.83,
      "build_completed": false,
      "has_error": true,
      "has_warning": true,
      "remaining_sorry_warning": false,
      "error_lines": [
        "error: equational_theories/Definability/Law46.lean:27:24: unsolved goals",
        "error: Lean exited with code 1",
        "error: build failed"
      ]
    },
    {
      "variant": "v04_simpa_List_Disjoint",
      "returncode": 1,
      "seconds": 3.36,
      "build_completed": false,
      "has_error": true,
      "has_warning": false,
      "remaining_sorry_warning": false,
      "error_lines": [
        "error: equational_theories/Definability/Law46.lean:30:6: Type mismatch: After simplification, term",
        "error: Lean exited with code 1",
        "error: build failed"
      ]
    },
    {
      "variant": "v05_not_disjoint_singletons",
      "returncode": 1,
      "seconds": 2.88,
      "build_completed": false,
      "has_error": true,
      "has_warning": false,
      "remaining_sorry_warning": false,
      "error_lines": [
        "error: equational_theories/Definability/Law46.lean:33:22: Application type mismatch: The argument",
        "error: Lean exited with code 1",
        "error: build failed"
      ]
    },
    {
      "variant": "v06_contradiction_after_simp",
      "returncode": 1,
      "seconds": 4.13,
      "build_completed": false,
      "has_error": true,
      "has_warning": false,
      "remaining_sorry_warning": false,
      "error_lines": [
        "error: equational_theories/Definability/Law46.lean:31:22: Application type mismatch: The argument",
        "error: Lean exited with code 1",
        "error: build failed"
      ]
    }
  ]
}
