Cloning into '/Users/heath/Documents/mathgraph-lean-work/external/djvelleman__HTPILeanPackage'...
Updating files:   7% (2/28)
Updating files:  10% (3/28)
Updating files:  14% (4/28)
Updating files:  17% (5/28)
Updating files:  21% (6/28)
Updating files:  25% (7/28)
Updating files:  28% (8/28)
Updating files:  32% (9/28)
Updating files:  35% (10/28)
Updating files:  39% (11/28)
Updating files:  42% (12/28)
Updating files:  46% (13/28)
Updating files:  50% (14/28)
Updating files:  53% (15/28)
Updating files:  57% (16/28)
Updating files:  60% (17/28)
Updating files:  64% (18/28)
Updating files:  67% (19/28)
Updating files:  71% (20/28)
Updating files:  75% (21/28)
Updating files:  78% (22/28)
Updating files:  82% (23/28)
Updating files:  85% (24/28)
Updating files:  89% (25/28)
Updating files:  92% (26/28)
Updating files:  96% (27/28)
Updating files: 100% (28/28)
Updating files: 100% (28/28), done.
