Cloning into '/Users/heath/Documents/mathgraph-lean-work/external/Verified-zkEVM__ArkLib'...
Updating files:   0% (2/448)
Updating files:   1% (5/448)
Updating files:   2% (9/448)
Updating files:   3% (14/448)
Updating files:   4% (18/448)
Updating files:   5% (23/448)
Updating files:   6% (27/448)
Updating files:   7% (32/448)
Updating files:   8% (36/448)
Updating files:   9% (41/448)
Updating files:  10% (45/448)
Updating files:  11% (50/448)
Updating files:  12% (54/448)
Updating files:  13% (59/448)
Updating files:  14% (63/448)
Updating files:  15% (68/448)
Updating files:  16% (72/448)
Updating files:  17% (77/448)
Updating files:  18% (81/448)
Updating files:  19% (86/448)
Updating files:  20% (90/448)
Updating files:  21% (95/448)
Updating files:  22% (99/448)
Updating files:  23% (104/448)
Updating files:  24% (108/448)
Updating files:  25% (112/448)
Updating files:  26% (117/448)
Updating files:  27% (121/448)
Updating files:  28% (126/448)
Updating files:  29% (130/448)
Updating files:  30% (135/448)
Updating files:  31% (139/448)
Updating files:  32% (144/448)
Updating files:  33% (148/448)
Updating files:  34% (153/448)
Updating files:  35% (157/448)
Updating files:  36% (162/448)
Updating files:  37% (166/448)
Updating files:  38% (171/448)
Updating files:  39% (175/448)
Updating files:  40% (180/448)
Updating files:  41% (184/448)
Updating files:  42% (189/448)
Updating files:  43% (193/448)
Updating files:  44% (198/448)
Updating files:  45% (202/448)
Updating files:  46% (207/448)
Updating files:  47% (211/448)
Updating files:  48% (216/448)
Updating files:  49% (220/448)
Updating files:  50% (224/448)
Updating files:  51% (229/448)
Updating files:  52% (233/448)
Updating files:  53% (238/448)
Updating files:  54% (242/448)
Updating files:  55% (247/448)
Updating files:  56% (251/448)
Updating files:  57% (256/448)
Updating files:  58% (260/448)
Updating files:  59% (265/448)
Updating files:  60% (269/448)
Updating files:  61% (274/448)
Updating files:  62% (278/448)
Updating files:  63% (283/448)
Updating files:  64% (287/448)
Updating files:  65% (292/448)
Updating files:  66% (296/448)
Updating files:  67% (301/448)
Updating files:  68% (305/448)
Updating files:  69% (310/448)
Updating files:  70% (314/448)
Updating files:  71% (319/448)
Updating files:  72% (323/448)
Updating files:  73% (328/448)
Updating files:  74% (332/448)
Updating files:  75% (336/448)
Updating files:  76% (341/448)
Updating files:  77% (345/448)
Updating files:  78% (350/448)
Updating files:  79% (354/448)
Updating files:  80% (359/448)
Updating files:  81% (363/448)
Updating files:  82% (368/448)
Updating files:  83% (372/448)
Updating files:  84% (377/448)
Updating files:  85% (381/448)
Updating files:  86% (386/448)
Updating files:  87% (390/448)
Updating files:  88% (395/448)
Updating files:  89% (399/448)
Updating files:  90% (404/448)
Updating files:  91% (408/448)
Updating files:  92% (413/448)
Updating files:  93% (417/448)
Updating files:  94% (422/448)
Updating files:  95% (426/448)
Updating files:  96% (431/448)
Updating files:  97% (435/448)
Updating files:  98% (440/448)
Updating files:  99% (444/448)
Updating files: 100% (448/448)
Updating files: 100% (448/448), done.
