Cloning into '/Users/heath/Documents/mathgraph-lean-work/external/Beneficial-AI-Foundation__vericoding-benchmark'...
Updating files:   0% (2/16006)
Updating files:   0% (156/16006)
Updating files:   1% (161/16006)
Updating files:   2% (321/16006)
Updating files:   3% (481/16006)
Updating files:   4% (641/16006)
Updating files:   5% (801/16006)
Updating files:   6% (961/16006)
Updating files:   7% (1121/16006)
Updating files:   8% (1281/16006)
Updating files:   9% (1441/16006)
Updating files:  10% (1601/16006)
Updating files:  11% (1761/16006)
Updating files:  12% (1921/16006)
Updating files:  13% (2081/16006)
Updating files:  14% (2241/16006)
Updating files:  15% (2401/16006)
Updating files:  16% (2561/16006)
Updating files:  17% (2722/16006)
Updating files:  18% (2882/16006)
Updating files:  19% (3042/16006)
Updating files:  20% (3202/16006)
Updating files:  21% (3362/16006)
Updating files:  22% (3522/16006)
Updating files:  23% (3682/16006)
Updating files:  24% (3842/16006)
Updating files:  25% (4002/16006)
Updating files:  26% (4162/16006)
Updating files:  27% (4322/16006)
Updating files:  28% (4482/16006)
Updating files:  29% (4642/16006)
Updating files:  30% (4802/16006)
Updating files:  31% (4962/16006)
Updating files:  32% (5122/16006)
Updating files:  33% (5282/16006)
Updating files:  34% (5443/16006)
Updating files:  35% (5603/16006)
Updating files:  36% (5763/16006)
Updating files:  37% (5923/16006)
Updating files:  38% (6083/16006)
Updating files:  39% (6243/16006)
Updating files:  40% (6403/16006)
Updating files:  41% (6563/16006)
Updating files:  42% (6723/16006)
Updating files:  43% (6883/16006)
Updating files:  44% (7043/16006)
Updating files:  45% (7203/16006)
Updating files:  46% (7363/16006)
Updating files:  47% (7523/16006)
Updating files:  48% (7683/16006)
Updating files:  49% (7843/16006)
Updating files:  50% (8003/16006)
Updating files:  51% (8164/16006)
Updating files:  52% (8324/16006)
Updating files:  53% (8484/16006)
Updating files:  54% (8644/16006)
Updating files:  55% (8804/16006)
Updating files:  56% (8964/16006)
Updating files:  57% (9124/16006)
Updating files:  58% (9284/16006)
Updating files:  59% (9444/16006)
Updating files:  60% (9604/16006)
Updating files:  61% (9764/16006)
Updating files:  62% (9924/16006)
Updating files:  63% (10084/16006)
Updating files:  64% (10244/16006)
Updating files:  65% (10404/16006)
Updating files:  66% (10564/16006)
Updating files:  67% (10725/16006)
Updating files:  68% (10885/16006)
Updating files:  69% (11045/16006)
Updating files:  70% (11205/16006)
Updating files:  71% (11365/16006)
Updating files:  72% (11525/16006)
Updating files:  73% (11685/16006)
Updating files:  74% (11845/16006)
Updating files:  75% (12005/16006)
Updating files:  76% (12165/16006)
Updating files:  77% (12325/16006)
Updating files:  78% (12485/16006)
Updating files:  79% (12645/16006)
Updating files:  80% (12805/16006)
Updating files:  81% (12965/16006)
Updating files:  82% (13125/16006)
Updating files:  83% (13285/16006)
Updating files:  83% (13342/16006)
Updating files:  84% (13446/16006)
Updating files:  85% (13606/16006)
Updating files:  86% (13766/16006)
Updating files:  87% (13926/16006)
Updating files:  88% (14086/16006)
Updating files:  89% (14246/16006)
Updating files:  90% (14406/16006)
Updating files:  91% (14566/16006)
Updating files:  92% (14726/16006)
Updating files:  93% (14886/16006)
Updating files:  94% (15046/16006)
Updating files:  95% (15206/16006)
Updating files:  96% (15366/16006)
Updating files:  97% (15526/16006)
Updating files:  98% (15686/16006)
Updating files:  99% (15846/16006)
Updating files: 100% (16006/16006)
Updating files: 100% (16006/16006), done.
