Cloning into '/Users/heath/Documents/mathgraph-lean-work/external/Beneficial-AI-Foundation__FloatSpec'...
Updating files:   1% (2/153)
Updating files:   2% (4/153)
Updating files:   3% (5/153)
Updating files:   4% (7/153)
Updating files:   5% (8/153)
Updating files:   6% (10/153)
Updating files:   7% (11/153)
Updating files:   8% (13/153)
Updating files:   9% (14/153)
Updating files:  10% (16/153)
Updating files:  11% (17/153)
Updating files:  12% (19/153)
Updating files:  13% (20/153)
Updating files:  14% (22/153)
Updating files:  15% (23/153)
Updating files:  16% (25/153)
Updating files:  17% (27/153)
Updating files:  18% (28/153)
Updating files:  19% (30/153)
Updating files:  20% (31/153)
Updating files:  21% (33/153)
Updating files:  22% (34/153)
Updating files:  23% (36/153)
Updating files:  24% (37/153)
Updating files:  25% (39/153)
Updating files:  26% (40/153)
Updating files:  27% (42/153)
Updating files:  28% (43/153)
Updating files:  29% (45/153)
Updating files:  30% (46/153)
Updating files:  31% (48/153)
Updating files:  32% (49/153)
Updating files:  33% (51/153)
Updating files:  34% (53/153)
Updating files:  35% (54/153)
Updating files:  36% (56/153)
Updating files:  37% (57/153)
Updating files:  38% (59/153)
Updating files:  39% (60/153)
Updating files:  40% (62/153)
Updating files:  41% (63/153)
Updating files:  42% (65/153)
Updating files:  43% (66/153)
Updating files:  44% (68/153)
Updating files:  45% (69/153)
Updating files:  46% (71/153)
Updating files:  47% (72/153)
Updating files:  48% (74/153)
Updating files:  49% (75/153)
Updating files:  50% (77/153)
Updating files:  51% (79/153)
Updating files:  52% (80/153)
Updating files:  53% (82/153)
Updating files:  54% (83/153)
Updating files:  55% (85/153)
Updating files:  56% (86/153)
Updating files:  57% (88/153)
Updating files:  58% (89/153)
Updating files:  59% (91/153)
Updating files:  60% (92/153)
Updating files:  61% (94/153)
Updating files:  62% (95/153)
Updating files:  63% (97/153)
Updating files:  64% (98/153)
Updating files:  65% (100/153)
Updating files:  66% (101/153)
Updating files:  67% (103/153)
Updating files:  68% (105/153)
Updating files:  69% (106/153)
Updating files:  70% (108/153)
Updating files:  71% (109/153)
Updating files:  72% (111/153)
Updating files:  73% (112/153)
Updating files:  74% (114/153)
Updating files:  75% (115/153)
Updating files:  76% (117/153)
Updating files:  77% (118/153)
Updating files:  78% (120/153)
Updating files:  79% (121/153)
Updating files:  80% (123/153)
Updating files:  81% (124/153)
Updating files:  82% (126/153)
Updating files:  83% (127/153)
Updating files:  84% (129/153)
Updating files:  85% (131/153)
Updating files:  86% (132/153)
Updating files:  87% (134/153)
Updating files:  88% (135/153)
Updating files:  89% (137/153)
Updating files:  90% (138/153)
Updating files:  91% (140/153)
Updating files:  92% (141/153)
Updating files:  93% (143/153)
Updating files:  94% (144/153)
Updating files:  95% (146/153)
Updating files:  96% (147/153)
Updating files:  97% (149/153)
Updating files:  98% (150/153)
Updating files:  99% (152/153)
Updating files: 100% (153/153)
Updating files: 100% (153/153), done.
