Cloning into '/Users/heath/Documents/mathgraph-lean-work/external/ByteDance-Seed__Seed-Prover'...
Updating files:   0% (2/579)
Updating files:   1% (6/579)
Updating files:   2% (12/579)
Updating files:   3% (18/579)
Updating files:   4% (24/579)
Updating files:   5% (29/579)
Updating files:   6% (35/579)
Updating files:   7% (41/579)
Updating files:   8% (47/579)
Updating files:   9% (53/579)
Updating files:  10% (58/579)
Updating files:  11% (64/579)
Updating files:  12% (70/579)
Updating files:  13% (76/579)
Updating files:  14% (82/579)
Updating files:  15% (87/579)
Updating files:  16% (93/579)
Updating files:  17% (99/579)
Updating files:  18% (105/579)
Updating files:  19% (111/579)
Updating files:  20% (116/579)
Updating files:  21% (122/579)
Updating files:  22% (128/579)
Updating files:  23% (134/579)
Updating files:  24% (139/579)
Updating files:  25% (145/579)
Updating files:  26% (151/579)
Updating files:  27% (157/579)
Updating files:  28% (163/579)
Updating files:  29% (168/579)
Updating files:  30% (174/579)
Updating files:  31% (180/579)
Updating files:  32% (186/579)
Updating files:  33% (192/579)
Updating files:  34% (197/579)
Updating files:  35% (203/579)
Updating files:  36% (209/579)
Updating files:  37% (215/579)
Updating files:  38% (221/579)
Updating files:  39% (226/579)
Updating files:  40% (232/579)
Updating files:  41% (238/579)
Updating files:  42% (244/579)
Updating files:  43% (249/579)
Updating files:  44% (255/579)
Updating files:  45% (261/579)
Updating files:  46% (267/579)
Updating files:  47% (273/579)
Updating files:  48% (278/579)
Updating files:  49% (284/579)
Updating files:  50% (290/579)
Updating files:  51% (296/579)
Updating files:  52% (302/579)
Updating files:  53% (307/579)
Updating files:  54% (313/579)
Updating files:  55% (319/579)
Updating files:  56% (325/579)
Updating files:  57% (331/579)
Updating files:  58% (336/579)
Updating files:  59% (342/579)
Updating files:  60% (348/579)
Updating files:  61% (354/579)
Updating files:  62% (359/579)
Updating files:  63% (365/579)
Updating files:  64% (371/579)
Updating files:  65% (377/579)
Updating files:  66% (383/579)
Updating files:  67% (388/579)
Updating files:  68% (394/579)
Updating files:  69% (400/579)
Updating files:  70% (406/579)
Updating files:  71% (412/579)
Updating files:  72% (417/579)
Updating files:  73% (423/579)
Updating files:  74% (429/579)
Updating files:  75% (435/579)
Updating files:  76% (441/579)
Updating files:  77% (446/579)
Updating files:  78% (452/579)
Updating files:  79% (458/579)
Updating files:  80% (464/579)
Updating files:  81% (469/579)
Updating files:  82% (475/579)
Updating files:  83% (481/579)
Updating files:  84% (487/579)
Updating files:  85% (493/579)
Updating files:  86% (498/579)
Updating files:  87% (504/579)
Updating files:  88% (510/579)
Updating files:  89% (516/579)
Updating files:  90% (522/579)
Updating files:  91% (527/579)
Updating files:  92% (533/579)
Updating files:  93% (539/579)
Updating files:  94% (545/579)
Updating files:  95% (551/579)
Updating files:  96% (556/579)
Updating files:  97% (562/579)
Updating files:  98% (568/579)
Updating files:  99% (574/579)
Updating files: 100% (579/579)
Updating files: 100% (579/579), done.
