Cloning into '/Users/heath/Documents/mathgraph-lean-work/external/Beneficial-AI-Foundation__deductive-vericoding'...
Updating files:   5% (2/36)
Updating files:   8% (3/36)
Updating files:  11% (4/36)
Updating files:  13% (5/36)
Updating files:  16% (6/36)
Updating files:  19% (7/36)
Updating files:  22% (8/36)
Updating files:  25% (9/36)
Updating files:  27% (10/36)
Updating files:  30% (11/36)
Updating files:  33% (12/36)
Updating files:  36% (13/36)
Updating files:  38% (14/36)
Updating files:  41% (15/36)
Updating files:  44% (16/36)
Updating files:  47% (17/36)
Updating files:  50% (18/36)
Updating files:  52% (19/36)
Updating files:  55% (20/36)
Updating files:  58% (21/36)
Updating files:  61% (22/36)
Updating files:  63% (23/36)
Updating files:  66% (24/36)
Updating files:  69% (25/36)
Updating files:  72% (26/36)
Updating files:  75% (27/36)
Updating files:  77% (28/36)
Updating files:  80% (29/36)
Updating files:  83% (30/36)
Updating files:  86% (31/36)
Updating files:  88% (32/36)
Updating files:  91% (33/36)
Updating files:  94% (34/36)
Updating files:  97% (35/36)
Updating files: 100% (36/36)
Updating files: 100% (36/36), done.
