✔ [2/57] Built Lean4Lean.Declaration (604ms)
✔ [3/57] Built Lean4Lean.List (585ms)
✔ [4/57] Built Lean4Lean.LocalContext (612ms)
✔ [5/57] Built Lean4Lean.PtrEq (602ms)
✔ [13/57] Built Lean4Lean.Instantiate (646ms)
✔ [14/57] Built Lean4Lean.ForEachExprV (652ms)
✔ [15/57] Built Lean4Lean.Expr (773ms)
✔ [16/57] Built Lean4Lean.Declaration:c.o (548ms)
✔ [17/57] Built Lean4Lean.List:c.o (548ms)
✔ [18/57] Built Batteries.Util.Panic:c.o (69ms)
✔ [19/57] Built Batteries.Tactic.OpenPrivate (1.3s)
✔ [20/57] Built Lean4Lean.PtrEq:c.o (82ms)
✔ [22/57] Built Batteries.Data.UnionFind.Basic:c.o (342ms)
✔ [23/57] Built Lean4Lean.LocalContext:c.o (71ms)
✔ [24/57] Built Lean4Lean.Instantiate:c.o (120ms)
✔ [25/57] Built Batteries.Tactic.SeqFocus:c.o (893ms)
✔ [26/57] Built Lean4Lean.ForEachExprV:c.o (161ms)
✔ [27/57] Built Batteries.Tactic.Lint.Basic:c.o (1.3s)
✔ [28/93] Built Lean4Lean.Expr:c.o (413ms)
✔ [29/93] Built Batteries.CodeAction.Deprecated:c.o (871ms)
✔ [58/111] Built Lean4Lean.EquivManager (2.1s)
✔ [59/111] Built Batteries.Tactic.Lint.Misc:c.o (2.1s)
✔ [62/111] Built Batteries.Lean.Expr (662ms)
✔ [64/111] Built Lean4Lean.Std.Control (248ms)
✔ [65/111] Built Batteries.Tactic.OpenPrivate:c.o (1.4s)
✔ [67/111] Built Lean4Lean.EquivManager:c.o (622ms)
✔ [71/111] Built Lean4Lean.Environment.Basic (1.3s)
✔ [72/111] Built Batteries.Data.List.Basic:c.o (2.0s)
✔ [73/111] Built Lean4Lean.Environment.Basic:c.o (628ms)
✔ [74/115] Built Lean4Lean.Std.ToExpr (1.4s)
✔ [75/115] Built Batteries.Tactic.Alias:c.o (3.2s)
✔ [76/116] Built Lean4Lean.Theory.VDecl (1.5s)
✔ [77/116] Built Lean4Lean.Inductive.Reduce (962ms)
✔ [78/116] Built Lean4Lean.Theory.Typing.Meta (1.7s)
✔ [79/116] Built Lean4Lean.Quot (1.4s)
✔ [80/118] Built Lean4Lean.Std.NodupKeys (1.0s)
✔ [81/118] Built Batteries.Data.String.Basic (490ms)
✔ [82/118] Built Lean4Lean.Inductive.Reduce:c.o (696ms)
✔ [83/134] Built Lean4Lean.Quot:c.o (439ms)
✔ [84/134] Built Lean4Lean.Theory.Typing.Pattern (2.0s)
⚠ [86/147] Built Lean4Lean.Theory.Inductive (1.4s)
warning: Lean4Lean/Theory/Inductive.lean:5:4: declaration uses `sorry`
warning: Lean4Lean/Theory/Inductive.lean:7:4: declaration uses `sorry`
✔ [87/147] Built Lean4Lean.Verify.NameGenerator (1.8s)
✔ [88/147] Built Batteries.Tactic.Unreachable (520ms)
✔ [89/147] Built Batteries.Lean.TagAttribute (367ms)
✔ [90/147] Built Batteries.Lean.AttributeExtra (397ms)
✔ [91/147] Built Batteries.Linter.UnreachableTactic (891ms)
✔ [92/147] Built Batteries.Data.String.Legacy (1.2s)
✔ [93/147] Built Batteries.Data.UnionFind.Lemmas (1.0s)
✔ [94/147] Built Lean4Lean.Theory.Meta (1.9s)
✔ [95/147] Built Lean4Lean.Verify.Axioms (2.0s)
✔ [96/147] Built Lean4Lean.Level (7.1s)
✔ [97/147] Built Batteries.Linter.UnnecessarySeqFocus (969ms)
✔ [98/147] Built Lean4Lean.Std.HashMap (1.6s)
✔ [99/147] Built Batteries.Linter (384ms)
✔ [100/147] Built Lean4Lean.Std.PersistentHashMap (570ms)
✔ [101/147] Built Lean4Lean.Theory.Quot (921ms)
✔ [102/147] Built Batteries.Tactic.Basic (386ms)
✔ [103/147] Built Lean4Lean.Level:c.o (1.3s)
✔ [104/147] Built Lean4Lean.Theory.Typing.Env (1.0s)
✔ [105/147] Built Batteries.Classes.Order (714ms)
✔ [106/147] Built Lean4Lean.Std.SMap (1.2s)
⚠ [107/147] Built Lean4Lean.Theory.Typing.InductiveLemmas (986ms)
warning: Lean4Lean/Theory/Typing/InductiveLemmas.lean:8:8: declaration uses `sorry`
✔ [108/147] Built Lean4Lean.Theory.Typing.QuotLemmas (1.9s)
✔ [109/147] Built Lean4Lean.Theory.Typing.EnvLemmas (997ms)
✔ [110/147] Built Lean4Lean.TypeChecker (5.0s)
✔ [111/147] Built Batteries.Data.String.Lemmas (3.6s)
⚠ [112/147] Built Lean4Lean.Theory.Typing.Injectivity (1.2s)
warning: Lean4Lean/Theory/Typing/Injectivity.lean:11:8: declaration uses `sorry`
warning: Lean4Lean/Theory/Typing/Injectivity.lean:14:8: declaration uses `sorry`
warning: Lean4Lean/Theory/Typing/Injectivity.lean:33:8: declaration uses `sorry`
⚠ [113/147] Built Lean4Lean.Theory.Typing.UniqueTyping (2.6s)
warning: Lean4Lean/Theory/Typing/UniqueTyping.lean:172:8: declaration uses `sorry`
✔ [114/147] Built Lean4Lean.Inductive.Add (4.9s)
✔ [115/147] Built Lean4Lean.TypeChecker:c.o (6.3s)
✔ [116/147] Built Lean4Lean.Primitive (6.5s)
⚠ [117/147] Built Lean4Lean.Verify.Level (12s)
warning: Lean4Lean/Verify/Level.lean:543:8: declaration uses `sorry`
⚠ [118/147] Built Lean4Lean.Theory.Typing.ChurchRosser (6.1s)
warning: Lean4Lean/Theory/Typing/ChurchRosser.lean:1176:8: declaration uses `sorry`
✔ [119/147] Built Lean4Lean.Environment (2.8s)
✔ [120/147] Built Lean4Lean.Inductive.Add:c.o (4.6s)
✔ [121/147] Built Lean4Lean.Environment:c.o (480ms)
✔ [122/147] Built Lean4Lean (951ms)
✔ [124/147] Built Lean4Lean.Primitive:c.o (3.7s)
✔ [125/147] Built Main (2.0s)
✔ [126/147] Built Lean4Lean.Theory.Typing.HeadReduction (2.6s)
✔ [127/147] Built Main:c.o (1.0s)
✔ [128/147] Built Lean4Lean.Theory (671ms)
✔ [130/147] Built lean4lean:exe (2.0s)
✔ [131/147] Built Lean4Lean.Verify.Expr (11s)
✔ [132/147] Built Lean4Lean.Verify.VLCtx (2.4s)
⚠ [133/147] Built Lean4Lean.Verify.Typing.Expr (784ms)
warning: Lean4Lean/Verify/Typing/Expr.lean:67:4: declaration uses `sorry`
⚠ [134/147] Built Lean4Lean.Verify.Typing.Lemmas (5.6s)
warning: Lean4Lean/Verify/Typing/Lemmas.lean:557:8: declaration uses `sorry`
warning: Lean4Lean/Verify/Typing/Lemmas.lean:638:8: declaration uses `sorry`
warning: Lean4Lean/Verify/Typing/Lemmas.lean:641:8: declaration uses `sorry`
warning: Lean4Lean/Verify/Typing/Lemmas.lean:809:8: declaration uses `sorry`
warning: Lean4Lean/Verify/Typing/Lemmas.lean:852:8: declaration uses `sorry`
warning: Lean4Lean/Verify/Typing/Lemmas.lean:1155:8: declaration uses `sorry`
warning: Lean4Lean/Verify/Typing/Lemmas.lean:1411:8: declaration uses `sorry`
✔ [135/147] Built Lean4Lean.Verify (2.3s)
✔ [136/147] Built Lean4Lean.Verify.Typing.ConditionallyTyped (2.5s)
✔ [137/147] Built Lean4Lean.Verify.LocalContext (2.8s)
✔ [138/147] Built Lean4Lean.Verify.Environment.Basic (827ms)
✔ [139/147] Built Lean4Lean.Verify.Environment.Lemmas (838ms)
✔ [140/147] Built Lean4Lean.Verify.TypeChecker.Basic (1.9s)
✔ [141/147] Built Lean4Lean.Verify.TypeChecker.Reduce (1.7s)
⚠ [142/147] Built Lean4Lean.Verify.TypeChecker.WHNF (2.3s)
warning: Lean4Lean/Verify/TypeChecker/WHNF.lean:6:8: declaration uses `sorry`
warning: Lean4Lean/Verify/TypeChecker/WHNF.lean:25:8: declaration uses `sorry`
✔ [143/147] Built Lean4Lean.Verify.EquivManager (6.2s)
⚠ [144/147] Built Lean4Lean.Verify.TypeChecker.IsDefEq (5.1s)
warning: Lean4Lean/Verify/TypeChecker/IsDefEq.lean:224:8: declaration uses `sorry`
warning: Lean4Lean/Verify/TypeChecker/IsDefEq.lean:473:8: declaration uses `sorry`
⚠ [145/147] Built Lean4Lean.Verify.TypeChecker.InferType (7.3s)
warning: Lean4Lean/Verify/TypeChecker/InferType.lean:397:8: declaration uses `sorry`
✔ [146/147] Built Lean4Lean.Verify.TypeChecker (1.4s)
Build completed successfully (147 jobs).
