info: batteries: cloning https://github.com/leanprover-community/batteries
info: batteries: checking out revision '756e3321fd3b02a85ffda19fef789916223e578c'
✔ [2/24] Built Batteries.Data.List.ArrayMap (1.2s)
✔ [3/24] Built Batteries.Control.ForInStep.Basic (1.2s)
✔ [4/24] Built Batteries.Data.List.Init.Lemmas (1.1s)
✔ [5/30] Built Batteries.Lean.Position (1.3s)
✔ [6/32] Built Batteries.Lean.EStateM (1.5s)
✔ [7/35] Built Batteries.CodeAction.Attr (1.7s)
✔ [8/35] Built Batteries.Control.ForInStep.Lemmas (456ms)
✔ [9/35] Built Batteries.Lean.Except (545ms)
✔ [10/35] Built Batteries.CodeAction.Deprecated (1.8s)
✔ [11/44] Built Batteries.Data.Array.Match (1.9s)
✔ [12/44] Built Batteries.Util.ProofWanted (678ms)
✔ [13/44] Built Batteries.Lean.HashMap (389ms)
✔ [14/44] Built Batteries.Data.List.Matcher (374ms)
✔ [16/46] Built Batteries.Tactic.Init (1.2s)
✔ [17/46] Built Batteries.Tactic.SeqFocus (644ms)
✔ [18/46] Built Batteries.Util.Panic (262ms)
✔ [19/46] Built Batteries.CodeAction.Basic (919ms)
✔ [20/46] Built Batteries.Tactic.Lint.Basic (964ms)
✔ [21/46] Built Batteries.Classes.SatisfiesM (941ms)
✔ [22/46] Built Batteries.Data.List.Monadic (268ms)
✔ [23/46] Built Batteries.Tactic.Alias (1.5s)
✔ [24/46] Built Batteries.Tactic.Lint.Misc (683ms)
✔ [25/46] Built Batteries.CodeAction.Misc (1.0s)
✔ [26/46] Built Batteries.Data.HashMap.Basic (493ms)
✔ [27/46] Built Batteries.Data.UnionFind.Basic (1.7s)
✔ [28/46] Built Batteries.Data.List.Basic (2.0s)
✔ [29/46] Built Batteries.Data.List.Pairwise (393ms)
✔ [30/46] Built Lean4Lean.Std.Variable! (4.8s)
✔ [31/46] Built Batteries.Data.List.Lemmas (4.3s)
✔ [32/46] Built Batteries.Data.List.Scan (1.1s)
✔ [33/46] Built Batteries.Data.List.Count (1.1s)
✔ [34/46] Built Batteries.Data.Array.Lemmas (1.1s)
✔ [35/46] Built Batteries.Data.List.Perm (823ms)
✔ [36/46] Built Batteries.Data.List (251ms)
✔ [37/46] Built Batteries.CodeAction.Match (564ms)
✔ [38/46] Built Batteries.CodeAction (251ms)
✔ [39/46] Built Lean4Lean.Std.Basic (1.4s)
✔ [40/46] Built Lean4Lean.Theory.VLevel (497ms)
✔ [41/46] Built Lean4Lean.Theory.VExpr (3.8s)
✔ [42/46] Built Lean4Lean.Theory.VEnv (643ms)
✔ [43/46] Built Lean4Lean.Theory.Typing.Basic (698ms)
✔ [44/46] Built Lean4Lean.Theory.Typing.Lemmas (1.2s)
✔ [45/46] Built Lean4Lean.Theory.Typing.Strong (1.8s)
✔ [46/46] Built Lean4Lean.Experimental.StratifiedUntyped (742ms)
Build completed successfully (46 jobs).
