✔ [2/57] Built Lean4Lean.Declaration (475ms)
✔ [3/57] Built Lean4Lean.List (474ms)
✔ [4/57] Built Lean4Lean.PtrEq (476ms)
✔ [12/57] Built Lean4Lean.Instantiate (543ms)
✔ [13/57] Built Lean4Lean.LocalContext (543ms)
✔ [14/57] Built Lean4Lean.ForEachExprV (578ms)
✔ [15/57] Built Lean4Lean.Expr (707ms)
✔ [16/57] Built Lean4Lean.Declaration:c.o (524ms)
✔ [17/57] Built Lean4Lean.List:c.o (519ms)
✔ [18/57] Built Batteries.Util.Panic:c.o (80ms)
✔ [19/57] Built Batteries.Tactic.OpenPrivate (1.2s)
✔ [20/57] Built Lean4Lean.PtrEq:c.o (72ms)
✔ [21/57] Built Batteries.Data.UnionFind.Basic:c.o (327ms)
✔ [22/57] Built Lean4Lean.Instantiate:c.o (106ms)
✔ [23/57] Built Lean4Lean.LocalContext:c.o (94ms)
✔ [24/57] Built Batteries.Tactic.SeqFocus:c.o (793ms)
✔ [26/57] Built Lean4Lean.ForEachExprV:c.o (193ms)
✔ [27/57] Built Batteries.Tactic.Lint.Basic:c.o (1.2s)
✔ [28/94] Built Lean4Lean.Expr:c.o (454ms)
✔ [29/94] Built Batteries.CodeAction.Deprecated:c.o (857ms)
✔ [58/111] Built Lean4Lean.EquivManager (1.7s)
✔ [60/111] Built Batteries.Tactic.Lint.Misc:c.o (1.7s)
✔ [63/111] Built Batteries.Lean.Expr (695ms)
✔ [64/111] Built Lean4Lean.Std.Control (421ms)
✔ [65/111] Built Lean4Lean.EquivManager:c.o (736ms)
✔ [67/111] Built Lean4Lean.Environment.Basic (1.3s)
✔ [68/111] Built Batteries.Tactic.OpenPrivate:c.o (1.6s)
✔ [70/111] Built Lean4Lean.Environment.Basic:c.o (607ms)
✔ [71/111] Built Batteries.Data.List.Basic:c.o (2.2s)
✔ [74/111] Built Lean4Lean.Quot (1.0s)
✔ [75/115] Built Lean4Lean.Quot:c.o (412ms)
✔ [76/115] Built Batteries.Tactic.Alias:c.o (3.5s)
✔ [77/116] Built Lean4Lean.Inductive.Reduce (868ms)
✔ [78/116] Built Lean4Lean.Inductive.Reduce:c.o (397ms)
✔ [79/116] Built Lean4Lean.Std.NodupKeys (799ms)
✔ [80/124] Built Lean4Lean.Theory.VDecl (2.8s)
✔ [81/124] Built Batteries.Data.String.Basic (528ms)
✔ [82/131] Built Lean4Lean.Theory.Typing.Meta (1.9s)
✔ [83/134] Built Lean4Lean.Std.ToExpr (3.2s)
✔ [85/147] Built Lean4Lean.Verify.NameGenerator (1.4s)
✔ [86/147] Built Batteries.Tactic.Unreachable (461ms)
✔ [87/147] Built Batteries.Lean.TagAttribute (362ms)
✔ [88/147] Built Lean4Lean.Theory.Typing.Pattern (4.1s)
✔ [89/147] Built Batteries.Linter.UnreachableTactic (789ms)
✔ [90/147] Built Lean4Lean.Level (6.6s)
⚠ [91/147] Built Lean4Lean.Theory.Inductive (1.4s)
warning: Lean4Lean/Theory/Inductive.lean:5:4: declaration uses `sorry`
warning: Lean4Lean/Theory/Inductive.lean:7:4: declaration uses `sorry`
✔ [92/147] Built Batteries.Data.String.Legacy (1.2s)
✔ [93/147] Built Batteries.Lean.AttributeExtra (450ms)
✔ [94/147] Built Lean4Lean.Verify.Axioms (2.3s)
✔ [95/147] Built Batteries.Data.UnionFind.Lemmas (936ms)
✔ [96/147] Built Lean4Lean.Theory.Meta (1.9s)
✔ [97/147] Built Lean4Lean.Std.HashMap (1.8s)
✔ [98/147] Built Lean4Lean.Std.PersistentHashMap (540ms)
✔ [99/147] Built Batteries.Linter.UnnecessarySeqFocus (1.0s)
✔ [100/147] Built Lean4Lean.Level:c.o (1.5s)
✔ [101/147] Built Batteries.Linter (372ms)
✔ [102/147] Built Lean4Lean.Theory.Quot (948ms)
✔ [103/147] Built Batteries.Tactic.Basic (417ms)
✔ [104/147] Built Lean4Lean.Std.SMap (1.1s)
✔ [105/147] Built Lean4Lean.Theory.Typing.Env (897ms)
✔ [106/147] Built Batteries.Classes.Order (610ms)
⚠ [107/147] Built Lean4Lean.Theory.Typing.InductiveLemmas (1.1s)
warning: Lean4Lean/Theory/Typing/InductiveLemmas.lean:8:8: declaration uses `sorry`
✔ [108/147] Built Lean4Lean.Theory.Typing.QuotLemmas (1.8s)
✔ [109/147] Built Lean4Lean.TypeChecker (4.9s)
✔ [110/147] Built Lean4Lean.Theory.Typing.EnvLemmas (1.4s)
✔ [111/147] Built Batteries.Data.String.Lemmas (3.6s)
⚠ [112/147] Built Lean4Lean.Theory.Typing.Injectivity (1.0s)
warning: Lean4Lean/Theory/Typing/Injectivity.lean:11:8: declaration uses `sorry`
warning: Lean4Lean/Theory/Typing/Injectivity.lean:14:8: declaration uses `sorry`
warning: Lean4Lean/Theory/Typing/Injectivity.lean:33:8: declaration uses `sorry`
⚠ [113/147] Built Lean4Lean.Theory.Typing.UniqueTyping (1.0s)
warning: Lean4Lean/Theory/Typing/UniqueTyping.lean:172:8: declaration uses `sorry`
✔ [114/147] Built Lean4Lean.Inductive.Add (4.0s)
✔ [115/147] Built Lean4Lean.TypeChecker:c.o (6.4s)
✔ [116/147] Built Lean4Lean.Primitive (6.6s)
⚠ [117/147] Built Lean4Lean.Verify.Level (12s)
warning: Lean4Lean/Verify/Level.lean:543:8: declaration uses `sorry`
✔ [118/147] Built Lean4Lean.Inductive.Add:c.o (4.8s)
✔ [119/147] Built Lean4Lean.Environment (3.3s)
⚠ [120/147] Built Lean4Lean.Theory.Typing.ChurchRosser (6.1s)
warning: Lean4Lean/Theory/Typing/ChurchRosser.lean:1176:8: declaration uses `sorry`
✔ [121/147] Built Lean4Lean.Primitive:c.o (3.8s)
✔ [122/147] Built Lean4Lean.Environment:c.o (524ms)
✔ [123/147] Built Lean4Lean (949ms)
✔ [125/147] Built Main (2.4s)
✔ [126/147] Built Lean4Lean.Theory.Typing.HeadReduction (2.8s)
✔ [127/147] Built Main:c.o (1.2s)
✔ [128/147] Built Lean4Lean.Theory (708ms)
✔ [130/147] Built lean4lean:exe (3.6s)
✔ [131/147] Built Lean4Lean.Verify.Expr (11s)
✔ [132/147] Built Lean4Lean.Verify.VLCtx (4.6s)
⚠ [133/147] Built Lean4Lean.Verify.Typing.Expr (797ms)
warning: Lean4Lean/Verify/Typing/Expr.lean:67:4: declaration uses `sorry`
⚠ [134/147] Built Lean4Lean.Verify.Typing.Lemmas (5.3s)
warning: Lean4Lean/Verify/Typing/Lemmas.lean:557:8: declaration uses `sorry`
warning: Lean4Lean/Verify/Typing/Lemmas.lean:638:8: declaration uses `sorry`
warning: Lean4Lean/Verify/Typing/Lemmas.lean:641:8: declaration uses `sorry`
warning: Lean4Lean/Verify/Typing/Lemmas.lean:809:8: declaration uses `sorry`
warning: Lean4Lean/Verify/Typing/Lemmas.lean:852:8: declaration uses `sorry`
warning: Lean4Lean/Verify/Typing/Lemmas.lean:1155:8: declaration uses `sorry`
warning: Lean4Lean/Verify/Typing/Lemmas.lean:1411:8: declaration uses `sorry`
✔ [135/147] Built Lean4Lean.Verify (1.0s)
✔ [136/147] Built Lean4Lean.Verify.Typing.ConditionallyTyped (1.2s)
✔ [137/147] Built Lean4Lean.Verify.LocalContext (1.5s)
✔ [138/147] Built Lean4Lean.Verify.Environment.Basic (746ms)
✔ [139/147] Built Lean4Lean.Verify.Environment.Lemmas (787ms)
✔ [140/147] Built Lean4Lean.Verify.TypeChecker.Basic (1.9s)
✔ [141/147] Built Lean4Lean.Verify.TypeChecker.Reduce (1.9s)
⚠ [142/147] Built Lean4Lean.Verify.TypeChecker.WHNF (2.5s)
warning: Lean4Lean/Verify/TypeChecker/WHNF.lean:6:8: declaration uses `sorry`
warning: Lean4Lean/Verify/TypeChecker/WHNF.lean:25:8: declaration uses `sorry`
✔ [143/147] Built Lean4Lean.Verify.EquivManager (6.6s)
⚠ [144/147] Built Lean4Lean.Verify.TypeChecker.IsDefEq (5.7s)
warning: Lean4Lean/Verify/TypeChecker/IsDefEq.lean:224:8: declaration uses `sorry`
warning: Lean4Lean/Verify/TypeChecker/IsDefEq.lean:473:8: declaration uses `sorry`
⚠ [145/147] Built Lean4Lean.Verify.TypeChecker.InferType (8.0s)
warning: Lean4Lean/Verify/TypeChecker/InferType.lean:397:8: declaration uses `sorry`
✔ [146/147] Built Lean4Lean.Verify.TypeChecker (1.0s)
Build completed successfully (147 jobs).
