info: batteries: cloning https://github.com/leanprover-community/batteries
info: batteries: checking out revision '756e3321fd3b02a85ffda19fef789916223e578c'
✔ [2/22] Built Batteries.Data.List.Init.Lemmas (1.1s)
✔ [3/30] Built Batteries.Lean.Position (1.2s)
✔ [4/30] Built Batteries.Data.List.ArrayMap (1.2s)
✔ [5/30] Built Batteries.Control.ForInStep.Basic (1.1s)
✔ [6/34] Built Batteries.CodeAction.Attr (1.5s)
✔ [7/34] Built Batteries.Control.ForInStep.Lemmas (411ms)
✔ [8/34] Built Batteries.Lean.EStateM (1.5s)
✔ [9/35] Built Batteries.Lean.Except (525ms)
✔ [10/35] Built Batteries.CodeAction.Deprecated (1.7s)
✔ [11/44] Built Batteries.Data.Array.Match (1.8s)
✔ [12/44] Built Batteries.Util.ProofWanted (617ms)
✔ [13/44] Built Batteries.Lean.HashMap (343ms)
✔ [15/46] Built Batteries.Tactic.Init (1.1s)
✔ [16/46] Built Batteries.Util.Panic (445ms)
✔ [17/46] Built Batteries.Tactic.Lint.Basic (910ms)
✔ [18/46] Built Batteries.Tactic.SeqFocus (816ms)
✔ [19/46] Built Batteries.CodeAction.Basic (1.1s)
✔ [20/46] Built Batteries.Data.List.Matcher (350ms)
✔ [21/46] Built Batteries.Classes.SatisfiesM (1.0s)
✔ [22/46] Built Batteries.Data.List.Monadic (274ms)
✔ [23/46] Built Batteries.Tactic.Lint.Misc (683ms)
✔ [24/46] Built Batteries.Tactic.Alias (1.6s)
✔ [25/46] Built Batteries.CodeAction.Misc (2.1s)
✔ [26/46] Built Batteries.Data.HashMap.Basic (480ms)
✔ [27/46] Built Batteries.Data.UnionFind.Basic (1.7s)
✔ [28/46] Built Batteries.Data.List.Basic (1.0s)
✔ [29/46] Built Batteries.Data.List.Pairwise (372ms)
✔ [30/46] Built Lean4Lean.Std.Variable! (4.9s)
✔ [31/46] Built Batteries.Data.List.Lemmas (3.0s)
✔ [32/46] Built Batteries.Data.List.Scan (900ms)
✔ [33/46] Built Batteries.Data.List.Count (1.0s)
✔ [34/46] Built Batteries.Data.Array.Lemmas (986ms)
✔ [35/46] Built Batteries.Data.List.Perm (819ms)
✔ [36/46] Built Batteries.Data.List (258ms)
✔ [37/46] Built Batteries.CodeAction.Match (551ms)
✔ [38/46] Built Batteries.CodeAction (261ms)
✔ [39/46] Built Lean4Lean.Std.Basic (826ms)
✔ [40/46] Built Lean4Lean.Theory.VLevel (527ms)
✔ [41/46] Built Lean4Lean.Theory.VExpr (1.7s)
✔ [42/46] Built Lean4Lean.Theory.VEnv (655ms)
✔ [43/46] Built Lean4Lean.Theory.Typing.Basic (729ms)
✔ [44/46] Built Lean4Lean.Theory.Typing.Lemmas (1.3s)
✔ [45/46] Built Lean4Lean.Theory.Typing.Strong (1.8s)
✔ [46/46] Built Lean4Lean.Experimental.Stratified (842ms)
Build completed successfully (46 jobs).
