info: Version 4.2.3 of elan is available! Use `elan self update` to update.
info: downloading https://releases.lean-lang.org/lean4/v4.30.0-rc1/lean-4.30.0-rc1-darwin_aarch64.tar.zst
info: installing /Users/heath/.elan/toolchains/leanprover--lean4---v4.30.0-rc1
info: proofwidgets: cloning https://github.com/leanprover-community/ProofWidgets4
info: proofwidgets: checking out revision '0cef4e5f8cc8b127065d54afa578948483fea504'
info: plausible: cloning https://github.com/leanprover-community/plausible
info: plausible: checking out revision '264309b5c0c10e569025a53ab6440a45c03133e4'
info: batteries: cloning https://github.com/leanprover-community/batteries
info: batteries: checking out revision '9acabf83fb0369d00ba2e2410ca68db581a96bcc'
✔ [14/50] Built Specimen.LazyRoseTree (1.3s)
✔ [15/50] Built ProofWidgets.Compat (878ms)
✔ [16/50] Built ProofWidgets.Util (973ms)
✔ [17/50] Built Batteries.Lean.Expr (776ms)
✔ [18/50] Built Plausible.Random (549ms)
✔ [19/50] Built Specimen.LazyList (2.2s)
✔ [20/50] Built ProofWidgets.Component.Basic (803ms)
✔ [21/50] Built Plausible.Gen (657ms)
✔ [22/50] Built Specimen.DecOpt (461ms)
✔ [23/50] Built Plausible.Arbitrary (649ms)
✔ [24/50] Built Plausible.ArbitraryFueled (859ms)
✔ [25/50] Built Specimen.ArbitrarySizedSuchThat (859ms)
✔ [26/50] Built Specimen.SearchTree (1.9s)
✔ [27/50] Built Specimen.GeneratorCombinators (343ms)
✔ [28/50] Built ProofWidgets.Data.Html (2.3s)
✔ [29/50] Built ProofWidgets.Component.HtmlDisplay (551ms)
✔ [30/50] Built Plausible.DeriveArbitrary (1.8s)
✔ [31/50] Built Specimen.Score (8.0s)
✔ [32/50] Built Specimen.Debug (8.1s)
✔ [33/50] Built Specimen.Idents (5.6s)
✔ [34/50] Built Specimen.Utils (8.4s)
✔ [35/50] Built Specimen.DeriveArbitrary (3.0s)
✔ [36/50] Built Specimen.TSyntaxCombinators (1.7s)
✔ [37/50] Built Specimen.Enumerators (1.8s)
✔ [38/50] Built Specimen.EnumeratorCombinators (1.7s)
✔ [39/50] Built Specimen.DeriveEnum (1.9s)
✔ [40/50] Built Specimen.UnificationMonad (2.2s)
✔ [41/50] Built Specimen.Schedules (1.6s)
✔ [42/50] Built Specimen.Scoring (1.6s)
✔ [43/50] Built Specimen.MExp (2.5s)
✔ [44/50] Built Specimen.MakeConstrainedProducerInstance (2.7s)
✔ [45/50] Built Specimen.PatternCoverage (1.3s)
✔ [46/50] Built Specimen.DeriveSchedules (4.1s)
✔ [47/50] Built Specimen.DeriveConstrainedProducer (12s)
✔ [48/50] Built Specimen.DeriveChecker (2.8s)
✔ [49/50] Built Specimen (821ms)
Build completed successfully (50 jobs).
