From https://github.com/heathsanchez/specimen
 * [new branch]      LExpr-support            -> fork/LExpr-support
 * [new branch]      README-update            -> fork/README-update
 * [new branch]      basalt-bridge-mockup     -> fork/basalt-bridge-mockup
 * [new branch]      error-classification-combinators -> fork/error-classification-combinators
 * [new branch]      fix-polymorphic-dep-constraints -> fork/fix-polymorphic-dep-constraints
 * [new branch]      generator-config         -> fork/generator-config
 * [new branch]      gh-readonly-queue/main/pr-1-e8d8d5f97e90036e15fd153feb687d6671215f5d -> fork/gh-readonly-queue/main/pr-1-e8d8d5f97e90036e15fd153feb687d6671215f5d
 * [new branch]      kvstore-wishlist-synthesis -> fork/kvstore-wishlist-synthesis
 * [new branch]      main                     -> fork/main
 * [new branch]      monadic-scorer-ctorweight -> fork/monadic-scorer-ctorweight
 * [new branch]      mwhicks1-patch-1         -> fork/mwhicks1-patch-1
 * [new branch]      mwhicks1-patch-2         -> fork/mwhicks1-patch-2
 * [new branch]      pr/1-multi-output        -> fork/pr/1-multi-output
 * [new branch]      pr/2-derive-mutual       -> fork/pr/2-derive-mutual
 * [new branch]      pr/3-auto-derive         -> fork/pr/3-auto-derive
 * [new branch]      pr/4-fixes               -> fork/pr/4-fixes
 * [new branch]      pr/checker-base-failsafe -> fork/pr/checker-base-failsafe
 * [new branch]      pr/fix-polarity-check    -> fork/pr/fix-polarity-check
 * [new branch]      pr/mutual-fixes-and-text-output -> fork/pr/mutual-fixes-and-text-output
 * [new branch]      pr/pattern-coverage-trie -> fork/pr/pattern-coverage-trie
 * [new branch]      specimen-classifier-getelem -> fork/specimen-classifier-getelem
 * [new branch]      specimen-delegated-producer -> fork/specimen-delegated-producer
 * [new branch]      specimen-struct-param    -> fork/specimen-struct-param
 * [new branch]      stateful-test            -> fork/stateful-test
 * [new tag]         nightly-20260509         -> nightly-20260509
 * [new tag]         nightly-20260513         -> nightly-20260513
 * [new tag]         nightly-20260602         -> nightly-20260602
 * [new tag]         nightly-20260609         -> nightly-20260609
 * [new tag]         nightly-20260610         -> nightly-20260610
 * [new tag]         nightly-20260611         -> nightly-20260611
 * [new tag]         nightly-20260618         -> nightly-20260618
 * [new tag]         nightly-20260623         -> nightly-20260623
 * [new tag]         nightly-20260625         -> nightly-20260625
