✖ [989/989] Building equational_theories.Definability.Law46 (2.3s)
trace: .> LEAN_PATH=/private/tmp/sorrydb_law46_patch009_v4_4_69/.lake/packages/Cli/.lake/build/lib/lean:/private/tmp/sorrydb_law46_patch009_v4_4_69/.lake/packages/batteries/.lake/build/lib/lean:/private/tmp/sorrydb_law46_patch009_v4_4_69/.lake/packages/Qq/.lake/build/lib/lean:/private/tmp/sorrydb_law46_patch009_v4_4_69/.lake/packages/aesop/.lake/build/lib/lean:/private/tmp/sorrydb_law46_patch009_v4_4_69/.lake/packages/proofwidgets/.lake/build/lib/lean:/private/tmp/sorrydb_law46_patch009_v4_4_69/.lake/packages/importGraph/.lake/build/lib/lean:/private/tmp/sorrydb_law46_patch009_v4_4_69/.lake/packages/LeanSearchClient/.lake/build/lib/lean:/private/tmp/sorrydb_law46_patch009_v4_4_69/.lake/packages/plausible/.lake/build/lib/lean:/private/tmp/sorrydb_law46_patch009_v4_4_69/.lake/packages/mathlib/.lake/build/lib/lean:/private/tmp/sorrydb_law46_patch009_v4_4_69/.lake/packages/checkdecls/.lake/build/lib/lean:/private/tmp/sorrydb_law46_patch009_v4_4_69/.lake/build/lib/lean /Users/heath/.elan/toolchains/leanprover--lean4---v4.29.1/bin/lean --tstack=262144 /private/tmp/sorrydb_law46_patch009_v4_4_69/equational_theories/Definability/Law46.lean -o /private/tmp/sorrydb_law46_patch009_v4_4_69/.lake/build/lib/lean/equational_theories/Definability/Law46.olean -i /private/tmp/sorrydb_law46_patch009_v4_4_69/.lake/build/lib/lean/equational_theories/Definability/Law46.ilean -c /private/tmp/sorrydb_law46_patch009_v4_4_69/.lake/build/ir/equational_theories/Definability/Law46.c --setup /private/tmp/sorrydb_law46_patch009_v4_4_69/.lake/build/ir/equational_theories/Definability/Law46.setup.json --json
error: equational_theories/Definability/Law46.lean:45:58: Type mismatch
  Law2
has type
  NatMagmaLaw
but is expected to have type
  MagmaLaw (Fin 2)
error: equational_theories/Definability/Law46.lean:45:87: unsolved goals
L : NatMagmaLaw
x y : ℕ
hxy : x ≠ y
⊢ map (⇑(map (⇑(Lf x ≃ Lf y).finEquiv.symm) (Lf x ≃ Lf y).attach).finEquiv.symm)
      (map (⇑(Lf x ≃ Lf y).finEquiv.symm) (Lf x ≃ Lf y).attach).attach =
    sorry ()
error: equational_theories/Definability/Law46.lean:48:6: Tactic `assumption` failed

L : NatMagmaLaw
x y : ℕ
hxy : x ≠ y
h₂ : (Lf x ≃ Lf y).toFin.toFin = sorry
⊢ map (fun x_1 ↦ ↑x_1) (sorry ()) = Law2
warning: equational_theories/Definability/Law46.lean:47:14: This simp argument is unused:
  hxy

Hint: Omit it from the simp argument list.
  simp ̵[̵h̵x̵y̵]̵

Note: This linter can be disabled with `set_option linter.unusedSimpArgs false`
error: Lean exited with code 1
Some required targets logged failures:
- equational_theories.Definability.Law46
