Cloning into '/Users/heath/Documents/mathgraph-lean-work/external/cash_win_deep_recon_v24/QuantumSavory__QuantumSavory.jl_132'...
Updating files:   0% (2/431)
Updating files:   1% (5/431)
Updating files:   2% (9/431)
Updating files:   3% (13/431)
Updating files:   4% (18/431)
Updating files:   5% (22/431)
Updating files:   6% (26/431)
Updating files:   7% (31/431)
Updating files:   8% (35/431)
Updating files:   9% (39/431)
Updating files:  10% (44/431)
Updating files:  11% (48/431)
Updating files:  12% (52/431)
Updating files:  13% (57/431)
Updating files:  14% (61/431)
Updating files:  15% (65/431)
Updating files:  16% (69/431)
Updating files:  17% (74/431)
Updating files:  18% (78/431)
Updating files:  19% (82/431)
Updating files:  20% (87/431)
Updating files:  21% (91/431)
Updating files:  22% (95/431)
Updating files:  23% (100/431)
Updating files:  24% (104/431)
Updating files:  25% (108/431)
Updating files:  26% (113/431)
Updating files:  27% (117/431)
Updating files:  28% (121/431)
Updating files:  29% (125/431)
Updating files:  30% (130/431)
Updating files:  31% (134/431)
Updating files:  32% (138/431)
Updating files:  33% (143/431)
Updating files:  34% (147/431)
Updating files:  35% (151/431)
Updating files:  36% (156/431)
Updating files:  37% (160/431)
Updating files:  38% (164/431)
Updating files:  39% (169/431)
Updating files:  40% (173/431)
Updating files:  41% (177/431)
Updating files:  42% (182/431)
Updating files:  43% (186/431)
Updating files:  44% (190/431)
Updating files:  45% (194/431)
Updating files:  46% (199/431)
Updating files:  47% (203/431)
Updating files:  48% (207/431)
Updating files:  49% (212/431)
Updating files:  50% (216/431)
Updating files:  51% (220/431)
Updating files:  52% (225/431)
Updating files:  53% (229/431)
Updating files:  54% (233/431)
Updating files:  55% (238/431)
Updating files:  56% (242/431)
Updating files:  57% (246/431)
Updating files:  58% (250/431)
Updating files:  59% (255/431)
Updating files:  60% (259/431)
Updating files:  61% (263/431)
Updating files:  62% (268/431)
Updating files:  63% (272/431)
Updating files:  64% (276/431)
Updating files:  65% (281/431)
Updating files:  66% (285/431)
Updating files:  67% (289/431)
Updating files:  68% (294/431)
Updating files:  69% (298/431)
Updating files:  70% (302/431)
Updating files:  71% (307/431)
Updating files:  72% (311/431)
Updating files:  73% (315/431)
Updating files:  74% (319/431)
Updating files:  75% (324/431)
Updating files:  76% (328/431)
Updating files:  77% (332/431)
Updating files:  78% (337/431)
Updating files:  79% (341/431)
Updating files:  80% (345/431)
Updating files:  81% (350/431)
Updating files:  82% (354/431)
Updating files:  83% (358/431)
Updating files:  84% (363/431)
Updating files:  85% (367/431)
Updating files:  86% (371/431)
Updating files:  87% (375/431)
Updating files:  88% (380/431)
Updating files:  89% (384/431)
Updating files:  90% (388/431)
Updating files:  91% (393/431)
Updating files:  92% (397/431)
Updating files:  93% (401/431)
Updating files:  94% (406/431)
Updating files:  95% (410/431)
Updating files:  96% (414/431)
Updating files:  97% (419/431)
Updating files:  98% (423/431)
Updating files:  99% (427/431)
Updating files: 100% (431/431)
Updating files: 100% (431/431), done.
