Cloning into '/Users/heath/Documents/mathgraph-lean-work/external/cash_win_deep_recon_v24/tinygrad__tinygrad_3039'...
Updating files:   0% (2/1533)
Updating files:   1% (16/1533)
Updating files:   2% (31/1533)
Updating files:   3% (46/1533)
Updating files:   4% (62/1533)
Updating files:   5% (77/1533)
Updating files:   6% (92/1533)
Updating files:   7% (108/1533)
Updating files:   8% (123/1533)
Updating files:   9% (138/1533)
Updating files:  10% (154/1533)
Updating files:  11% (169/1533)
Updating files:  12% (184/1533)
Updating files:  13% (200/1533)
Updating files:  14% (215/1533)
Updating files:  15% (230/1533)
Updating files:  16% (246/1533)
Updating files:  17% (261/1533)
Updating files:  18% (276/1533)
Updating files:  19% (292/1533)
Updating files:  20% (307/1533)
Updating files:  21% (322/1533)
Updating files:  22% (338/1533)
Updating files:  23% (353/1533)
Updating files:  24% (368/1533)
Updating files:  25% (384/1533)
Updating files:  26% (399/1533)
Updating files:  27% (414/1533)
Updating files:  28% (430/1533)
Updating files:  29% (445/1533)
Updating files:  30% (460/1533)
Updating files:  31% (476/1533)
Updating files:  32% (491/1533)
Updating files:  33% (506/1533)
Updating files:  34% (522/1533)
Updating files:  35% (537/1533)
Updating files:  36% (552/1533)
Updating files:  37% (568/1533)
Updating files:  38% (583/1533)
Updating files:  39% (598/1533)
Updating files:  40% (614/1533)
Updating files:  41% (629/1533)
Updating files:  42% (644/1533)
Updating files:  43% (660/1533)
Updating files:  44% (675/1533)
Updating files:  45% (690/1533)
Updating files:  46% (706/1533)
Updating files:  47% (721/1533)
Updating files:  48% (736/1533)
Updating files:  49% (752/1533)
Updating files:  50% (767/1533)
Updating files:  51% (782/1533)
Updating files:  52% (798/1533)
Updating files:  53% (813/1533)
Updating files:  54% (828/1533)
Updating files:  55% (844/1533)
Updating files:  56% (859/1533)
Updating files:  57% (874/1533)
Updating files:  58% (890/1533)
Updating files:  59% (905/1533)
Updating files:  60% (920/1533)
Updating files:  61% (936/1533)
Updating files:  62% (951/1533)
Updating files:  63% (966/1533)
Updating files:  64% (982/1533)
Updating files:  65% (997/1533)
Updating files:  66% (1012/1533)
Updating files:  67% (1028/1533)
Updating files:  68% (1043/1533)
Updating files:  69% (1058/1533)
Updating files:  70% (1074/1533)
Updating files:  71% (1089/1533)
Updating files:  72% (1104/1533)
Updating files:  73% (1120/1533)
Updating files:  74% (1135/1533)
Updating files:  75% (1150/1533)
Updating files:  76% (1166/1533)
Updating files:  77% (1181/1533)
Updating files:  78% (1196/1533)
Updating files:  79% (1212/1533)
Updating files:  80% (1227/1533)
Updating files:  81% (1242/1533)
Updating files:  82% (1258/1533)
Updating files:  83% (1273/1533)
Updating files:  84% (1288/1533)
Updating files:  85% (1304/1533)
Updating files:  86% (1319/1533)
Updating files:  87% (1334/1533)
Updating files:  88% (1350/1533)
Updating files:  89% (1365/1533)
Updating files:  90% (1380/1533)
Updating files:  91% (1396/1533)
Updating files:  92% (1411/1533)
Updating files:  93% (1426/1533)
Updating files:  94% (1442/1533)
Updating files:  95% (1457/1533)
Updating files:  96% (1472/1533)
Updating files:  97% (1488/1533)
Updating files:  98% (1503/1533)
Updating files:  99% (1518/1533)
Updating files: 100% (1533/1533)
Updating files: 100% (1533/1533), done.
