✔ [2/57] Built Lean4Lean.Declaration (466ms)
✔ [3/57] Built Lean4Lean.List (472ms)
✔ [4/57] Built Lean4Lean.LocalContext (508ms)
✔ [5/57] Built Lean4Lean.PtrEq (462ms)
✔ [13/57] Built Lean4Lean.Instantiate (548ms)
✔ [14/57] Built Lean4Lean.ForEachExprV (546ms)
✔ [15/57] Built Lean4Lean.Expr (652ms)
✔ [16/57] Built Lean4Lean.Declaration:c.o (495ms)
✔ [17/57] Built Batteries.Util.Panic:c.o (421ms)
✔ [18/57] Built Lean4Lean.PtrEq:c.o (318ms)
✔ [19/57] Built Batteries.Tactic.OpenPrivate (1.2s)
✔ [20/57] Built Batteries.Data.UnionFind.Basic:c.o (610ms)
✔ [21/57] Built Lean4Lean.List:c.o (100ms)
✔ [22/57] Built Lean4Lean.LocalContext:c.o (90ms)
✔ [23/57] Built Lean4Lean.Instantiate:c.o (131ms)
✔ [24/57] Built Lean4Lean.ForEachExprV:c.o (175ms)
✔ [26/57] Built Batteries.Tactic.SeqFocus:c.o (965ms)
✔ [27/57] Built Lean4Lean.Expr:c.o (378ms)
✔ [28/57] Built Batteries.Tactic.Lint.Basic:c.o (1.2s)
✔ [29/59] Built Batteries.CodeAction.Deprecated:c.o (879ms)
✔ [58/111] Built Batteries.Lean.Expr (540ms)
✔ [59/111] Built Batteries.Tactic.Lint.Misc:c.o (2.2s)
✔ [61/111] Built Lean4Lean.EquivManager (1.8s)
✔ [62/111] Built Batteries.Tactic.OpenPrivate:c.o (1.3s)
✔ [66/111] Built Lean4Lean.Std.Control (267ms)
✔ [67/111] Built Lean4Lean.Environment.Basic (1.2s)
✔ [69/111] Built Lean4Lean.EquivManager:c.o (653ms)
✔ [71/111] Built Lean4Lean.Environment.Basic:c.o (600ms)
✔ [72/111] Built Batteries.Data.List.Basic:c.o (2.1s)
✔ [74/115] Built Batteries.Tactic.Alias:c.o (3.1s)
✔ [75/116] Built Lean4Lean.Theory.VDecl (1.4s)
✔ [76/116] Built Lean4Lean.Std.ToExpr (1.5s)
✔ [77/116] Built Lean4Lean.Inductive.Reduce (1.0s)
✔ [78/116] Built Batteries.Data.String.Basic (346ms)
✔ [79/116] Built Lean4Lean.Quot (1.4s)
✔ [80/116] Built Lean4Lean.Std.NodupKeys (784ms)
✔ [81/116] Built Lean4Lean.Inductive.Reduce:c.o (578ms)
✔ [82/118] Built Lean4Lean.Quot:c.o (436ms)
✔ [83/131] Built Lean4Lean.Theory.Typing.Pattern (2.7s)
✔ [84/134] Built Batteries.Tactic.Unreachable (619ms)
✔ [85/134] Built Batteries.Lean.TagAttribute (421ms)
⚠ [87/147] Built Lean4Lean.Theory.Inductive (1.4s)
warning: Lean4Lean/Theory/Inductive.lean:5:4: declaration uses `sorry`
warning: Lean4Lean/Theory/Inductive.lean:7:4: declaration uses `sorry`
✔ [88/147] Built Lean4Lean.Verify.NameGenerator (1.9s)
✔ [89/147] Built Lean4Lean.Theory.Typing.Meta (2.4s)
✔ [90/147] Built Batteries.Lean.AttributeExtra (477ms)
✔ [91/147] Built Batteries.Linter.UnreachableTactic (862ms)
✔ [92/147] Built Batteries.Data.UnionFind.Lemmas (842ms)
✔ [93/147] Built Lean4Lean.Theory.Meta (2.1s)
✔ [94/147] Built Batteries.Data.String.Legacy (1.2s)
✔ [95/147] Built Lean4Lean.Verify.Axioms (2.1s)
✔ [96/147] Built Batteries.Linter.UnnecessarySeqFocus (1.1s)
✔ [97/147] Built Lean4Lean.Std.HashMap (1.6s)
✔ [98/147] Built Batteries.Linter (302ms)
✔ [99/147] Built Lean4Lean.Std.PersistentHashMap (492ms)
✔ [100/147] Built Lean4Lean.Level (6.4s)
✔ [101/147] Built Lean4Lean.Theory.Quot (860ms)
✔ [102/147] Built Batteries.Tactic.Basic (342ms)
✔ [103/147] Built Batteries.Classes.Order (755ms)
✔ [104/147] Built Lean4Lean.Std.SMap (1.3s)
✔ [105/147] Built Lean4Lean.Theory.Typing.Env (1.2s)
✔ [106/147] Built Lean4Lean.Level:c.o (1.5s)
⚠ [107/147] Built Lean4Lean.Theory.Typing.InductiveLemmas (1.2s)
warning: Lean4Lean/Theory/Typing/InductiveLemmas.lean:8:8: declaration uses `sorry`
✔ [108/147] Built Lean4Lean.Theory.Typing.QuotLemmas (1.0s)
✔ [109/147] Built Lean4Lean.Theory.Typing.EnvLemmas (1.1s)
✔ [110/147] Built Batteries.Data.String.Lemmas (3.4s)
✔ [111/147] Built Lean4Lean.TypeChecker (5.3s)
⚠ [112/147] Built Lean4Lean.Theory.Typing.Injectivity (989ms)
warning: Lean4Lean/Theory/Typing/Injectivity.lean:11:8: declaration uses `sorry`
warning: Lean4Lean/Theory/Typing/Injectivity.lean:14:8: declaration uses `sorry`
warning: Lean4Lean/Theory/Typing/Injectivity.lean:33:8: declaration uses `sorry`
⚠ [113/147] Built Lean4Lean.Theory.Typing.UniqueTyping (2.1s)
warning: Lean4Lean/Theory/Typing/UniqueTyping.lean:172:8: declaration uses `sorry`
✔ [114/147] Built Lean4Lean.Inductive.Add (4.9s)
✔ [115/147] Built Lean4Lean.TypeChecker:c.o (6.4s)
✔ [116/147] Built Lean4Lean.Primitive (6.5s)
⚠ [117/147] Built Lean4Lean.Verify.Level (12s)
warning: Lean4Lean/Verify/Level.lean:543:8: declaration uses `sorry`
⚠ [118/147] Built Lean4Lean.Theory.Typing.ChurchRosser (6.3s)
warning: Lean4Lean/Theory/Typing/ChurchRosser.lean:1176:8: declaration uses `sorry`
✔ [119/147] Built Lean4Lean.Inductive.Add:c.o (4.2s)
✔ [120/147] Built Lean4Lean.Primitive:c.o (3.1s)
✔ [121/147] Built Lean4Lean.Environment (3.0s)
✔ [122/147] Built Lean4Lean.Environment:c.o (793ms)
✔ [123/147] Built Lean4Lean.Theory.Typing.HeadReduction (3.2s)
✔ [124/147] Built Lean4Lean (3.6s)
✔ [126/147] Built Lean4Lean.Theory (2.5s)
✔ [128/147] Built Main (4.5s)
✔ [129/147] Built Main:c.o (1.2s)
✔ [130/147] Built lean4lean:exe (3.2s)
✔ [131/147] Built Lean4Lean.Verify.Expr (12s)
✔ [132/147] Built Lean4Lean.Verify.VLCtx (2.9s)
⚠ [133/147] Built Lean4Lean.Verify.Typing.Expr (777ms)
warning: Lean4Lean/Verify/Typing/Expr.lean:67:4: declaration uses `sorry`
⚠ [134/147] Built Lean4Lean.Verify.Typing.Lemmas (5.2s)
warning: Lean4Lean/Verify/Typing/Lemmas.lean:557:8: declaration uses `sorry`
warning: Lean4Lean/Verify/Typing/Lemmas.lean:638:8: declaration uses `sorry`
warning: Lean4Lean/Verify/Typing/Lemmas.lean:641:8: declaration uses `sorry`
warning: Lean4Lean/Verify/Typing/Lemmas.lean:809:8: declaration uses `sorry`
warning: Lean4Lean/Verify/Typing/Lemmas.lean:852:8: declaration uses `sorry`
warning: Lean4Lean/Verify/Typing/Lemmas.lean:1155:8: declaration uses `sorry`
warning: Lean4Lean/Verify/Typing/Lemmas.lean:1411:8: declaration uses `sorry`
✔ [135/147] Built Lean4Lean.Verify (788ms)
✔ [136/147] Built Lean4Lean.Verify.Typing.ConditionallyTyped (936ms)
✔ [137/147] Built Lean4Lean.Verify.LocalContext (1.3s)
✔ [138/147] Built Lean4Lean.Verify.Environment.Basic (732ms)
✔ [139/147] Built Lean4Lean.Verify.Environment.Lemmas (792ms)
✔ [140/147] Built Lean4Lean.Verify.TypeChecker.Basic (1.0s)
✔ [141/147] Built Lean4Lean.Verify.TypeChecker.Reduce (1.9s)
⚠ [142/147] Built Lean4Lean.Verify.TypeChecker.WHNF (2.5s)
warning: Lean4Lean/Verify/TypeChecker/WHNF.lean:6:8: declaration uses `sorry`
warning: Lean4Lean/Verify/TypeChecker/WHNF.lean:25:8: declaration uses `sorry`
✔ [143/147] Built Lean4Lean.Verify.EquivManager (6.7s)
⚠ [144/147] Built Lean4Lean.Verify.TypeChecker.IsDefEq (6.0s)
warning: Lean4Lean/Verify/TypeChecker/IsDefEq.lean:224:8: declaration uses `sorry`
warning: Lean4Lean/Verify/TypeChecker/IsDefEq.lean:473:8: declaration uses `sorry`
⚠ [145/147] Built Lean4Lean.Verify.TypeChecker.InferType (8.1s)
warning: Lean4Lean/Verify/TypeChecker/InferType.lean:397:8: declaration uses `sorry`
✔ [146/147] Built Lean4Lean.Verify.TypeChecker (3.0s)
Build completed successfully (147 jobs).
