info: batteries: cloning https://github.com/leanprover-community/batteries
info: batteries: checking out revision '756e3321fd3b02a85ffda19fef789916223e578c'
✔ [2/30] Built Batteries.Data.List.ArrayMap (1.1s)
✔ [3/30] Built Batteries.Control.ForInStep.Basic (1.1s)
✔ [4/30] Built Batteries.Data.List.Init.Lemmas (1.0s)
✔ [5/30] Built Batteries.Lean.Position (1.2s)
✔ [6/32] Built Batteries.Lean.EStateM (1.4s)
✔ [7/34] Built Batteries.CodeAction.Attr (1.5s)
✔ [8/34] Built Batteries.Control.ForInStep.Lemmas (433ms)
✔ [9/35] Built Batteries.Lean.Except (583ms)
✔ [10/42] Built Batteries.CodeAction.Deprecated (1.7s)
✔ [11/42] Built Batteries.Data.Array.Match (1.7s)
✔ [12/42] Built Batteries.Lean.HashMap (319ms)
✔ [13/44] Built Batteries.Util.ProofWanted (672ms)
✔ [14/44] Built Batteries.Util.Panic (286ms)
✔ [16/46] Built Batteries.Tactic.Init (1.2s)
✔ [17/46] Built Batteries.Data.List.Matcher (357ms)
✔ [18/46] Built Batteries.Tactic.SeqFocus (722ms)
✔ [19/46] Built Batteries.CodeAction.Basic (967ms)
✔ [20/46] Built Batteries.Tactic.Lint.Basic (918ms)
✔ [21/46] Built Batteries.Classes.SatisfiesM (957ms)
✔ [22/46] Built Batteries.Data.List.Monadic (267ms)
✔ [23/46] Built Batteries.Tactic.Lint.Misc (671ms)
✔ [24/46] Built Batteries.Tactic.Alias (1.5s)
✔ [25/46] Built Batteries.CodeAction.Misc (2.2s)
✔ [26/46] Built Batteries.Data.HashMap.Basic (524ms)
✔ [27/46] Built Batteries.Data.UnionFind.Basic (1.7s)
✔ [28/46] Built Batteries.Data.List.Basic (2.0s)
✔ [29/46] Built Batteries.Data.List.Pairwise (367ms)
✔ [30/46] Built Lean4Lean.Std.Variable! (4.3s)
✔ [31/46] Built Batteries.Data.List.Lemmas (3.9s)
✔ [32/46] Built Batteries.Data.List.Scan (1.0s)
✔ [33/46] Built Batteries.Data.List.Count (1.2s)
✔ [34/46] Built Batteries.Data.Array.Lemmas (1.2s)
✔ [35/46] Built Batteries.Data.List.Perm (944ms)
✔ [36/46] Built Batteries.Data.List (300ms)
✔ [37/46] Built Batteries.CodeAction.Match (632ms)
✔ [38/46] Built Batteries.CodeAction (260ms)
✔ [39/46] Built Lean4Lean.Std.Basic (894ms)
✔ [40/46] Built Lean4Lean.Theory.VLevel (508ms)
✔ [41/46] Built Lean4Lean.Theory.VExpr (2.9s)
✔ [42/46] Built Lean4Lean.Theory.VEnv (661ms)
✔ [43/46] Built Lean4Lean.Theory.Typing.Basic (755ms)
✔ [44/46] Built Lean4Lean.Theory.Typing.Lemmas (1.3s)
✔ [45/46] Built Lean4Lean.Theory.Typing.Strong (1.9s)
✔ [46/46] Built Lean4Lean.Experimental.StratifiedUntyped (862ms)
Build completed successfully (46 jobs).
