✔ [971/989] Built equational_theories.Magma (299ms)
✔ [972/989] Built equational_theories.Homomorphisms (5.3s)
✔ [973/989] Built equational_theories.ForMathlib.Definability (6.9s)
✔ [974/989] Built equational_theories.FreeMagma (2.9s)
✔ [975/989] Built equational_theories.MagmaLaw (2.0s)
✔ [976/989] Built equational_theories.EquationLawConversion (2.3s)
✔ [977/989] Built equational_theories.Preorder (2.4s)
✔ [978/989] Built equational_theories.Equations.Command (1.8s)
✔ [979/989] Built equational_theories.ParseImplications (1.8s)
✔ [980/989] Built equational_theories.Definability.Basic (11s)
✔ [981/989] Built equational_theories.Equations.Basic (11s)
✔ [982/989] Built equational_theories.EquationalResult (11s)
✔ [983/989] Built equational_theories.Equations.Eqns4000_4694 (15s)
✔ [984/989] Built equational_theories.Equations.Eqns1_999 (16s)
✔ [985/989] Built equational_theories.Equations.Eqns2000_2999 (16s)
✔ [986/989] Built equational_theories.Equations.Eqns1000_1999 (16s)
✔ [987/989] Built equational_theories.Equations.Eqns3000_3999 (16s)
✔ [988/989] Built equational_theories.Equations.All (4.6s)
⚠ [989/989] Built equational_theories.Definability.Law46 (2.4s)
warning: equational_theories/Definability/Law46.lean:11:8: declaration uses `sorry`
Build completed successfully (989 jobs).
