Cloning into '/Users/heath/Documents/mathgraph-lean-work/external/money_gold_recon_v6/jackjin1997__zeroeye_1'...
Updating files:   1% (2/178)
Updating files:   2% (4/178)
Updating files:   3% (6/178)
Updating files:   4% (8/178)
Updating files:   5% (9/178)
Updating files:   6% (11/178)
Updating files:   7% (13/178)
Updating files:   8% (15/178)
Updating files:   9% (17/178)
Updating files:  10% (18/178)
Updating files:  11% (20/178)
Updating files:  12% (22/178)
Updating files:  13% (24/178)
Updating files:  14% (25/178)
Updating files:  15% (27/178)
Updating files:  16% (29/178)
Updating files:  17% (31/178)
Updating files:  18% (33/178)
Updating files:  19% (34/178)
Updating files:  20% (36/178)
Updating files:  21% (38/178)
Updating files:  22% (40/178)
Updating files:  23% (41/178)
Updating files:  24% (43/178)
Updating files:  25% (45/178)
Updating files:  26% (47/178)
Updating files:  27% (49/178)
Updating files:  28% (50/178)
Updating files:  29% (52/178)
Updating files:  30% (54/178)
Updating files:  31% (56/178)
Updating files:  32% (57/178)
Updating files:  33% (59/178)
Updating files:  34% (61/178)
Updating files:  35% (63/178)
Updating files:  36% (65/178)
Updating files:  37% (66/178)
Updating files:  38% (68/178)
Updating files:  39% (70/178)
Updating files:  40% (72/178)
Updating files:  41% (73/178)
Updating files:  42% (75/178)
Updating files:  43% (77/178)
Updating files:  44% (79/178)
Updating files:  45% (81/178)
Updating files:  46% (82/178)
Updating files:  47% (84/178)
Updating files:  48% (86/178)
Updating files:  49% (88/178)
Updating files:  50% (89/178)
Updating files:  51% (91/178)
Updating files:  52% (93/178)
Updating files:  53% (95/178)
Updating files:  54% (97/178)
Updating files:  55% (98/178)
Updating files:  56% (100/178)
Updating files:  57% (102/178)
Updating files:  58% (104/178)
Updating files:  59% (106/178)
Updating files:  60% (107/178)
Updating files:  61% (109/178)
Updating files:  62% (111/178)
Updating files:  63% (113/178)
Updating files:  64% (114/178)
Updating files:  65% (116/178)
Updating files:  66% (118/178)
Updating files:  67% (120/178)
Updating files:  68% (122/178)
Updating files:  69% (123/178)
Updating files:  70% (125/178)
Updating files:  71% (127/178)
Updating files:  72% (129/178)
Updating files:  73% (130/178)
Updating files:  74% (132/178)
Updating files:  75% (134/178)
Updating files:  76% (136/178)
Updating files:  77% (138/178)
Updating files:  78% (139/178)
Updating files:  79% (141/178)
Updating files:  80% (143/178)
Updating files:  81% (145/178)
Updating files:  82% (146/178)
Updating files:  83% (148/178)
Updating files:  84% (150/178)
Updating files:  85% (152/178)
Updating files:  86% (154/178)
Updating files:  87% (155/178)
Updating files:  88% (157/178)
Updating files:  89% (159/178)
Updating files:  90% (161/178)
Updating files:  91% (162/178)
Updating files:  92% (164/178)
Updating files:  93% (166/178)
Updating files:  94% (168/178)
Updating files:  95% (170/178)
Updating files:  96% (171/178)
Updating files:  97% (173/178)
Updating files:  98% (175/178)
Updating files:  99% (177/178)
Updating files: 100% (178/178)
Updating files: 100% (178/178), done.
