✔ [2/57] Built Lean4Lean.Declaration (470ms)
✔ [3/57] Built Lean4Lean.List (459ms)
✔ [4/57] Built Lean4Lean.LocalContext (483ms)
✔ [5/57] Built Lean4Lean.PtrEq (474ms)
✔ [13/57] Built Lean4Lean.Instantiate (534ms)
✔ [14/57] Built Lean4Lean.ForEachExprV (540ms)
✔ [15/57] Built Lean4Lean.Expr (672ms)
✔ [16/57] Built Lean4Lean.Declaration:c.o (508ms)
✔ [17/57] Built Lean4Lean.List:c.o (502ms)
✔ [18/57] Built Lean4Lean.LocalContext:c.o (466ms)
✔ [19/57] Built Batteries.Util.Panic:c.o (70ms)
✔ [20/57] Built Batteries.Tactic.OpenPrivate (1.2s)
✔ [21/57] Built Lean4Lean.PtrEq:c.o (86ms)
✔ [22/57] Built Batteries.Data.UnionFind.Basic:c.o (343ms)
✔ [23/57] Built Lean4Lean.Instantiate:c.o (85ms)
✔ [24/57] Built Lean4Lean.ForEachExprV:c.o (144ms)
✔ [25/57] Built Batteries.Tactic.SeqFocus:c.o (646ms)
✔ [27/57] Built Batteries.Tactic.Lint.Basic:c.o (1.3s)
✔ [28/57] Built Lean4Lean.Expr:c.o (464ms)
✔ [29/94] Built Batteries.CodeAction.Deprecated:c.o (977ms)
✔ [58/111] Built Lean4Lean.EquivManager (1.8s)
✔ [60/111] Built Batteries.Tactic.Lint.Misc:c.o (1.9s)
✔ [63/111] Built Batteries.Lean.Expr (553ms)
✔ [64/111] Built Lean4Lean.Std.Control (258ms)
✔ [65/111] Built Lean4Lean.Environment.Basic (1.1s)
✔ [67/111] Built Batteries.Tactic.OpenPrivate:c.o (1.3s)
✔ [68/111] Built Lean4Lean.EquivManager:c.o (672ms)
✔ [69/111] Built Lean4Lean.Environment.Basic:c.o (699ms)
✔ [70/111] Built Lean4Lean.Inductive.Reduce (939ms)
✔ [72/111] Built Lean4Lean.Quot (1.1s)
✔ [74/111] Built Batteries.Data.List.Basic:c.o (2.3s)
✔ [76/115] Built Batteries.Tactic.Alias:c.o (3.2s)
✔ [77/115] Built Lean4Lean.Std.ToExpr (1.7s)
✔ [78/116] Built Lean4Lean.Quot:c.o (453ms)
✔ [79/116] Built Lean4Lean.Inductive.Reduce:c.o (603ms)
✔ [80/118] Built Batteries.Data.String.Basic (542ms)
✔ [81/131] Built Lean4Lean.Theory.VDecl (1.9s)
✔ [82/131] Built Lean4Lean.Std.NodupKeys (948ms)
✔ [83/134] Built Lean4Lean.Theory.Typing.Pattern (3.1s)
✔ [84/134] Built Batteries.Tactic.Unreachable (768ms)
✔ [85/134] Built Batteries.Lean.TagAttribute (566ms)
✔ [86/139] Built Lean4Lean.Verify.NameGenerator (1.8s)
✔ [88/147] Built Lean4Lean.Theory.Typing.Meta (2.2s)
✔ [89/147] Built Batteries.Lean.AttributeExtra (693ms)
✔ [90/147] Built Lean4Lean.Theory.Meta (2.7s)
✔ [91/147] Built Batteries.Linter.UnreachableTactic (1.5s)
✔ [92/147] Built Batteries.Data.String.Legacy (1.8s)
⚠ [93/147] Built Lean4Lean.Theory.Inductive (2.1s)
warning: Lean4Lean/Theory/Inductive.lean:5:4: declaration uses `sorry`
warning: Lean4Lean/Theory/Inductive.lean:7:4: declaration uses `sorry`
✔ [94/147] Built Batteries.Data.UnionFind.Lemmas (1.2s)
✔ [95/147] Built Lean4Lean.Level (7.9s)
✔ [96/147] Built Lean4Lean.Verify.Axioms (2.0s)
✔ [97/147] Built Batteries.Linter.UnnecessarySeqFocus (1.4s)
✔ [98/147] Built Lean4Lean.Std.HashMap (2.0s)
✔ [99/147] Built Lean4Lean.Theory.Quot (1.2s)
✔ [100/147] Built Batteries.Linter (408ms)
✔ [101/147] Built Lean4Lean.Std.PersistentHashMap (635ms)
✔ [102/147] Built Batteries.Tactic.Basic (506ms)
✔ [103/147] Built Lean4Lean.Level:c.o (1.6s)
✔ [104/147] Built Lean4Lean.Theory.Typing.Env (1.2s)
✔ [105/147] Built Batteries.Classes.Order (697ms)
✔ [106/147] Built Lean4Lean.Std.SMap (1.4s)
⚠ [107/147] Built Lean4Lean.Theory.Typing.InductiveLemmas (1.2s)
warning: Lean4Lean/Theory/Typing/InductiveLemmas.lean:8:8: declaration uses `sorry`
✔ [108/147] Built Lean4Lean.Theory.Typing.QuotLemmas (2.6s)
✔ [109/147] Built Batteries.Data.String.Lemmas (4.4s)
✔ [110/147] Built Lean4Lean.TypeChecker (8.4s)
✔ [111/147] Built Lean4Lean.Theory.Typing.EnvLemmas (4.8s)
⚠ [112/147] Built Lean4Lean.Theory.Typing.Injectivity (968ms)
warning: Lean4Lean/Theory/Typing/Injectivity.lean:11:8: declaration uses `sorry`
warning: Lean4Lean/Theory/Typing/Injectivity.lean:14:8: declaration uses `sorry`
warning: Lean4Lean/Theory/Typing/Injectivity.lean:33:8: declaration uses `sorry`
⚠ [113/147] Built Lean4Lean.Theory.Typing.UniqueTyping (1.9s)
warning: Lean4Lean/Theory/Typing/UniqueTyping.lean:172:8: declaration uses `sorry`
⚠ [114/147] Built Lean4Lean.Verify.Level (12s)
warning: Lean4Lean/Verify/Level.lean:543:8: declaration uses `sorry`
✔ [115/147] Built Lean4Lean.Inductive.Add (4.5s)
✔ [116/147] Built Lean4Lean.TypeChecker:c.o (5.0s)
✔ [117/147] Built Lean4Lean.Primitive (6.1s)
✔ [118/147] Built Lean4Lean.Environment (1.4s)
✔ [119/147] Built Lean4Lean.Environment:c.o (654ms)
✔ [120/147] Built Lean4Lean (1.2s)
✔ [122/147] Built Lean4Lean.Inductive.Add:c.o (4.7s)
⚠ [123/147] Built Lean4Lean.Theory.Typing.ChurchRosser (6.1s)
warning: Lean4Lean/Theory/Typing/ChurchRosser.lean:1176:8: declaration uses `sorry`
✔ [124/147] Built Main (2.2s)
✔ [125/147] Built Lean4Lean.Primitive:c.o (3.7s)
✔ [126/147] Built Main:c.o (1.1s)
✔ [127/147] Built Lean4Lean.Theory.Typing.HeadReduction (2.3s)
✔ [128/147] Built Lean4Lean.Theory (1.1s)
✔ [130/147] Built lean4lean:exe (3.4s)
✔ [131/147] Built Lean4Lean.Verify.Expr (12s)
✔ [132/147] Built Lean4Lean.Verify.VLCtx (2.9s)
⚠ [133/147] Built Lean4Lean.Verify.Typing.Expr (788ms)
warning: Lean4Lean/Verify/Typing/Expr.lean:67:4: declaration uses `sorry`
⚠ [134/147] Built Lean4Lean.Verify.Typing.Lemmas (5.3s)
warning: Lean4Lean/Verify/Typing/Lemmas.lean:557:8: declaration uses `sorry`
warning: Lean4Lean/Verify/Typing/Lemmas.lean:638:8: declaration uses `sorry`
warning: Lean4Lean/Verify/Typing/Lemmas.lean:641:8: declaration uses `sorry`
warning: Lean4Lean/Verify/Typing/Lemmas.lean:809:8: declaration uses `sorry`
warning: Lean4Lean/Verify/Typing/Lemmas.lean:852:8: declaration uses `sorry`
warning: Lean4Lean/Verify/Typing/Lemmas.lean:1155:8: declaration uses `sorry`
warning: Lean4Lean/Verify/Typing/Lemmas.lean:1411:8: declaration uses `sorry`
✔ [135/147] Built Lean4Lean.Verify (777ms)
✔ [136/147] Built Lean4Lean.Verify.Typing.ConditionallyTyped (941ms)
✔ [137/147] Built Lean4Lean.Verify.LocalContext (1.2s)
✔ [138/147] Built Lean4Lean.Verify.Environment.Basic (730ms)
✔ [139/147] Built Lean4Lean.Verify.Environment.Lemmas (781ms)
✔ [140/147] Built Lean4Lean.Verify.TypeChecker.Basic (1.9s)
✔ [141/147] Built Lean4Lean.Verify.TypeChecker.Reduce (1.8s)
⚠ [142/147] Built Lean4Lean.Verify.TypeChecker.WHNF (2.3s)
warning: Lean4Lean/Verify/TypeChecker/WHNF.lean:6:8: declaration uses `sorry`
warning: Lean4Lean/Verify/TypeChecker/WHNF.lean:25:8: declaration uses `sorry`
✔ [143/147] Built Lean4Lean.Verify.EquivManager (6.3s)
⚠ [144/147] Built Lean4Lean.Verify.TypeChecker.IsDefEq (5.4s)
warning: Lean4Lean/Verify/TypeChecker/IsDefEq.lean:224:8: declaration uses `sorry`
warning: Lean4Lean/Verify/TypeChecker/IsDefEq.lean:473:8: declaration uses `sorry`
⚠ [145/147] Built Lean4Lean.Verify.TypeChecker.InferType (7.7s)
warning: Lean4Lean/Verify/TypeChecker/InferType.lean:397:8: declaration uses `sorry`
✔ [146/147] Built Lean4Lean.Verify.TypeChecker (1.4s)
Build completed successfully (147 jobs).
