✔ [2/22] Built Batteries.Data.List.Init.Lemmas (999ms)
✔ [3/30] Built Batteries.Lean.Position (1.1s)
✔ [4/30] Built Batteries.Data.List.ArrayMap (1.1s)
✔ [5/30] Built Batteries.Control.ForInStep.Basic (1.1s)
✔ [6/32] Built Batteries.CodeAction.Attr (1.4s)
✔ [7/32] Built Batteries.Lean.EStateM (1.4s)
✔ [8/42] Built Batteries.CodeAction.Deprecated (1.6s)
✔ [9/42] Built Batteries.Control.ForInStep.Lemmas (419ms)
✔ [10/42] Built Batteries.Lean.Except (569ms)
✔ [11/44] Built Batteries.Data.Array.Match (1.7s)
✔ [12/44] Built Batteries.Util.ProofWanted (567ms)
✔ [13/44] Built Batteries.Lean.HashMap (352ms)
✔ [15/46] Built Batteries.Util.Panic (280ms)
✔ [16/46] Built Batteries.Tactic.Init (1.2s)
✔ [17/46] Built Batteries.Tactic.SeqFocus (765ms)
✔ [18/46] Built Batteries.CodeAction.Basic (1.1s)
✔ [19/46] Built Batteries.Data.List.Matcher (296ms)
✔ [20/46] Built Batteries.Tactic.Lint.Basic (1.0s)
✔ [21/46] Built Batteries.Classes.SatisfiesM (901ms)
✔ [22/46] Built Batteries.Data.List.Monadic (263ms)
✔ [23/46] Built Batteries.Tactic.Alias (1.5s)
✔ [24/46] Built Batteries.Tactic.Lint.Misc (662ms)
✔ [25/46] Built Batteries.CodeAction.Misc (2.1s)
✔ [26/46] Built Batteries.Data.HashMap.Basic (513ms)
✔ [27/46] Built Batteries.Data.UnionFind.Basic (1.7s)
✔ [28/46] Built Batteries.Data.List.Basic (2.0s)
✔ [29/46] Built Batteries.Data.List.Pairwise (373ms)
✔ [30/46] Built Lean4Lean.Std.Variable! (4.2s)
✔ [31/46] Built Batteries.Data.List.Lemmas (3.9s)
✔ [32/46] Built Batteries.Data.List.Scan (869ms)
✔ [33/46] Built Batteries.Data.List.Count (1.0s)
✔ [34/46] Built Batteries.Data.Array.Lemmas (994ms)
✔ [35/46] Built Batteries.Data.List.Perm (836ms)
✔ [36/46] Built Batteries.Data.List (250ms)
✔ [37/46] Built Batteries.CodeAction.Match (540ms)
✔ [38/46] Built Batteries.CodeAction (258ms)
✔ [39/46] Built Lean4Lean.Std.Basic (804ms)
✔ [40/46] Built Lean4Lean.Theory.VLevel (501ms)
✔ [41/46] Built Lean4Lean.Theory.VExpr (1.6s)
✔ [42/46] Built Lean4Lean.Theory.VEnv (651ms)
✔ [43/46] Built Lean4Lean.Theory.Typing.Basic (717ms)
✔ [44/46] Built Lean4Lean.Theory.Typing.Lemmas (1.2s)
✔ [45/46] Built Lean4Lean.Theory.Typing.Strong (1.8s)
✔ [46/46] Built Lean4Lean.Experimental.StratifiedUntyped (753ms)
Build completed successfully (46 jobs).
