✔ [3063/3064] Built FormalBook.Widgets.Windmill (1.1s)
⚠ [3064/3064] Built FormalBook.Chapter_04 (75s)
warning: FormalBook/Chapter_04.lean:42:6: declaration uses 'sorry'
warning: FormalBook/Chapter_04.lean:84:8: declaration uses 'sorry'
warning: FormalBook/Chapter_04.lean:184:8: declaration uses 'sorry'
warning: FormalBook/Chapter_04.lean:210:82: This simp argument is unused:
  Prod.mk.injEq

Hint: Omit it from the simp argument list.
  simp only [secondInvo, secondInvo_fun, sub_sub_cancel, id_eq, Subtype.mk.injEq, P̵r̵o̵d̵.̵m̵k̵.̵i̵n̵j̵E̵q̵,̵
  ̵ ̵ ̵ ̵ ̵and_true]

Note: This linter can be disabled with `set_option linter.unusedSimpArgs false`
warning: FormalBook/Chapter_04.lean:211:4: This simp argument is unused:
  and_true

Hint: Omit it from the simp argument list.
  simp only [secondInvo, secondInvo_fun, sub_sub_cancel, id_eq, Subtype.mk.injEq, Prod.mk.injEq,̵
  ̵ ̵ ̵ ̵ ̵a̵n̵d̵_̵t̵r̵u̵e̵]

Note: This linter can be disabled with `set_option linter.unusedSimpArgs false`
warning: FormalBook/Chapter_04.lean:232:8: declaration uses 'sorry'
warning: FormalBook/Chapter_04.lean:247:8: declaration uses 'sorry'
warning: FormalBook/Chapter_04.lean:270:14: This simp argument is unused:
  Subtype.mk.injEq

Hint: Omit it from the simp argument list.
  simp only [ ̵S̵u̵b̵t̵y̵p̵e̵.̵m̵k̵.̵i̵n̵j̵E̵q̵,̵ ̵Prod.mk.injEq, true_and] at hf

Note: This linter can be disabled with `set_option linter.unusedSimpArgs false`
warning: FormalBook/Chapter_04.lean:270:32: This simp argument is unused:
  Prod.mk.injEq

Hint: Omit it from the simp argument list.
  simp only [̵ ̵S̵u̵b̵t̵y̵p̵e̵.̵m̵k̵.̵i̵n̵j̵E̵q̵,̵ ̵P̵r̵o̵d̵.̵m̵k̵.̵i̵n̵j̵E̵q̵,̵[̲S̲u̲b̲t̲y̲p̲e̲.̲m̲k̲.̲i̲n̲j̲E̲q̲,̲ true_and] at hf

Note: This linter can be disabled with `set_option linter.unusedSimpArgs false`
warning: FormalBook/Chapter_04.lean:270:47: This simp argument is unused:
  true_and

Hint: Omit it from the simp argument list.
  simp only [̵ ̵S̵u̵b̵t̵y̵p̵e̵.̵m̵k̵.̵i̵n̵j̵E̵q̵,̵ ̵P̵r̵o̵d̵.̵m̵k̵.̵i̵n̵j̵E̵q̵,̵ ̵t̵r̵u̵e̵_̵a̵n̵d̵]̵[̲S̲u̲b̲t̲y̲p̲e̲.̲m̲k̲.̲i̲n̲j̲E̲q̲,̲ ̲P̲r̲o̲d̲.̲m̲k̲.̲i̲n̲j̲E̲q̲]̲ at hf

Note: This linter can be disabled with `set_option linter.unusedSimpArgs false`
warning: FormalBook/Chapter_04.lean:287:8: declaration uses 'sorry'
info: FormalBook/Chapter_04.lean:320:0: (2, 5, 6)
Build completed successfully (3064 jobs).
