✔ [2/57] Built Lean4Lean.Declaration (543ms)
✔ [3/57] Built Lean4Lean.List (543ms)
✔ [4/57] Built Lean4Lean.Instantiate (587ms)
✔ [5/57] Built Lean4Lean.LocalContext (565ms)
✔ [6/57] Built Lean4Lean.ForEachExprV (603ms)
✔ [7/57] Built Lean4Lean.PtrEq (550ms)
✔ [14/57] Built Lean4Lean.Expr (749ms)
✔ [15/57] Built Lean4Lean.Declaration:c.o (543ms)
✔ [16/57] Built Lean4Lean.List:c.o (538ms)
✔ [17/57] Built Batteries.Util.Panic:c.o (80ms)
✔ [18/57] Built Batteries.Tactic.OpenPrivate (1.3s)
✔ [19/57] Built Lean4Lean.PtrEq:c.o (87ms)
✔ [20/57] Built Lean4Lean.LocalContext:c.o (96ms)
✔ [21/57] Built Batteries.Data.UnionFind.Basic:c.o (328ms)
✔ [22/57] Built Lean4Lean.Instantiate:c.o (92ms)
✔ [23/57] Built Lean4Lean.ForEachExprV:c.o (141ms)
✔ [24/57] Built Batteries.Tactic.SeqFocus:c.o (906ms)
✔ [26/57] Built Lean4Lean.Expr:c.o (427ms)
✔ [28/57] Built Batteries.Tactic.Lint.Basic:c.o (1.4s)
✔ [29/73] Built Batteries.CodeAction.Deprecated:c.o (883ms)
✔ [58/111] Built Lean4Lean.EquivManager (1.0s)
✔ [60/111] Built Batteries.Tactic.Lint.Misc:c.o (2.1s)
✔ [61/111] Built Batteries.Lean.Expr (710ms)
✔ [64/111] Built Lean4Lean.Std.Control (301ms)
✔ [65/111] Built Lean4Lean.Environment.Basic (1.4s)
✔ [66/111] Built Batteries.Tactic.OpenPrivate:c.o (1.5s)
✔ [67/111] Built Lean4Lean.EquivManager:c.o (570ms)
✔ [70/111] Built Lean4Lean.Environment.Basic:c.o (623ms)
✔ [71/111] Built Lean4Lean.Quot (1.0s)
✔ [73/111] Built Batteries.Data.List.Basic:c.o (2.2s)
✔ [75/111] Built Lean4Lean.Std.ToExpr (1.6s)
✔ [76/115] Built Lean4Lean.Quot:c.o (379ms)
✔ [77/116] Built Lean4Lean.Inductive.Reduce (882ms)
✔ [78/116] Built Lean4Lean.Theory.VDecl (1.6s)
✔ [79/116] Built Batteries.Data.String.Basic (330ms)
✔ [80/116] Built Lean4Lean.Inductive.Reduce:c.o (752ms)
✔ [81/116] Built Lean4Lean.Std.NodupKeys (854ms)
✔ [82/118] Built Batteries.Tactic.Alias:c.o (3.8s)
✔ [83/131] Built Lean4Lean.Theory.Typing.Pattern (3.0s)
✔ [84/134] Built Lean4Lean.Verify.NameGenerator (1.8s)
✔ [85/139] Built Batteries.Tactic.Unreachable (644ms)
✔ [87/147] Built Lean4Lean.Theory.Typing.Meta (2.3s)
✔ [88/147] Built Batteries.Lean.TagAttribute (434ms)
⚠ [89/147] Built Lean4Lean.Theory.Inductive (1.8s)
warning: Lean4Lean/Theory/Inductive.lean:5:4: declaration uses `sorry`
warning: Lean4Lean/Theory/Inductive.lean:7:4: declaration uses `sorry`
✔ [90/147] Built Batteries.Lean.AttributeExtra (615ms)
✔ [91/147] Built Lean4Lean.Theory.Meta (2.2s)
✔ [92/147] Built Batteries.Linter.UnreachableTactic (1.2s)
✔ [93/147] Built Batteries.Data.String.Legacy (1.3s)
✔ [94/147] Built Lean4Lean.Verify.Axioms (2.5s)
✔ [95/147] Built Batteries.Data.UnionFind.Lemmas (991ms)
✔ [96/147] Built Lean4Lean.Level (7.7s)
✔ [97/147] Built Lean4Lean.Std.HashMap (1.8s)
✔ [98/147] Built Lean4Lean.Theory.Quot (1.2s)
✔ [99/147] Built Batteries.Linter.UnnecessarySeqFocus (1.2s)
✔ [100/147] Built Lean4Lean.Std.PersistentHashMap (521ms)
✔ [101/147] Built Batteries.Linter (390ms)
✔ [102/147] Built Batteries.Tactic.Basic (412ms)
✔ [103/147] Built Lean4Lean.Theory.Typing.Env (1.1s)
✔ [104/147] Built Lean4Lean.Std.SMap (1.3s)
✔ [105/147] Built Batteries.Classes.Order (671ms)
✔ [106/147] Built Lean4Lean.Level:c.o (1.7s)
⚠ [107/147] Built Lean4Lean.Theory.Typing.InductiveLemmas (927ms)
warning: Lean4Lean/Theory/Typing/InductiveLemmas.lean:8:8: declaration uses `sorry`
✔ [108/147] Built Lean4Lean.Theory.Typing.QuotLemmas (1.8s)
✔ [109/147] Built Lean4Lean.Theory.Typing.EnvLemmas (1.0s)
✔ [110/147] Built Batteries.Data.String.Lemmas (3.5s)
✔ [111/147] Built Lean4Lean.TypeChecker (5.2s)
⚠ [112/147] Built Lean4Lean.Theory.Typing.Injectivity (1.2s)
warning: Lean4Lean/Theory/Typing/Injectivity.lean:11:8: declaration uses `sorry`
warning: Lean4Lean/Theory/Typing/Injectivity.lean:14:8: declaration uses `sorry`
warning: Lean4Lean/Theory/Typing/Injectivity.lean:33:8: declaration uses `sorry`
⚠ [113/147] Built Lean4Lean.Theory.Typing.UniqueTyping (2.1s)
warning: Lean4Lean/Theory/Typing/UniqueTyping.lean:172:8: declaration uses `sorry`
✔ [114/147] Built Lean4Lean.Inductive.Add (6.5s)
✔ [115/147] Built Lean4Lean.TypeChecker:c.o (7.6s)
✔ [116/147] Built Lean4Lean.Primitive (7.0s)
⚠ [117/147] Built Lean4Lean.Verify.Level (13s)
warning: Lean4Lean/Verify/Level.lean:543:8: declaration uses `sorry`
⚠ [118/147] Built Lean4Lean.Theory.Typing.ChurchRosser (7.5s)
warning: Lean4Lean/Theory/Typing/ChurchRosser.lean:1176:8: declaration uses `sorry`
✔ [119/147] Built Lean4Lean.Inductive.Add:c.o (4.4s)
✔ [120/147] Built Lean4Lean.Primitive:c.o (3.2s)
✔ [121/147] Built Lean4Lean.Environment (4.7s)
✔ [122/147] Built Lean4Lean.Environment:c.o (640ms)
✔ [123/147] Built Lean4Lean (949ms)
✔ [125/147] Built Lean4Lean.Theory.Typing.HeadReduction (4.2s)
✔ [126/147] Built Main (1.0s)
✔ [127/147] Built Lean4Lean.Theory (844ms)
✔ [129/147] Built Main:c.o (986ms)
✔ [130/147] Built lean4lean:exe (3.6s)
✔ [131/147] Built Lean4Lean.Verify.Expr (13s)
✔ [132/147] Built Lean4Lean.Verify.VLCtx (3.8s)
⚠ [133/147] Built Lean4Lean.Verify.Typing.Expr (857ms)
warning: Lean4Lean/Verify/Typing/Expr.lean:67:4: declaration uses `sorry`
⚠ [134/147] Built Lean4Lean.Verify.Typing.Lemmas (5.4s)
warning: Lean4Lean/Verify/Typing/Lemmas.lean:557:8: declaration uses `sorry`
warning: Lean4Lean/Verify/Typing/Lemmas.lean:638:8: declaration uses `sorry`
warning: Lean4Lean/Verify/Typing/Lemmas.lean:641:8: declaration uses `sorry`
warning: Lean4Lean/Verify/Typing/Lemmas.lean:809:8: declaration uses `sorry`
warning: Lean4Lean/Verify/Typing/Lemmas.lean:852:8: declaration uses `sorry`
warning: Lean4Lean/Verify/Typing/Lemmas.lean:1155:8: declaration uses `sorry`
warning: Lean4Lean/Verify/Typing/Lemmas.lean:1411:8: declaration uses `sorry`
✔ [135/147] Built Lean4Lean.Verify (2.6s)
✔ [136/147] Built Lean4Lean.Verify.Typing.ConditionallyTyped (2.7s)
✔ [137/147] Built Lean4Lean.Verify.LocalContext (3.1s)
✔ [138/147] Built Lean4Lean.Verify.Environment.Basic (812ms)
✔ [139/147] Built Lean4Lean.Verify.Environment.Lemmas (873ms)
✔ [140/147] Built Lean4Lean.Verify.TypeChecker.Basic (2.0s)
✔ [141/147] Built Lean4Lean.Verify.TypeChecker.Reduce (9.2s)
⚠ [142/147] Built Lean4Lean.Verify.TypeChecker.WHNF (4.1s)
warning: Lean4Lean/Verify/TypeChecker/WHNF.lean:6:8: declaration uses `sorry`
warning: Lean4Lean/Verify/TypeChecker/WHNF.lean:25:8: declaration uses `sorry`
✔ [143/147] Built Lean4Lean.Verify.EquivManager (13s)
⚠ [144/147] Built Lean4Lean.Verify.TypeChecker.IsDefEq (5.3s)
warning: Lean4Lean/Verify/TypeChecker/IsDefEq.lean:224:8: declaration uses `sorry`
warning: Lean4Lean/Verify/TypeChecker/IsDefEq.lean:473:8: declaration uses `sorry`
⚠ [145/147] Built Lean4Lean.Verify.TypeChecker.InferType (7.4s)
warning: Lean4Lean/Verify/TypeChecker/InferType.lean:397:8: declaration uses `sorry`
✔ [146/147] Built Lean4Lean.Verify.TypeChecker (1.2s)
Build completed successfully (147 jobs).
