info: batteries: cloning https://github.com/leanprover-community/batteries
info: batteries: checking out revision '756e3321fd3b02a85ffda19fef789916223e578c'
✔ [2/22] Built Batteries.Data.List.Init.Lemmas (1.0s)
✔ [3/30] Built Batteries.Lean.Position (1.1s)
✔ [4/30] Built Batteries.Data.List.ArrayMap (1.1s)
✔ [5/30] Built Batteries.Control.ForInStep.Basic (1.1s)
✔ [6/32] Built Batteries.Lean.EStateM (1.4s)
✔ [7/35] Built Batteries.CodeAction.Attr (1.5s)
✔ [8/35] Built Batteries.Control.ForInStep.Lemmas (443ms)
✔ [9/35] Built Batteries.Lean.Except (517ms)
✔ [10/42] Built Batteries.CodeAction.Deprecated (1.6s)
✔ [11/42] Built Batteries.Data.Array.Match (1.6s)
✔ [12/44] Built Batteries.Util.ProofWanted (638ms)
✔ [13/44] Built Batteries.Lean.HashMap (378ms)
✔ [14/44] Built Batteries.Util.Panic (271ms)
✔ [16/46] Built Batteries.Tactic.SeqFocus (662ms)
✔ [17/46] Built Batteries.Data.List.Matcher (355ms)
✔ [18/46] Built Batteries.Tactic.Init (1.2s)
✔ [19/46] Built Batteries.Tactic.Lint.Basic (945ms)
✔ [20/46] Built Batteries.CodeAction.Basic (1.0s)
✔ [21/46] Built Batteries.Classes.SatisfiesM (1.1s)
✔ [22/46] Built Batteries.Data.List.Monadic (283ms)
✔ [23/46] Built Batteries.Tactic.Alias (1.5s)
✔ [24/46] Built Batteries.Tactic.Lint.Misc (726ms)
✔ [25/46] Built Batteries.CodeAction.Misc (1.0s)
✔ [26/46] Built Batteries.Data.HashMap.Basic (538ms)
✔ [27/46] Built Batteries.Data.UnionFind.Basic (1.9s)
✔ [28/46] Built Batteries.Data.List.Basic (2.3s)
✔ [29/46] Built Batteries.Data.List.Pairwise (482ms)
✔ [30/46] Built Lean4Lean.Std.Variable! (5.7s)
✔ [31/46] Built Batteries.Data.List.Lemmas (5.3s)
✔ [32/46] Built Batteries.Data.List.Scan (1.2s)
✔ [33/46] Built Batteries.Data.List.Count (1.3s)
✔ [34/46] Built Batteries.Data.Array.Lemmas (1.3s)
✔ [35/46] Built Batteries.Data.List.Perm (833ms)
✔ [36/46] Built Batteries.Data.List (280ms)
✔ [37/46] Built Batteries.CodeAction.Match (594ms)
✔ [38/46] Built Batteries.CodeAction (261ms)
✔ [39/46] Built Lean4Lean.Std.Basic (1.7s)
✔ [40/46] Built Lean4Lean.Theory.VLevel (511ms)
✔ [41/46] Built Lean4Lean.Theory.VExpr (4.1s)
✔ [42/46] Built Lean4Lean.Theory.VEnv (770ms)
✔ [43/46] Built Lean4Lean.Theory.Typing.Basic (875ms)
✔ [44/46] Built Lean4Lean.Theory.Typing.Lemmas (1.3s)
✔ [45/46] Built Lean4Lean.Theory.Typing.Strong (1.9s)
✔ [46/46] Built Lean4Lean.Experimental.StratifiedUntyped (789ms)
Build completed successfully (46 jobs).
