Cloning into '/Users/heath/Documents/mathgraph-lean-work/external/money_gold_recon_v6/tailcallhq__tailcall_3551'...
Updating files:   0% (2/1976)
Updating files:   1% (20/1976)
Updating files:   2% (40/1976)
Updating files:   3% (60/1976)
Updating files:   4% (80/1976)
Updating files:   5% (99/1976)
Updating files:   6% (119/1976)
Updating files:   7% (139/1976)
Updating files:   8% (159/1976)
Updating files:   9% (178/1976)
Updating files:  10% (198/1976)
Updating files:  11% (218/1976)
Updating files:  12% (238/1976)
Updating files:  13% (257/1976)
Updating files:  14% (277/1976)
Updating files:  15% (297/1976)
Updating files:  16% (317/1976)
Updating files:  17% (336/1976)
Updating files:  18% (356/1976)
Updating files:  19% (376/1976)
Updating files:  20% (396/1976)
Updating files:  21% (415/1976)
Updating files:  22% (435/1976)
Updating files:  23% (455/1976)
Updating files:  24% (475/1976)
Updating files:  25% (494/1976)
Updating files:  26% (514/1976)
Updating files:  27% (534/1976)
Updating files:  28% (554/1976)
Updating files:  29% (574/1976)
Updating files:  30% (593/1976)
Updating files:  31% (613/1976)
Updating files:  32% (633/1976)
Updating files:  33% (653/1976)
Updating files:  34% (672/1976)
Updating files:  35% (692/1976)
Updating files:  36% (712/1976)
Updating files:  37% (732/1976)
Updating files:  38% (751/1976)
Updating files:  39% (771/1976)
Updating files:  40% (791/1976)
Updating files:  41% (811/1976)
Updating files:  42% (830/1976)
Updating files:  43% (850/1976)
Updating files:  44% (870/1976)
Updating files:  45% (890/1976)
Updating files:  46% (909/1976)
Updating files:  47% (929/1976)
Updating files:  48% (949/1976)
Updating files:  49% (969/1976)
Updating files:  50% (988/1976)
Updating files:  51% (1008/1976)
Updating files:  52% (1028/1976)
Updating files:  53% (1048/1976)
Updating files:  54% (1068/1976)
Updating files:  55% (1087/1976)
Updating files:  56% (1107/1976)
Updating files:  57% (1127/1976)
Updating files:  58% (1147/1976)
Updating files:  59% (1166/1976)
Updating files:  60% (1186/1976)
Updating files:  61% (1206/1976)
Updating files:  62% (1226/1976)
Updating files:  63% (1245/1976)
Updating files:  64% (1265/1976)
Updating files:  65% (1285/1976)
Updating files:  66% (1305/1976)
Updating files:  67% (1324/1976)
Updating files:  68% (1344/1976)
Updating files:  69% (1364/1976)
Updating files:  70% (1384/1976)
Updating files:  71% (1403/1976)
Updating files:  72% (1423/1976)
Updating files:  73% (1443/1976)
Updating files:  74% (1463/1976)
Updating files:  75% (1482/1976)
Updating files:  76% (1502/1976)
Updating files:  77% (1522/1976)
Updating files:  78% (1542/1976)
Updating files:  79% (1562/1976)
Updating files:  80% (1581/1976)
Updating files:  81% (1601/1976)
Updating files:  82% (1621/1976)
Updating files:  83% (1641/1976)
Updating files:  84% (1660/1976)
Updating files:  85% (1680/1976)
Updating files:  86% (1700/1976)
Updating files:  87% (1720/1976)
Updating files:  88% (1739/1976)
Updating files:  89% (1759/1976)
Updating files:  90% (1779/1976)
Updating files:  91% (1799/1976)
Updating files:  92% (1818/1976)
Updating files:  93% (1838/1976)
Updating files:  94% (1858/1976)
Updating files:  95% (1878/1976)
Updating files:  96% (1897/1976)
Updating files:  97% (1917/1976)
Updating files:  98% (1937/1976)
Updating files:  99% (1957/1976)
Updating files: 100% (1976/1976)
Updating files: 100% (1976/1976), done.
