====================================================================================================
{
  "variant": "v01_use_type_ih_reverse_direct",
  "module_returncode": 1,
  "module_seconds": 2.73,
  "module_has_error": true,
  "stratified_has_sorry_warning": false,
  "full_build_returncode": null,
  "full_build_seconds": null
}
--- stdout tail ---
✖ [46/46] Building Lean4Lean.Experimental.StratifiedUntyped (2.5s)
trace: .> LEAN_PATH=/private/tmp/sorrydb_lean4lean_stratified_v4_5_6/.lake/packages/batteries/.lake/build/lib/lean:/private/tmp/sorrydb_lean4lean_stratified_v4_5_6/.lake/build/lib/lean /Users/heath/.elan/toolchains/leanprover--lean4---v4.29.0/bin/lean /private/tmp/sorrydb_lean4lean_stratified_v4_5_6/Lean4Lean/Experimental/StratifiedUntyped.lean -o /private/tmp/sorrydb_lean4lean_stratified_v4_5_6/.lake/build/lib/lean/Lean4Lean/Experimental/StratifiedUntyped.olean -i /private/tmp/sorrydb_lean4lean_stratified_v4_5_6/.lake/build/lib/lean/Lean4Lean/Experimental/StratifiedUntyped.ilean -c /private/tmp/sorrydb_lean4lean_stratified_v4_5_6/.lake/build/ir/Lean4Lean/Experimental/StratifiedUntyped.c --setup /private/tmp/sorrydb_lean4lean_stratified_v4_5_6/.lake/build/ir/Lean4Lean/Experimental/StratifiedUntyped.setup.json --json
error: Lean4Lean/Experimental/StratifiedUntyped.lean:72:40: Unknown identifier `a_ih`
error: Lean4Lean/Experimental/StratifiedUntyped.lean:72:49: Unknown identifier `a_ih`
error: Lean4Lean/Experimental/StratifiedUntyped.lean:72:63: Unknown identifier `a_ih`
error: Lean exited with code 1
Some required targets logged failures:
- Lean4Lean.Experimental.StratifiedUntyped
--- stderr tail ---
error: build failed
====================================================================================================
{
  "variant": "v02_use_type_ih_reverse_explicit_IsDefEqU1_symm",
  "module_returncode": 1,
  "module_seconds": 1.12,
  "module_has_error": true,
  "stratified_has_sorry_warning": false,
  "full_build_returncode": null,
  "full_build_seconds": null
}
--- stdout tail ---
✖ [46/46] Building Lean4Lean.Experimental.StratifiedUntyped (852ms)
trace: .> LEAN_PATH=/private/tmp/sorrydb_lean4lean_stratified_v4_5_6/.lake/packages/batteries/.lake/build/lib/lean:/private/tmp/sorrydb_lean4lean_stratified_v4_5_6/.lake/build/lib/lean /Users/heath/.elan/toolchains/leanprover--lean4---v4.29.0/bin/lean /private/tmp/sorrydb_lean4lean_stratified_v4_5_6/Lean4Lean/Experimental/StratifiedUntyped.lean -o /private/tmp/sorrydb_lean4lean_stratified_v4_5_6/.lake/build/lib/lean/Lean4Lean/Experimental/StratifiedUntyped.olean -i /private/tmp/sorrydb_lean4lean_stratified_v4_5_6/.lake/build/lib/lean/Lean4Lean/Experimental/StratifiedUntyped.ilean -c /private/tmp/sorrydb_lean4lean_stratified_v4_5_6/.lake/build/ir/Lean4Lean/Experimental/StratifiedUntyped.c --setup /private/tmp/sorrydb_lean4lean_stratified_v4_5_6/.lake/build/ir/Lean4Lean/Experimental/StratifiedUntyped.setup.json --json
error: Lean4Lean/Experimental/StratifiedUntyped.lean:72:40: Unknown identifier `a_ih`
error: Lean4Lean/Experimental/StratifiedUntyped.lean:72:49: Unknown identifier `a_ih`
error: Lean4Lean/Experimental/StratifiedUntyped.lean:72:72: Unknown identifier `a_ih`
error: Lean exited with code 1
Some required targets logged failures:
- Lean4Lean.Experimental.StratifiedUntyped
--- stderr tail ---
error: build failed
====================================================================================================
{
  "variant": "v03_have_hd_from_type_ih_reverse",
  "module_returncode": 1,
  "module_seconds": 0.91,
  "module_has_error": true,
  "stratified_has_sorry_warning": false,
  "full_build_returncode": null,
  "full_build_seconds": null
}
--- stdout tail ---
✖ [46/46] Building Lean4Lean.Experimental.StratifiedUntyped (823ms)
trace: .> LEAN_PATH=/private/tmp/sorrydb_lean4lean_stratified_v4_5_6/.lake/packages/batteries/.lake/build/lib/lean:/private/tmp/sorrydb_lean4lean_stratified_v4_5_6/.lake/build/lib/lean /Users/heath/.elan/toolchains/leanprover--lean4---v4.29.0/bin/lean /private/tmp/sorrydb_lean4lean_stratified_v4_5_6/Lean4Lean/Experimental/StratifiedUntyped.lean -o /private/tmp/sorrydb_lean4lean_stratified_v4_5_6/.lake/build/lib/lean/Lean4Lean/Experimental/StratifiedUntyped.olean -i /private/tmp/sorrydb_lean4lean_stratified_v4_5_6/.lake/build/lib/lean/Lean4Lean/Experimental/StratifiedUntyped.ilean -c /private/tmp/sorrydb_lean4lean_stratified_v4_5_6/.lake/build/ir/Lean4Lean/Experimental/StratifiedUntyped.c --setup /private/tmp/sorrydb_lean4lean_stratified_v4_5_6/.lake/build/ir/Lean4Lean/Experimental/StratifiedUntyped.setup.json --json
error: Lean4Lean/Experimental/StratifiedUntyped.lean:72:19: Unknown identifier `a_ih`
error: Lean4Lean/Experimental/StratifiedUntyped.lean:72:28: Unknown identifier `a_ih`
error: Lean4Lean/Experimental/StratifiedUntyped.lean:72:42: Unknown identifier `a_ih`
error: Lean exited with code 1
Some required targets logged failures:
- Lean4Lean.Experimental.StratifiedUntyped
--- stderr tail ---
error: build failed
====================================================================================================
{
  "variant": "v04_trace_a_ih_names",
  "module_returncode": 0,
  "module_seconds": 1.02,
  "module_has_error": false,
  "stratified_has_sorry_warning": true,
  "full_build_returncode": null,
  "full_build_seconds": null
}
--- stdout tail ---
⚠ [46/46] Built Lean4Lean.Experimental.StratifiedUntyped (888ms)
info: Lean4Lean/Experimental/StratifiedUntyped.lean:72:4: case constDF
env : VEnv
Γ : List VExpr
U : Nat
henv : env.Ordered
e1 e2 A : VExpr
defEq hasType : List VExpr → VExpr → VExpr → Prop
hty : ∀ {Γ : List VExpr} {e A : VExpr}, env.HasTypeU1 U defEq Γ e A → hasType Γ e A
hdf :
  ∀ {Γ : List VExpr} {e1 e2 A1 A2 : VExpr},
    env.HasTypeU1 U defEq Γ e1 A1 → env.HasTypeU1 U defEq Γ e2 A2 → env.IsDefEqU1 U hasType Γ e1 e2 → defEq Γ e1 e2
c✝ : Name
ci✝ : VConstant
ls₁ ls₂ : List VLevel
u✝ : VLevel
Γ✝ : List VExpr
h1 : env.constants c✝ = some ci✝
h2 : ∀ (l : VLevel), l ∈ ls₁ → VLevel.WF U l
h3 : ∀ (l : VLevel), l ∈ ls₂ → VLevel.WF U l
h4 : ls₁.length = ci✝.uvars
h5 : List.Forall₂ (fun x1 x2 => x1 ≈ x2) ls₁ ls₂
a✝² : VLevel.WF U u✝
a✝¹ : env.IsDefEqStrong U [] (VExpr.instL ls₁ ci✝.type) (VExpr.instL ls₂ ci✝.type) (sort u✝)
a✝ : env.IsDefEqStrong U Γ✝ (VExpr.instL ls₁ ci✝.type) (VExpr.instL ls₂ ci✝.type) (sort u✝)
a_ih✝¹ :
  env.HasTypeU1 U defEq [] (VExpr.instL ls₁ ci✝.type) (sort u✝) ∧
    env.HasTypeU1 U defEq [] (VExpr.instL ls₂ ci✝.type) (sort u✝) ∧
      env.IsDefEqU1 U hasType [] (VExpr.instL ls₁ ci✝.type) (VExpr.instL ls₂ ci✝.type)
a_ih✝ :
  env.HasTypeU1 U defEq Γ✝ (VExpr.instL ls₁ ci✝.type) (sort u✝) ∧
    env.HasTypeU1 U defEq Γ✝ (VExpr.instL ls₂ ci✝.type) (sort u✝) ∧
      env.IsDefEqU1 U hasType Γ✝ (VExpr.instL ls₁ ci✝.type) (VExpr.instL ls₂ ci✝.type)
⊢ env.HasTypeU1 U defEq Γ✝ (const c✝ ls₁) (VExpr.instL ls₁ ci✝.type) ∧
    env.HasTypeU1 U defEq Γ✝ (const c✝ ls₂) (VExpr.instL ls₁ ci✝.type) ∧
      env.IsDefEqU1 U hasType Γ✝ (const c✝ ls₁) (const c✝ ls₂)
info: Lean4Lean/Experimental/StratifiedUntyped.lean:73:39: env : VEnv
Γ : List VExpr
U : Nat
henv : env.Ordered
e1 e2 A : VExpr
defEq hasType : List VExpr → VExpr → VExpr → Prop
hty : ∀ {Γ : List VExpr} {e A : VExpr}, env.HasTypeU1 U defEq Γ e A → hasType Γ e A
hdf :
  ∀ {Γ : List VExpr} {e1 e2 A1 A2 : VExpr},
    env.HasTypeU1 U defEq Γ e1 A1 → env.HasTypeU1 U defEq Γ e2 A2 → env.IsDefEqU1 U hasType Γ e1 e2 → defEq Γ e1 e2
c✝ : Name
ci✝ : VConstant
ls₁ ls₂ : List VLevel
u✝ : VLevel
Γ✝ : List VExpr
h1 : env.constants c✝ = some ci✝
h2 : ∀ (l : VLevel), l ∈ ls₁ → VLevel.WF U l
h3 : ∀ (l : VLevel), l ∈ ls₂ → VLevel.WF U l
h4 : ls₁.length = ci✝.uvars
h5 : List.Forall₂ (fun x1 x2 => x1 ≈ x2) ls₁ ls₂
a✝² : VLevel.WF U u✝
a✝¹ : env.IsDefEqStrong U [] (VExpr.instL ls₁ ci✝.type) (VExpr.instL ls₂ ci✝.type) (sort u✝)
a✝ : env.IsDefEqStrong U Γ✝ (VExpr.instL ls₁ ci✝.type) (VExpr.instL ls₂ ci✝.type) (sort u✝)
a_ih✝¹ :
  env.HasTypeU1 U defEq [] (VExpr.instL ls₁ ci✝.type) (sort u✝) ∧
    env.HasTypeU1 U defEq [] (VExpr.instL ls₂ ci✝.type) (sort u✝) ∧
      env.IsDefEqU1 U hasType [] (VExpr.instL ls₁ ci✝.type) (VExpr.instL ls₂ ci✝.type)
a_ih✝ :
  env.HasTypeU1 U defEq Γ✝ (VExpr.instL ls₁ ci✝.type) (sort u✝) ∧
    env.HasTypeU1 U defEq Γ✝ (VExpr.instL ls₂ ci✝.type) (sort u✝) ∧
      env.IsDefEqU1 U hasType Γ✝ (VExpr.instL ls₁ ci✝.type) (VExpr.instL ls₂ ci✝.type)
⊢ defEq Γ✝ (VExpr.instL ls₂ ci✝.type) (VExpr.instL ls₁ ci✝.type)
warning: Lean4Lean/Experimental/StratifiedUntyped.lean:55:8: declaration uses `sorry`
Build completed successfully (46 jobs).
--- stderr tail ---

====================================================================================================
{
  "variant": "v05_destructure_a_ih_then_hdf_reverse",
  "module_returncode": 1,
  "module_seconds": 0.91,
  "module_has_error": true,
  "stratified_has_sorry_warning": false,
  "full_build_returncode": null,
  "full_build_seconds": null
}
--- stdout tail ---
✖ [46/46] Building Lean4Lean.Experimental.StratifiedUntyped (813ms)
trace: .> LEAN_PATH=/private/tmp/sorrydb_lean4lean_stratified_v4_5_6/.lake/packages/batteries/.lake/build/lib/lean:/private/tmp/sorrydb_lean4lean_stratified_v4_5_6/.lake/build/lib/lean /Users/heath/.elan/toolchains/leanprover--lean4---v4.29.0/bin/lean /private/tmp/sorrydb_lean4lean_stratified_v4_5_6/Lean4Lean/Experimental/StratifiedUntyped.lean -o /private/tmp/sorrydb_lean4lean_stratified_v4_5_6/.lake/build/lib/lean/Lean4Lean/Experimental/StratifiedUntyped.olean -i /private/tmp/sorrydb_lean4lean_stratified_v4_5_6/.lake/build/lib/lean/Lean4Lean/Experimental/StratifiedUntyped.ilean -c /private/tmp/sorrydb_lean4lean_stratified_v4_5_6/.lake/build/ir/Lean4Lean/Experimental/StratifiedUntyped.c --setup /private/tmp/sorrydb_lean4lean_stratified_v4_5_6/.lake/build/ir/Lean4Lean/Experimental/StratifiedUntyped.setup.json --json
error: Lean4Lean/Experimental/StratifiedUntyped.lean:72:30: Unknown identifier `a_ih`
error: Lean4Lean/Experimental/StratifiedUntyped.lean:72:30: Unknown identifier `a_ih`
error: Lean4Lean/Experimental/StratifiedUntyped.lean:72:8: Invalid `⟨...⟩` notation: The expected type of this term could not be determined
error: Lean4Lean/Experimental/StratifiedUntyped.lean:73:4: No goals to be solved
error: Lean exited with code 1
Some required targets logged failures:
- Lean4Lean.Experimental.StratifiedUntyped
--- stderr tail ---
error: build failed
====================================================================================================
{
  "variant": "v06_destructure_a_ih_explicit_symm",
  "module_returncode": 1,
  "module_seconds": 0.92,
  "module_has_error": true,
  "stratified_has_sorry_warning": false,
  "full_build_returncode": null,
  "full_build_seconds": null
}
--- stdout tail ---
✖ [46/46] Building Lean4Lean.Experimental.StratifiedUntyped (785ms)
trace: .> LEAN_PATH=/private/tmp/sorrydb_lean4lean_stratified_v4_5_6/.lake/packages/batteries/.lake/build/lib/lean:/private/tmp/sorrydb_lean4lean_stratified_v4_5_6/.lake/build/lib/lean /Users/heath/.elan/toolchains/leanprover--lean4---v4.29.0/bin/lean /private/tmp/sorrydb_lean4lean_stratified_v4_5_6/Lean4Lean/Experimental/StratifiedUntyped.lean -o /private/tmp/sorrydb_lean4lean_stratified_v4_5_6/.lake/build/lib/lean/Lean4Lean/Experimental/StratifiedUntyped.olean -i /private/tmp/sorrydb_lean4lean_stratified_v4_5_6/.lake/build/lib/lean/Lean4Lean/Experimental/StratifiedUntyped.ilean -c /private/tmp/sorrydb_lean4lean_stratified_v4_5_6/.lake/build/ir/Lean4Lean/Experimental/StratifiedUntyped.c --setup /private/tmp/sorrydb_lean4lean_stratified_v4_5_6/.lake/build/ir/Lean4Lean/Experimental/StratifiedUntyped.setup.json --json
error: Lean4Lean/Experimental/StratifiedUntyped.lean:72:30: Unknown identifier `a_ih`
error: Lean4Lean/Experimental/StratifiedUntyped.lean:72:30: Unknown identifier `a_ih`
error: Lean4Lean/Experimental/StratifiedUntyped.lean:72:8: Invalid `⟨...⟩` notation: The expected type of this term could not be determined
error: Lean4Lean/Experimental/StratifiedUntyped.lean:73:4: No goals to be solved
error: Lean exited with code 1
Some required targets logged failures:
- Lean4Lean.Experimental.StratifiedUntyped
--- stderr tail ---
error: build failed
====================================================================================================
{
  "variant": "v07_refine_then_exact_goal",
  "module_returncode": 1,
  "module_seconds": 0.91,
  "module_has_error": true,
  "stratified_has_sorry_warning": false,
  "full_build_returncode": null,
  "full_build_seconds": null
}
--- stdout tail ---
✖ [46/46] Building Lean4Lean.Experimental.StratifiedUntyped (763ms)
trace: .> LEAN_PATH=/private/tmp/sorrydb_lean4lean_stratified_v4_5_6/.lake/packages/batteries/.lake/build/lib/lean:/private/tmp/sorrydb_lean4lean_stratified_v4_5_6/.lake/build/lib/lean /Users/heath/.elan/toolchains/leanprover--lean4---v4.29.0/bin/lean /private/tmp/sorrydb_lean4lean_stratified_v4_5_6/Lean4Lean/Experimental/StratifiedUntyped.lean -o /private/tmp/sorrydb_lean4lean_stratified_v4_5_6/.lake/build/lib/lean/Lean4Lean/Experimental/StratifiedUntyped.olean -i /private/tmp/sorrydb_lean4lean_stratified_v4_5_6/.lake/build/lib/lean/Lean4Lean/Experimental/StratifiedUntyped.ilean -c /private/tmp/sorrydb_lean4lean_stratified_v4_5_6/.lake/build/ir/Lean4Lean/Experimental/StratifiedUntyped.c --setup /private/tmp/sorrydb_lean4lean_stratified_v4_5_6/.lake/build/ir/Lean4Lean/Experimental/StratifiedUntyped.setup.json --json
error: Lean4Lean/Experimental/StratifiedUntyped.lean:73:14: Unknown identifier `a_ih`
error: Lean4Lean/Experimental/StratifiedUntyped.lean:73:23: Unknown identifier `a_ih`
error: Lean4Lean/Experimental/StratifiedUntyped.lean:73:37: Unknown identifier `a_ih`
error: Lean exited with code 1
Some required targets logged failures:
- Lean4Lean.Experimental.StratifiedUntyped
--- stderr tail ---
error: build failed
====================================================================================================
{
  "variant": "v08_refine_then_explicit_symm",
  "module_returncode": 1,
  "module_seconds": 0.81,
  "module_has_error": true,
  "stratified_has_sorry_warning": false,
  "full_build_returncode": null,
  "full_build_seconds": null
}
--- stdout tail ---
✖ [46/46] Building Lean4Lean.Experimental.StratifiedUntyped (723ms)
trace: .> LEAN_PATH=/private/tmp/sorrydb_lean4lean_stratified_v4_5_6/.lake/packages/batteries/.lake/build/lib/lean:/private/tmp/sorrydb_lean4lean_stratified_v4_5_6/.lake/build/lib/lean /Users/heath/.elan/toolchains/leanprover--lean4---v4.29.0/bin/lean /private/tmp/sorrydb_lean4lean_stratified_v4_5_6/Lean4Lean/Experimental/StratifiedUntyped.lean -o /private/tmp/sorrydb_lean4lean_stratified_v4_5_6/.lake/build/lib/lean/Lean4Lean/Experimental/StratifiedUntyped.olean -i /private/tmp/sorrydb_lean4lean_stratified_v4_5_6/.lake/build/lib/lean/Lean4Lean/Experimental/StratifiedUntyped.ilean -c /private/tmp/sorrydb_lean4lean_stratified_v4_5_6/.lake/build/ir/Lean4Lean/Experimental/StratifiedUntyped.c --setup /private/tmp/sorrydb_lean4lean_stratified_v4_5_6/.lake/build/ir/Lean4Lean/Experimental/StratifiedUntyped.setup.json --json
error: Lean4Lean/Experimental/StratifiedUntyped.lean:73:14: Unknown identifier `a_ih`
error: Lean4Lean/Experimental/StratifiedUntyped.lean:73:23: Unknown identifier `a_ih`
error: Lean4Lean/Experimental/StratifiedUntyped.lean:73:46: Unknown identifier `a_ih`
error: Lean exited with code 1
Some required targets logged failures:
- Lean4Lean.Experimental.StratifiedUntyped
--- stderr tail ---
error: build failed

SUMMARY
{
  "artifact": "lean4lean_stratified_constDF_patch002_v4_5_6",
  "repo": "digama0/lean4lean",
  "commit": "97addd51fac964f45c595ec2c21b1b60ff0a2cc8",
  "file": "Lean4Lean/Experimental/StratifiedUntyped.lean",
  "theorem": "IsDefEq.inductionU1",
  "target_line": 72,
  "base_module_build_returncode": 0,
  "accepted_variant": null,
  "accepted": false,
  "status": "PATCH002_REJECTED_OR_DIAGNOSTIC",
  "hypothesis": "Use recursive IH a_ih for the constant type and reverse it via IsDefEqU1.symm to supply the defEq argument to HasTypeU1.defeq.",
  "results": [
    {
      "variant": "v01_use_type_ih_reverse_direct",
      "module_returncode": 1,
      "module_seconds": 2.73,
      "module_has_error": true,
      "stratified_has_sorry_warning": false,
      "full_build_returncode": null,
      "full_build_seconds": null
    },
    {
      "variant": "v02_use_type_ih_reverse_explicit_IsDefEqU1_symm",
      "module_returncode": 1,
      "module_seconds": 1.12,
      "module_has_error": true,
      "stratified_has_sorry_warning": false,
      "full_build_returncode": null,
      "full_build_seconds": null
    },
    {
      "variant": "v03_have_hd_from_type_ih_reverse",
      "module_returncode": 1,
      "module_seconds": 0.91,
      "module_has_error": true,
      "stratified_has_sorry_warning": false,
      "full_build_returncode": null,
      "full_build_seconds": null
    },
    {
      "variant": "v04_trace_a_ih_names",
      "module_returncode": 0,
      "module_seconds": 1.02,
      "module_has_error": false,
      "stratified_has_sorry_warning": true,
      "full_build_returncode": null,
      "full_build_seconds": null
    },
    {
      "variant": "v05_destructure_a_ih_then_hdf_reverse",
      "module_returncode": 1,
      "module_seconds": 0.91,
      "module_has_error": true,
      "stratified_has_sorry_warning": false,
      "full_build_returncode": null,
      "full_build_seconds": null
    },
    {
      "variant": "v06_destructure_a_ih_explicit_symm",
      "module_returncode": 1,
      "module_seconds": 0.92,
      "module_has_error": true,
      "stratified_has_sorry_warning": false,
      "full_build_returncode": null,
      "full_build_seconds": null
    },
    {
      "variant": "v07_refine_then_exact_goal",
      "module_returncode": 1,
      "module_seconds": 0.91,
      "module_has_error": true,
      "stratified_has_sorry_warning": false,
      "full_build_returncode": null,
      "full_build_seconds": null
    },
    {
      "variant": "v08_refine_then_explicit_symm",
      "module_returncode": 1,
      "module_seconds": 0.81,
      "module_has_error": true,
      "stratified_has_sorry_warning": false,
      "full_build_returncode": null,
      "full_build_seconds": null
    }
  ]
}
