✔ [971/989] Built equational_theories.Magma (291ms)
✔ [972/989] Built equational_theories.Homomorphisms (5.2s)
✔ [973/989] Built equational_theories.ForMathlib.Definability (6.8s)
✔ [974/989] Built equational_theories.FreeMagma (1.8s)
✔ [975/989] Built equational_theories.MagmaLaw (2.9s)
✔ [976/989] Built equational_theories.EquationLawConversion (3.6s)
✔ [977/989] Built equational_theories.Preorder (3.7s)
✔ [978/989] Built equational_theories.Equations.Command (2.1s)
✔ [979/989] Built equational_theories.ParseImplications (1.0s)
✔ [980/989] Built equational_theories.Definability.Basic (5.9s)
✔ [981/989] Built equational_theories.Equations.Basic (12s)
✔ [982/989] Built equational_theories.EquationalResult (13s)
✔ [983/989] Built equational_theories.Equations.Eqns4000_4694 (16s)
✔ [984/989] Built equational_theories.Equations.Eqns1_999 (17s)
✔ [985/989] Built equational_theories.Equations.Eqns3000_3999 (17s)
✔ [986/989] Built equational_theories.Equations.Eqns2000_2999 (17s)
✔ [987/989] Built equational_theories.Equations.Eqns1000_1999 (17s)
✔ [988/989] Built equational_theories.Equations.All (4.3s)
✖ [989/989] Building equational_theories.Definability.Law46 (2.3s)
trace: .> LEAN_PATH=/private/tmp/sorrydb_law46_patch004_v4_4_64/.lake/packages/Cli/.lake/build/lib/lean:/private/tmp/sorrydb_law46_patch004_v4_4_64/.lake/packages/batteries/.lake/build/lib/lean:/private/tmp/sorrydb_law46_patch004_v4_4_64/.lake/packages/Qq/.lake/build/lib/lean:/private/tmp/sorrydb_law46_patch004_v4_4_64/.lake/packages/aesop/.lake/build/lib/lean:/private/tmp/sorrydb_law46_patch004_v4_4_64/.lake/packages/proofwidgets/.lake/build/lib/lean:/private/tmp/sorrydb_law46_patch004_v4_4_64/.lake/packages/importGraph/.lake/build/lib/lean:/private/tmp/sorrydb_law46_patch004_v4_4_64/.lake/packages/LeanSearchClient/.lake/build/lib/lean:/private/tmp/sorrydb_law46_patch004_v4_4_64/.lake/packages/plausible/.lake/build/lib/lean:/private/tmp/sorrydb_law46_patch004_v4_4_64/.lake/packages/mathlib/.lake/build/lib/lean:/private/tmp/sorrydb_law46_patch004_v4_4_64/.lake/packages/checkdecls/.lake/build/lib/lean:/private/tmp/sorrydb_law46_patch004_v4_4_64/.lake/build/lib/lean /Users/heath/.elan/toolchains/leanprover--lean4---v4.29.1/bin/lean --tstack=262144 /private/tmp/sorrydb_law46_patch004_v4_4_64/equational_theories/Definability/Law46.lean -o /private/tmp/sorrydb_law46_patch004_v4_4_64/.lake/build/lib/lean/equational_theories/Definability/Law46.olean -i /private/tmp/sorrydb_law46_patch004_v4_4_64/.lake/build/lib/lean/equational_theories/Definability/Law46.ilean -c /private/tmp/sorrydb_law46_patch004_v4_4_64/.lake/build/ir/equational_theories/Definability/Law46.c --setup /private/tmp/sorrydb_law46_patch004_v4_4_64/.lake/build/ir/equational_theories/Definability/Law46.setup.json --json
error: equational_theories/Definability/Law46.lean:30:16: failed to synthesize instance of type class
  Membership ℕ { l // l.Nodup ∧ ∀ (a : ℕ), a ∈ l ↔ FreeMagma.Mem a (Lf x) }

Hint: Type class instance resolution failures can be inspected with the `set_option trace.Meta.synthInstance true` command.
error: equational_theories/Definability/Law46.lean:31:8: `simp` made no progress
error: equational_theories/Definability/Law46.lean:32:17: failed to synthesize instance of type class
  Membership ℕ { l // l.Nodup ∧ ∀ (a : ℕ), a ∈ l ↔ FreeMagma.Mem a (Lf y) }

Hint: Type class instance resolution failures can be inspected with the `set_option trace.Meta.synthInstance true` command.
error: equational_theories/Definability/Law46.lean:33:8: Tactic `assumption` failed

L : NatMagmaLaw
hShape : (L.lhs ⬝ fun x ↦ Lf 0) = L.rhs ⬝ fun x ↦ Lf 0
x : ℕ
hlhs : L.lhs = Lf x
y : ℕ
hDisjoint : (↑(Lf x).elems).Disjoint ↑(Lf y).elems
hy : L.rhs = Lf y
hxy : x = y
⊢ y ∈ (Lf y).elems
error: equational_theories/Definability/Law46.lean:34:22: Unknown identifier `hx`
error: equational_theories/Definability/Law46.lean:34:25: Unknown identifier `hyx`
error: Lean exited with code 1
Some required targets logged failures:
- equational_theories.Definability.Law46
