✖ [989/989] Building equational_theories.Definability.Law46 (2.0s)
trace: .> LEAN_PATH=/private/tmp/sorrydb_law46_patch004_v4_4_64/.lake/packages/Cli/.lake/build/lib/lean:/private/tmp/sorrydb_law46_patch004_v4_4_64/.lake/packages/batteries/.lake/build/lib/lean:/private/tmp/sorrydb_law46_patch004_v4_4_64/.lake/packages/Qq/.lake/build/lib/lean:/private/tmp/sorrydb_law46_patch004_v4_4_64/.lake/packages/aesop/.lake/build/lib/lean:/private/tmp/sorrydb_law46_patch004_v4_4_64/.lake/packages/proofwidgets/.lake/build/lib/lean:/private/tmp/sorrydb_law46_patch004_v4_4_64/.lake/packages/importGraph/.lake/build/lib/lean:/private/tmp/sorrydb_law46_patch004_v4_4_64/.lake/packages/LeanSearchClient/.lake/build/lib/lean:/private/tmp/sorrydb_law46_patch004_v4_4_64/.lake/packages/plausible/.lake/build/lib/lean:/private/tmp/sorrydb_law46_patch004_v4_4_64/.lake/packages/mathlib/.lake/build/lib/lean:/private/tmp/sorrydb_law46_patch004_v4_4_64/.lake/packages/checkdecls/.lake/build/lib/lean:/private/tmp/sorrydb_law46_patch004_v4_4_64/.lake/build/lib/lean /Users/heath/.elan/toolchains/leanprover--lean4---v4.29.1/bin/lean --tstack=262144 /private/tmp/sorrydb_law46_patch004_v4_4_64/equational_theories/Definability/Law46.lean -o /private/tmp/sorrydb_law46_patch004_v4_4_64/.lake/build/lib/lean/equational_theories/Definability/Law46.olean -i /private/tmp/sorrydb_law46_patch004_v4_4_64/.lake/build/lib/lean/equational_theories/Definability/Law46.ilean -c /private/tmp/sorrydb_law46_patch004_v4_4_64/.lake/build/ir/equational_theories/Definability/Law46.c --setup /private/tmp/sorrydb_law46_patch004_v4_4_64/.lake/build/ir/equational_theories/Definability/Law46.setup.json --json
error: equational_theories/Definability/Law46.lean:31:8: `simp` made no progress
error: equational_theories/Definability/Law46.lean:32:8: Tactic `assumption` failed

case a
L : NatMagmaLaw
hShape : (L.lhs ⬝ fun x ↦ Lf 0) = L.rhs ⬝ fun x ↦ Lf 0
x : ℕ
hlhs : L.lhs = Lf x
y : ℕ
hDisjoint : (↑(Lf x).elems).Disjoint ↑(Lf y).elems
hy : L.rhs = Lf y
hxy : x = y
⊢ ?a ∈ ↑(Lf y).elems
error: equational_theories/Definability/Law46.lean:27:24: unsolved goals
case a
L : NatMagmaLaw
hShape : (L.lhs ⬝ fun x ↦ Lf 0) = L.rhs ⬝ fun x ↦ Lf 0
x : ℕ
hlhs : L.lhs = Lf x
y : ℕ
hDisjoint : (↑(Lf x).elems).Disjoint ↑(Lf y).elems
hy : L.rhs = Lf y
hxy : x = y
⊢ ℕ
error: Lean exited with code 1
Some required targets logged failures:
- equational_theories.Definability.Law46
