  Activating project at `~/Documents/mathgraph-lean-work/external/money_gold_recon_v6/qojulia__QuantumOptics.jl_407/benchmark`
    Updating registry at `~/.julia/registries/General.toml`
   Installed HypergeometricFunctions ─────── v0.3.29
   Installed StochasticDiffEqRODE ────────── v2.0.1
   Installed SciMLPublic ─────────────────── v1.2.1
   Installed LRUCache ────────────────────── v1.6.2
   Installed StatsFuns ───────────────────── v2.2.0
   Installed Accessors ───────────────────── v0.1.45
   Installed Preferences ─────────────────── v1.5.2
   Installed NonlinearSolve ──────────────── v4.20.2
   Installed LoggingExtras ───────────────── v1.2.0
   Installed FFTW ────────────────────────── v1.10.0
   Installed SciMLLogging ────────────────── v2.0.1
   Installed SciMLJacobianOperators ──────── v0.1.14
   Installed TimerOutputs ────────────────── v0.5.29
   Installed PDMats ──────────────────────── v0.11.40
   Installed FastGaussQuadrature ─────────── v1.3.0
   Installed StaticArrays ────────────────── v1.9.18
   Installed RationalRoots ───────────────── v0.2.1
   Installed MaybeInplace ────────────────── v0.1.5
   Installed Roots ───────────────────────── v3.0.1
   Installed OrdinaryDiffEqCore ──────────── v4.5.0
   Installed EnumX ───────────────────────── v1.0.7
   Installed AMD ─────────────────────────── v0.5.3
   Installed RecursiveArrayTools ─────────── v4.3.2
   Installed QuantumOptics ───────────────── v1.2.6
   Installed IntelOpenMP_jll ─────────────── v2025.2.0+0
   Installed FunctionWrappers ────────────── v1.1.3
   Installed Missings ────────────────────── v1.2.0
   Installed Gamma ───────────────────────── v1.1.0
   Installed StochasticDiffEqIIF ─────────── v2.0.1
   Installed HalfIntegers ────────────────── v1.6.0
   Installed TupleTools ──────────────────── v1.6.0
   Installed KrylovKit ───────────────────── v0.10.4
   Installed FiniteDiff ──────────────────── v2.31.1
   Installed FastPower ───────────────────── v1.3.3
   Installed ArnoldiMethod ───────────────── v0.4.0
   Installed IrrationalConstants ─────────── v0.2.6
   Installed JSON ────────────────────────── v1.6.1
   Installed PtrArrays ───────────────────── v1.4.0
   Installed NonlinearSolveQuasiNewton ───── v1.13.3
   Installed LinearMaps ──────────────────── v3.11.4
   Installed DiffEqBase ──────────────────── v7.6.0
   Installed ADTypes ─────────────────────── v1.22.1
   Installed SciMLBase ───────────────────── v3.31.0
   Installed MuladdMacro ─────────────────── v0.2.6
   Installed LinearSolve ─────────────────── v4.2.0
   Installed SpecialFunctions ────────────── v2.8.0
   Installed OrdinaryDiffEqNonlinearSolve ── v2.0.2
   Installed WignerSymbols ───────────────── v2.0.0
   Installed ProgressLogging ─────────────── v0.1.6
   Installed BracketingNonlinearSolve ────── v1.12.2
   Installed StochasticDiffEqHighOrder ───── v2.1.1
   Installed SimpleNonlinearSolve ────────── v2.12.1
   Installed BenchmarkTools ──────────────── v1.8.0
   Installed LineSearch ──────────────────── v0.1.10
   Installed NaNMath ─────────────────────── v1.1.4
   Installed NonlinearSolveSpectralMethods ─ v1.7.2
   Installed StaticArraysCore ────────────── v1.4.4
   Installed FastExpm ────────────────────── v1.1.0
   Installed DiffEqNoiseProcess ──────────── v5.33.0
   Installed SparseMatrixColorings ───────── v0.4.27
   Installed PureKLU ─────────────────────── v1.1.0
   Installed Graphs ──────────────────────── v1.14.0
   Installed CommonSubexpressions ────────── v0.3.1
   Installed VectorInterface ─────────────── v0.6.0
   Installed Rmath_jll ───────────────────── v0.5.1+0
   Installed LeftChildRightSiblingTrees ──── v0.2.1
   Installed StochasticDiffEqLowOrder ────── v2.0.1
   Installed UnsafeArrays ────────────────── v1.0.9
   Installed DataStructures ──────────────── v0.19.5
   Installed StridedViews ────────────────── v0.5.2
   Installed DiffRules ───────────────────── v1.16.0
   Installed JumpProcesses ───────────────── v9.29.0
   Installed StatsAPI ────────────────────── v1.8.0
   Installed Compat ──────────────────────── v4.18.1
   Installed StochasticDiffEqImplicit ────── v2.1.1
   Installed ExprTools ───────────────────── v0.1.10
   Installed StatsBase ───────────────────── v0.34.12
   Installed SciMLStructures ─────────────── v1.10.1
   Installed DiffResults ─────────────────── v1.1.0
   Installed Parsers ─────────────────────── v2.8.6
   Installed StochasticDiffEq ────────────── v7.1.1
   Installed FunctionWrappersWrappers ────── v1.10.0
   Installed oneTBB_jll ──────────────────── v2022.3.0+0
   Installed Inflate ─────────────────────── v0.1.5
   Installed SciMLOperators ──────────────── v1.23.0
   Installed NonlinearSolveBase ──────────── v2.33.0
   Installed StochasticDiffEqWeak ────────── v2.1.1
   Installed DiffEqCallbacks ─────────────── v4.18.1
   Installed MKL_jll ─────────────────────── v2025.2.0+0
   Installed Setfield ────────────────────── v1.1.2
   Installed AbstractFFTs ────────────────── v1.5.0
   Installed OrdinaryDiffEqLowOrderRK ────── v2.1.1
   Installed JLLWrappers ─────────────────── v1.8.0
   Installed OrderedCollections ──────────── v1.8.2
   Installed StochasticDiffEqCore ────────── v2.0.2
   Installed ConstructionBase ────────────── v1.6.0
   Installed EnzymeCore ──────────────────── v0.8.21
   Installed NonlinearSolveFirstOrder ────── v2.1.3
   Installed QuantumInterface ────────────── v0.4.2
   Installed AbstractTrees ───────────────── v0.4.5
   Installed StochasticDiffEqLeaping ─────── v2.0.1
   Installed Reexport ────────────────────── v1.2.2
   Installed FastClosures ────────────────── v0.3.2
   Installed TerminalLoggers ─────────────── v0.1.7
   Installed StochasticDiffEqROCK ────────── v2.0.1
   Installed ArrayInterface ──────────────── v7.27.0
   Installed QuantumOpticsBase ───────────── v0.5.10
   Installed Krylov ──────────────────────── v0.10.8
   Installed AliasTables ─────────────────── v1.1.3
   Installed LogExpFunctions ─────────────── v1.0.1
   Installed PackageExtensionCompat ──────── v1.0.2
   Installed PreallocationTools ──────────── v1.2.1
   Installed MacroTools ──────────────────── v0.5.16
   Installed Strided ─────────────────────── v2.6.1
   Installed OpenSpecFun_jll ─────────────── v0.5.6+0
   Installed SimpleTraits ────────────────── v0.9.6
   Installed InverseFunctions ────────────── v0.1.17
   Installed FFTW_jll ────────────────────── v3.3.12+0
   Installed PkgBenchmark ────────────────── v0.2.15
   Installed CommonSolve ─────────────────── v0.2.9
   Installed CompositionsBase ────────────── v0.1.2
   Installed DocStringExtensions ─────────── v0.9.5
   Installed DifferentiationInterface ────── v0.7.18
   Installed Arpack_jll ──────────────────── v3.5.2+0
   Installed GPUArraysCore ───────────────── v0.2.0
   Installed StochasticDiffEqLevyArea ────── v2.0.1
   Installed IntegerMathUtils ────────────── v0.1.3
   Installed OrdinaryDiffEqDifferentiation ─ v3.2.2
   Installed Rmath ───────────────────────── v0.9.0
   Installed Adapt ───────────────────────── v4.7.0
   Installed RuntimeGeneratedFunctions ───── v0.5.21
   Installed RecipesBase ─────────────────── v1.3.4
   Installed IteratorInterfaceExtensions ─── v1.0.0
   Installed DataAPI ─────────────────────── v1.16.0
   Installed TruncatedStacktraces ────────── v1.4.0
   Installed ConcreteStructs ─────────────── v0.2.5
   Installed PrecompileTools ─────────────── v1.2.1
   Installed Primes ──────────────────────── v0.5.7
   Installed PoissonRandom ───────────────── v0.4.10
   Installed BinaryHeaps ─────────────────── v1.0.1
   Installed StochasticDiffEqMilstein ────── v2.0.1
   Installed IterativeSolvers ────────────── v0.9.4
   Installed Arpack ──────────────────────── v0.5.3
   Installed FillArrays ──────────────────── v1.16.0
   Installed SymbolicIndexingInterface ───── v0.3.49
   Installed ResettableStacks ────────────── v1.2.1
   Installed FastBroadcast ───────────────── v1.3.3
   Installed QuadGK ──────────────────────── v2.11.3
   Installed ForwardDiff ─────────────────── v1.4.1
   Installed Distributions ───────────────── v0.25.129
   Installed StructUtils ─────────────────── v2.8.2
   Installed SparseColumnPivotedQR ───────── v2.1.2
   Installed SortingAlgorithms ───────────── v1.2.3
    Updating `~/Documents/mathgraph-lean-work/external/money_gold_recon_v6/qojulia__QuantumOptics.jl_407/benchmark/Project.toml`
  [6e4b80f9] + BenchmarkTools v1.8.0
  [1344f307] + OrdinaryDiffEqLowOrderRK v2.1.1
  [32113eaa] + PkgBenchmark v0.2.15
  [6e0679c1] + QuantumOptics v1.2.6
  [789caeaf] + StochasticDiffEq v7.1.1
    Updating `~/Documents/mathgraph-lean-work/external/money_gold_recon_v6/qojulia__QuantumOptics.jl_407/benchmark/Manifest.toml`
  [47edcb42] + ADTypes v1.22.1
  [14f7f29c] + AMD v0.5.3
  [621f4979] + AbstractFFTs v1.5.0
  [1520ce14] + AbstractTrees v0.4.5
  [7d9f7c33] + Accessors v0.1.45
  [79e6a3ab] + Adapt v4.7.0
  [66dad0bd] + AliasTables v1.1.3
  [ec485272] + ArnoldiMethod v0.4.0
⌅ [7d9fca2a] + Arpack v0.5.3
  [4fba245c] + ArrayInterface v7.27.0
  [6e4b80f9] + BenchmarkTools v1.8.0
  [b2a6c25c] + BinaryHeaps v1.0.1
  [70df07ce] + BracketingNonlinearSolve v1.12.2
  [38540f10] + CommonSolve v0.2.9
  [bbf7d656] + CommonSubexpressions v0.3.1
  [34da2185] + Compat v4.18.1
  [a33af91c] + CompositionsBase v0.1.2
  [2569d6c7] + ConcreteStructs v0.2.5
  [187b0558] + ConstructionBase v1.6.0
  [9a962f9c] + DataAPI v1.16.0
  [864edb3b] + DataStructures v0.19.5
  [2b5f629d] + DiffEqBase v7.6.0
  [459566f4] + DiffEqCallbacks v4.18.1
  [77a26b50] + DiffEqNoiseProcess v5.33.0
  [163ba53b] + DiffResults v1.1.0
  [b552c78f] + DiffRules v1.16.0
  [a0c0ee7d] + DifferentiationInterface v0.7.18
  [31c24e10] + Distributions v0.25.129
  [ffbed154] + DocStringExtensions v0.9.5
  [4e289a0a] + EnumX v1.0.7
  [f151be2c] + EnzymeCore v0.8.21
  [e2ba6199] + ExprTools v0.1.10
  [7a1cc6ca] + FFTW v1.10.0
  [7034ab61] + FastBroadcast v1.3.3
  [9aa1b823] + FastClosures v0.3.2
  [7868e603] + FastExpm v1.1.0
  [442a2c76] + FastGaussQuadrature v1.3.0
  [a4df4552] + FastPower v1.3.3
  [1a297f60] + FillArrays v1.16.0
  [6a86dc24] + FiniteDiff v2.31.1
  [f6369f11] + ForwardDiff v1.4.1
  [069b7b12] + FunctionWrappers v1.1.3
  [77dc65aa] + FunctionWrappersWrappers v1.10.0
  [46192b85] + GPUArraysCore v0.2.0
  [a0844989] + Gamma v1.1.0
  [86223c79] + Graphs v1.14.0
  [f0d1745a] + HalfIntegers v1.6.0
  [34004b35] + HypergeometricFunctions v0.3.29
  [d25df0c9] + Inflate v0.1.5
  [18e54dd8] + IntegerMathUtils v0.1.3
  [3587e190] + InverseFunctions v0.1.17
  [92d709cd] + IrrationalConstants v0.2.6
  [42fd0dbc] + IterativeSolvers v0.9.4
  [82899510] + IteratorInterfaceExtensions v1.0.0
  [692b3bcd] + JLLWrappers v1.8.0
  [682c06a0] + JSON v1.6.1
  [ccbc3e58] + JumpProcesses v9.29.0
  [ba0b0d4f] + Krylov v0.10.8
  [0b1a1467] + KrylovKit v0.10.4
  [8ac3fa9e] + LRUCache v1.6.2
⌅ [1d6d02ad] + LeftChildRightSiblingTrees v0.2.1
  [87fe0de2] + LineSearch v0.1.10
  [7a12625a] + LinearMaps v3.11.4
  [7ed4a6bd] + LinearSolve v4.2.0
  [2ab3a3ac] + LogExpFunctions v1.0.1
  [e6f89c97] + LoggingExtras v1.2.0
  [1914dd2f] + MacroTools v0.5.16
  [bb5d69b7] + MaybeInplace v0.1.5
  [e1d29d7a] + Missings v1.2.0
  [46d2c3a1] + MuladdMacro v0.2.6
  [77ba4419] + NaNMath v1.1.4
  [8913a72c] + NonlinearSolve v4.20.2
  [be0214bd] + NonlinearSolveBase v2.33.0
  [5959db7a] + NonlinearSolveFirstOrder v2.1.3
  [9a2c21bd] + NonlinearSolveQuasiNewton v1.13.3
  [26075421] + NonlinearSolveSpectralMethods v1.7.2
⌅ [bac558e1] + OrderedCollections v1.8.2
  [bbf590c4] + OrdinaryDiffEqCore v4.5.0
  [4302a76b] + OrdinaryDiffEqDifferentiation v3.2.2
  [1344f307] + OrdinaryDiffEqLowOrderRK v2.1.1
  [127b3ac7] + OrdinaryDiffEqNonlinearSolve v2.0.2
  [90014a1f] + PDMats v0.11.40
  [65ce6f38] + PackageExtensionCompat v1.0.2
  [69de0a69] + Parsers v2.8.6
  [32113eaa] + PkgBenchmark v0.2.15
  [e409e4f3] + PoissonRandom v0.4.10
  [d236fae5] + PreallocationTools v1.2.1
⌅ [aea7be01] + PrecompileTools v1.2.1
  [21216c6a] + Preferences v1.5.2
  [27ebfcd6] + Primes v0.5.7
  [33c8b6b6] + ProgressLogging v0.1.6
  [43287f4e] + PtrArrays v1.4.0
  [0c0d3e7f] + PureKLU v1.1.0
  [1fd47b50] + QuadGK v2.11.3
  [5717a53b] + QuantumInterface v0.4.2
  [6e0679c1] + QuantumOptics v1.2.6
  [4f57444f] + QuantumOpticsBase v0.5.10
  [308eb6b3] + RationalRoots v0.2.1
  [3cdcf5f2] + RecipesBase v1.3.4
  [731186ca] + RecursiveArrayTools v4.3.2
  [189a3867] + Reexport v1.2.2
  [ae5879a3] + ResettableStacks v1.2.1
  [79098fc4] + Rmath v0.9.0
  [f2b01f46] + Roots v3.0.1
  [7e49a35a] + RuntimeGeneratedFunctions v0.5.21
  [0bca4576] + SciMLBase v3.31.0
  [19f34311] + SciMLJacobianOperators v0.1.14
  [a6db7da4] + SciMLLogging v2.0.1
  [c0aeaf25] + SciMLOperators v1.23.0
  [431bcebd] + SciMLPublic v1.2.1
  [53ae85a6] + SciMLStructures v1.10.1
  [efcf1570] + Setfield v1.1.2
  [727e6d20] + SimpleNonlinearSolve v2.12.1
  [699a6c99] + SimpleTraits v0.9.6
  [a2af1166] + SortingAlgorithms v1.2.3
  [a57abbd0] + SparseColumnPivotedQR v2.1.2
  [0a514795] + SparseMatrixColorings v0.4.27
  [276daf66] + SpecialFunctions v2.8.0
  [90137ffa] + StaticArrays v1.9.18
  [1e83bf80] + StaticArraysCore v1.4.4
  [82ae8749] + StatsAPI v1.8.0
  [2913bbd2] + StatsBase v0.34.12
  [4c63d2b9] + StatsFuns v2.2.0
  [789caeaf] + StochasticDiffEq v7.1.1
  [19c5a474] + StochasticDiffEqCore v2.0.2
  [0520c28c] + StochasticDiffEqHighOrder v2.1.1
  [ebf54054] + StochasticDiffEqIIF v2.0.1
  [5080b986] + StochasticDiffEqImplicit v2.1.1
  [aefaaa88] + StochasticDiffEqLeaping v2.0.1
  [90dbc90e] + StochasticDiffEqLevyArea v2.0.1
  [d15fe365] + StochasticDiffEqLowOrder v2.0.1
  [8c95a807] + StochasticDiffEqMilstein v2.0.1
  [db241ea8] + StochasticDiffEqROCK v2.0.1
  [49714585] + StochasticDiffEqRODE v2.0.1
  [af2a2fcd] + StochasticDiffEqWeak v2.1.1
  [5e0ebb24] + Strided v2.6.1
  [4db3bf67] + StridedViews v0.5.2
  [ec057cc2] + StructUtils v2.8.2
  [2efcf032] + SymbolicIndexingInterface v0.3.49
  [5d786b92] + TerminalLoggers v0.1.7
  [a759f4b9] + TimerOutputs v0.5.29
  [781d530d] + TruncatedStacktraces v1.4.0
  [9d95972d] + TupleTools v1.6.0
  [c4a57d5a] + UnsafeArrays v1.0.9
  [409d34a3] + VectorInterface v0.6.0
  [9f57e263] + WignerSymbols v2.0.0
⌅ [68821587] + Arpack_jll v3.5.2+0
  [f5851436] + FFTW_jll v3.3.12+0
  [1d5cc7b8] + IntelOpenMP_jll v2025.2.0+0
  [856f044c] + MKL_jll v2025.2.0+0
  [efe28fd5] + OpenSpecFun_jll v0.5.6+0
  [f50d1b31] + Rmath_jll v0.5.1+0
  [1317d2d5] + oneTBB_jll v2022.3.0+0
  [0dad84c5] + ArgTools v1.1.1
  [56f22d72] + Artifacts
  [2a0f44e3] + Base64
  [ade2ca70] + Dates
  [8ba89e20] + Distributed
  [f43a241f] + Downloads v1.6.0
  [7b1f6079] + FileWatching
  [9fa8497b] + Future
  [b77e0a4c] + InteractiveUtils
  [4af54fe1] + LazyArtifacts
  [b27032c2] + LibCURL v0.6.4
  [76f85450] + LibGit2
  [8f399da3] + Libdl
  [37e2e46d] + LinearAlgebra
  [56ddb016] + Logging
  [d6f4376e] + Markdown
  [ca575930] + NetworkOptions v1.2.0
  [44cfe95a] + Pkg v1.10.0
  [de0858da] + Printf
  [9abbd945] + Profile
  [3fa0cd96] + REPL
  [9a3f8284] + Random
  [ea8e919c] + SHA v0.7.0
  [9e88b42a] + Serialization
  [6462fe0b] + Sockets
  [2f01184e] + SparseArrays v1.10.0
  [10745b16] + Statistics v1.10.0
  [4607b0f0] + SuiteSparse
  [fa267f1f] + TOML v1.0.3
  [a4e569a6] + Tar v1.10.0
  [cf7118a7] + UUIDs
  [4ec0a83e] + Unicode
  [e66e0078] + CompilerSupportLibraries_jll v1.1.1+0
  [deac9b47] + LibCURL_jll v8.4.0+0
  [e37daf67] + LibGit2_jll v1.6.4+0
  [29816b5a] + LibSSH2_jll v1.11.0+1
  [c8ffd9c3] + MbedTLS_jll v2.28.1010+0
  [14a3606d] + MozillaCACerts_jll v2025.12.2
  [4536629a] + OpenBLAS_jll v0.3.23+5
  [05823500] + OpenLibm_jll v0.8.5+0
  [bea87d4a] + SuiteSparse_jll v7.2.1+1
  [83775a58] + Zlib_jll v1.2.13+1
  [8e850b90] + libblastrampoline_jll v5.11.0+0
  [8e850ede] + nghttp2_jll v1.52.0+1
  [3f19e933] + p7zip_jll v17.6.1+0
        Info Packages marked with ⌅ have new versions available but compatibility constraints restrict them from upgrading. To see why use `status --outdated -m`
Precompiling packages...
   1371.9 ms  ✓ ConcreteStructs
   1390.0 ms  ✓ ExprTools
   1517.8 ms  ✓ FunctionWrappers
   1412.3 ms  ✓ AbstractFFTs
    414.9 ms  ✓ IteratorInterfaceExtensions
    493.1 ms  ✓ StatsAPI
    694.2 ms  ✓ ADTypes
    688.9 ms  ✓ Gamma
   2127.6 ms  ✓ LinearMaps
    483.1 ms  ✓ RationalRoots
    467.7 ms  ✓ UnsafeArrays
    500.7 ms  ✓ IntegerMathUtils
    593.6 ms  ✓ HalfIntegers
    562.6 ms  ✓ InverseFunctions
    426.0 ms  ✓ CommonSolve
    774.0 ms  ✓ StructUtils
    471.1 ms  ✓ CompilerSupportLibraries_jll
   1126.3 ms  ✓ FillArrays
    445.1 ms  ✓ EnumX
    574.7 ms  ✓ Compat
    661.4 ms  ✓ Preferences
    622.8 ms  ✓ OrderedCollections
    477.8 ms  ✓ Reexport
    675.5 ms  ✓ DocStringExtensions
    708.4 ms  ✓ AbstractTrees
    516.5 ms  ✓ CompositionsBase
    488.7 ms  ✓ PtrArrays
   2046.4 ms  ✓ MacroTools
    471.1 ms  ✓ FastPower
   1272.6 ms  ✓ IrrationalConstants
    507.4 ms  ✓ NaNMath
    435.8 ms  ✓ LRUCache
    448.6 ms  ✓ Inflate
    493.7 ms  ✓ VectorInterface
    438.8 ms  ✓ ConstructionBase
    606.1 ms  ✓ EnzymeCore
    424.6 ms  ✓ Adapt
    410.0 ms  ✓ DataAPI
    384.6 ms  ✓ PackageExtensionCompat
    372.5 ms  ✓ FastClosures
    433.5 ms  ✓ ProgressLogging
    373.2 ms  ✓ SciMLPublic
    484.1 ms  ✓ LoggingExtras
    474.6 ms  ✓ StaticArraysCore
    480.1 ms  ✓ TupleTools
    440.7 ms  ✓ BinaryHeaps
    976.0 ms  ✓ FastExpm
    728.8 ms  ✓ AMD
    500.0 ms  ✓ SuiteSparse
    654.4 ms  ✓ Statistics
    617.2 ms  ✓ QuantumInterface
    750.6 ms  ✓ RuntimeGeneratedFunctions
   1662.5 ms  ✓ TimerOutputs
   1483.9 ms  ✓ DifferentiationInterface
   1895.4 ms  ✓ HypergeometricFunctions
   1646.7 ms  ✓ LinearMaps → LinearMapsSparseArraysExt
    979.3 ms  ✓ Primes
   1101.8 ms  ✓ InverseFunctions → InverseFunctionsDatesExt
    826.6 ms  ✓ Compat → CompatLinearAlgebraExt
   1316.2 ms  ✓ FillArrays → FillArraysSparseArraysExt
   1131.0 ms  ✓ PrecompileTools
   1326.4 ms  ✓ JLLWrappers
   5124.9 ms  ✓ Krylov
   1219.1 ms  ✓ LeftChildRightSiblingTrees
   2037.0 ms  ✓ DataStructures
   1578.1 ms  ✓ AliasTables
   1309.5 ms  ✓ TruncatedStacktraces
   1192.5 ms  ✓ CommonSubexpressions
    909.3 ms  ✓ SimpleTraits
   2327.0 ms  ✓ CompositionsBase → CompositionsBaseInverseFunctionsExt
   1127.5 ms  ✓ LRUCache → SerializationExt
   1452.1 ms  ✓ ConstructionBase → ConstructionBaseLinearAlgebraExt
    341.8 ms  ✓ ArrayInterface
   1611.0 ms  ✓ ADTypes → ADTypesEnzymeCoreExt
   2826.1 ms  ✓ LogExpFunctions
    791.8 ms  ✓ EnzymeCore → AdaptExt
    932.6 ms  ✓ GPUArraysCore
   1732.6 ms  ✓ Adapt → AdaptSparseArraysExt
   2889.4 ms  ✓ ADTypes → ADTypesConstructionBaseExt
   1153.8 ms  ✓ Missings
   1659.0 ms  ✓ SciMLLogging
   1829.1 ms  ✓ DiffResults
   2042.1 ms  ✓ StructUtils → StructUtilsStaticArraysCoreExt
   2416.4 ms  ✓ PDMats
   3507.1 ms  ✓ KrylovKit
   1690.9 ms  ✓ DifferentiationInterface → DifferentiationInterfaceSparseArraysExt
   2604.9 ms  ✓ LinearMaps → LinearMapsStatisticsExt
   2681.2 ms  ✓ FillArrays → FillArraysStatisticsExt
   2048.6 ms  ✓ MuladdMacro
   1545.5 ms  ✓ RecipesBase
   5464.9 ms  ✓ StridedViews
   1043.8 ms  ✓ Rmath_jll
    628.6 ms  ✓ IntelOpenMP_jll
   5482.2 ms  ✓ Parsers
    573.8 ms  ✓ oneTBB_jll
   7264.5 ms  ✓ StaticArrays
    649.3 ms  ✓ FFTW_jll
   6126.4 ms  ✓ SparseMatrixColorings
   1088.0 ms  ✓ OpenSpecFun_jll
   1196.7 ms  ✓ Arpack_jll
   8100.5 ms  ✓ SparseColumnPivotedQR
   1001.3 ms  ✓ SortingAlgorithms
    784.3 ms  ✓ QuadGK
   1999.4 ms  ✓ TerminalLoggers
    665.5 ms  ✓ Setfield
   1612.9 ms  ✓ MaybeInplace
   1473.7 ms  ✓ ArrayInterface → ArrayInterfaceSparseArraysExt
   2211.4 ms  ✓ Accessors
    369.0 ms  ✓ ArrayInterface → ArrayInterfaceFillArraysExt
   3081.2 ms  ✓ FunctionWrappersWrappers
    448.7 ms  ✓ FastBroadcast
    320.9 ms  ✓ ArrayInterface → ArrayInterfaceStaticArraysCoreExt
    413.9 ms  ✓ SciMLStructures
    585.5 ms  ✓ PreallocationTools
   1017.4 ms  ✓ LogExpFunctions → LogExpFunctionsInverseFunctionsExt
   1068.0 ms  ✓ PoissonRandom
   1192.4 ms  ✓ ArrayInterface → ArrayInterfaceGPUArraysCoreExt
   1403.8 ms  ✓ DifferentiationInterface → DifferentiationInterfaceGPUArraysCoreExt
   1121.7 ms  ✓ FillArrays → FillArraysPDMatsExt
   5297.2 ms  ✓ WignerSymbols
    421.9 ms  ✓ StridedViews → StridedViewsAdaptExt
   1204.8 ms  ✓ StridedViews → StridedViewsPtrArraysExt
   1713.1 ms  ✓ Strided
   2219.7 ms  ✓ IterativeSolvers
    309.2 ms  ✓ MKL_jll
   2540.4 ms  ✓ Rmath
   1764.1 ms  ✓ ResettableStacks
   2289.5 ms  ✓ ArnoldiMethod
    786.5 ms  ✓ StaticArrays → StaticArraysStatisticsExt
    671.9 ms  ✓ FillArrays → FillArraysStaticArraysExt
    625.0 ms  ✓ VectorInterface → VectorInterfaceStaticArraysExt
    634.2 ms  ✓ ConstructionBase → ConstructionBaseStaticArraysExt
   4023.2 ms  ✓ JSON
    568.8 ms  ✓ Adapt → AdaptStaticArraysExt
    486.7 ms  ✓ DifferentiationInterface → DifferentiationInterfaceStaticArraysExt
   3070.3 ms  ✓ DifferentiationInterface → DifferentiationInterfaceSparseMatrixColoringsExt
   3529.3 ms  ✓ SpecialFunctions
   3379.6 ms  ✓ Arpack
   3425.1 ms  ✓ SparseColumnPivotedQR → SparseColumnPivotedQRAMDExt
   1466.2 ms  ✓ Accessors → LinearAlgebraExt
    439.1 ms  ✓ FiniteDiff
   2572.9 ms  ✓ MaybeInplace → MaybeInplaceSparseArraysExt
   3435.1 ms  ✓ Accessors → StaticArraysExt
  14277.4 ms  ✓ PureKLU
   5617.4 ms  ✓ StatsBase
   1557.2 ms  ✓ StochasticDiffEqLevyArea
    399.0 ms  ✓ DiffRules
   2097.1 ms  ✓ FastGaussQuadrature
   4841.7 ms  ✓ BenchmarkTools
   1078.8 ms  ✓ SciMLOperators
   7661.0 ms  ✓ Graphs
   3229.1 ms  ✓ StatsFuns
   3353.2 ms  ✓ Roots
   1087.0 ms  ✓ FiniteDiff → FiniteDiffSparseArraysExt
   1756.7 ms  ✓ SymbolicIndexingInterface
    934.1 ms  ✓ DifferentiationInterface → DifferentiationInterfaceFiniteDiffExt
   1274.2 ms  ✓ FiniteDiff → FiniteDiffStaticArraysExt
   1253.4 ms  ✓ PDMats → StatsBaseExt
   1492.4 ms  ✓ SciMLOperators → SciMLOperatorsStaticArraysCoreExt
  11662.8 ms  ✓ FFTW
   1605.9 ms  ✓ SciMLOperators → SciMLOperatorsSparseArraysExt
   3665.5 ms  ✓ PkgBenchmark
   3059.0 ms  ✓ StatsFuns → StatsFunsInverseFunctionsExt
   4350.8 ms  ✓ RecursiveArrayTools
   6585.0 ms  ✓ ForwardDiff
   1274.2 ms  ✓ RecursiveArrayTools → RecursiveArrayToolsSparseArraysExt
   1777.8 ms  ✓ ForwardDiff → ForwardDiffStaticArraysExt
    428.6 ms  ✓ DifferentiationInterface → DifferentiationInterfaceForwardDiffExt
   2402.7 ms  ✓ RecursiveArrayTools → RecursiveArrayToolsFastBroadcastExt
   2812.1 ms  ✓ RecursiveArrayTools → RecursiveArrayToolsStatisticsExt
    407.9 ms  ✓ Roots → RootsForwardDiffExt
   1982.6 ms  ✓ FastPower → FastPowerForwardDiffExt
    436.6 ms  ✓ RecursiveArrayTools → RecursiveArrayToolsForwardDiffExt
   1952.6 ms  ✓ PreallocationTools → PreallocationToolsForwardDiffExt
   2057.6 ms  ✓ PureKLU → PureKLUForwardDiffExt
   7695.7 ms  ✓ Distributions
   9749.5 ms  ✓ QuantumOpticsBase
  12798.5 ms  ✓ SciMLBase
   1789.2 ms  ✓ SciMLBase → SciMLBaseStaticArraysExt
   2150.2 ms  ✓ SciMLBase → SciMLBaseDistributionsExt
   2503.7 ms  ✓ SciMLBase → SciMLBaseDifferentiationInterfaceExt
   3779.4 ms  ✓ SciMLBase → SciMLBaseForwardDiffExt
   3544.1 ms  ✓ SciMLJacobianOperators
   9296.1 ms  ✓ LinearSolve
   3733.7 ms  ✓ LineSearch
   4863.1 ms  ✓ NonlinearSolveBase
   2612.3 ms  ✓ LinearSolve → LinearSolveSparseArraysExt
   4579.0 ms  ✓ LinearSolve → LinearSolveIterativeSolversExt
   3727.7 ms  ✓ NonlinearSolveBase → NonlinearSolveBaseSparseMatrixColoringsExt
    906.1 ms  ✓ NonlinearSolveBase → NonlinearSolveBaseSparseArraysExt
   6629.2 ms  ✓ LinearSolve → LinearSolveForwardDiffExt
   2315.0 ms  ✓ NonlinearSolveBase → NonlinearSolveBaseLineSearchExt
   4823.4 ms  ✓ NonlinearSolveBase → NonlinearSolveBaseForwardDiffExt
   1686.2 ms  ✓ LinearSolve → LinearSolveEnzymeExt
   3489.5 ms  ✓ NonlinearSolveBase → NonlinearSolveBaseLinearSolveExt
   1726.8 ms  ✓ BracketingNonlinearSolve
   4750.9 ms  ✓ NonlinearSolveSpectralMethods
  14516.5 ms  ✓ LinearSolve → LinearSolveKrylovKitExt
   5627.0 ms  ✓ BracketingNonlinearSolve → BracketingNonlinearSolveForwardDiffExt
   1752.1 ms  ✓ NonlinearSolveSpectralMethods → NonlinearSolveSpectralMethodsForwardDiffExt
   3623.4 ms  ✓ DiffEqBase
   8087.4 ms  ✓ NonlinearSolveQuasiNewton
   1587.6 ms  ✓ DiffEqBase → DiffEqBaseSparseArraysExt
   2465.9 ms  ✓ NonlinearSolveQuasiNewton → NonlinearSolveQuasiNewtonForwardDiffExt
   6821.1 ms  ✓ SimpleNonlinearSolve
   5997.2 ms  ✓ DiffEqBase → DiffEqBaseForwardDiffExt
   4975.0 ms  ✓ DiffEqNoiseProcess
   3604.0 ms  ✓ DiffEqCallbacks
   2863.8 ms  ✓ OrdinaryDiffEqCore
   3014.9 ms  ✓ JumpProcesses
   1443.6 ms  ✓ OrdinaryDiffEqCore → OrdinaryDiffEqCoreSparseArraysExt
   2248.9 ms  ✓ JumpProcesses → JumpProcessesOrdinaryDiffEqCoreExt
   3168.1 ms  ✓ OrdinaryDiffEqLowOrderRK
   4931.3 ms  ✓ OrdinaryDiffEqDifferentiation
   1896.0 ms  ✓ OrdinaryDiffEqDifferentiation → OrdinaryDiffEqDifferentiationSparseArraysExt
   5871.1 ms  ✓ StochasticDiffEqCore
   3738.3 ms  ✓ StochasticDiffEqRODE
   3800.5 ms  ✓ StochasticDiffEqIIF
   3817.9 ms  ✓ StochasticDiffEqMilstein
  29341.5 ms  ✓ NonlinearSolveFirstOrder
   4064.2 ms  ✓ StochasticDiffEqROCK
   2207.2 ms  ✓ StochasticDiffEqLowOrder
   2319.9 ms  ✓ StochasticDiffEqHighOrder
  21591.3 ms  ✓ NonlinearSolve
   3869.3 ms  ✓ OrdinaryDiffEqNonlinearSolve
   4174.1 ms  ✓ StochasticDiffEqLeaping
   4228.8 ms  ✓ StochasticDiffEqImplicit
   4704.1 ms  ✓ StochasticDiffEqWeak
   6555.4 ms  ✓ StochasticDiffEq
   8741.4 ms  ✓ QuantumOptics
  230 dependencies successfully precompiled in 170 seconds. 6 already precompiled.
  1 dependency had output during precompilation:
┌ StochasticDiffEqCore
│  WARNING: using DiffEqNoiseProcess.save_noise! in module StochasticDiffEqCore conflicts with an existing identifier.
└  
