✔ [971/989] Built equational_theories.Magma (399ms)
✔ [972/989] Built equational_theories.Homomorphisms (5.4s)
✔ [973/989] Built equational_theories.ForMathlib.Definability (7.1s)
✔ [974/989] Built equational_theories.FreeMagma (3.5s)
✔ [975/989] Built equational_theories.MagmaLaw (2.9s)
✔ [976/989] Built equational_theories.EquationLawConversion (6.1s)
✔ [977/989] Built equational_theories.Preorder (6.2s)
✔ [978/989] Built equational_theories.Definability.Basic (6.6s)
✔ [979/989] Built equational_theories.ParseImplications (6.5s)
✔ [980/989] Built equational_theories.Equations.Command (6.8s)
✔ [981/989] Built equational_theories.Equations.Basic (10s)
✔ [982/989] Built equational_theories.EquationalResult (11s)
✔ [983/989] Built equational_theories.Equations.Eqns4000_4694 (14s)
✔ [984/989] Built equational_theories.Equations.Eqns1_999 (15s)
✔ [985/989] Built equational_theories.Equations.Eqns1000_1999 (15s)
✔ [986/989] Built equational_theories.Equations.Eqns2000_2999 (15s)
✔ [987/989] Built equational_theories.Equations.Eqns3000_3999 (15s)
✔ [988/989] Built equational_theories.Equations.All (7.3s)
⚠ [989/989] Built equational_theories.Definability.Law46 (6.7s)
warning: equational_theories/Definability/Law46.lean:11:8: declaration uses `sorry`
Build completed successfully (989 jobs).
