✔ [971/989] Built equational_theories.Magma (379ms)
✔ [972/989] Built equational_theories.Homomorphisms (6.3s)
✔ [973/989] Built equational_theories.ForMathlib.Definability (7.8s)
✔ [974/989] Built equational_theories.FreeMagma (4.8s)
✔ [975/989] Built equational_theories.MagmaLaw (4.6s)
✔ [976/989] Built equational_theories.Preorder (1.0s)
✔ [977/989] Built equational_theories.EquationLawConversion (1.9s)
✔ [978/989] Built equational_theories.Equations.Command (3.6s)
✔ [979/989] Built equational_theories.ParseImplications (3.6s)
✔ [980/989] Built equational_theories.Definability.Basic (10s)
✔ [981/989] Built equational_theories.Equations.Basic (8.8s)
✔ [982/989] Built equational_theories.EquationalResult (9.6s)
✔ [983/989] Built equational_theories.Equations.Eqns4000_4694 (13s)
✔ [984/989] Built equational_theories.Equations.Eqns2000_2999 (14s)
✔ [985/989] Built equational_theories.Equations.Eqns3000_3999 (14s)
✔ [986/989] Built equational_theories.Equations.Eqns1_999 (14s)
✔ [987/989] Built equational_theories.Equations.Eqns1000_1999 (14s)
✔ [988/989] Built equational_theories.Equations.All (5.1s)
⚠ [989/989] Built equational_theories.Definability.Law46 (2.4s)
warning: equational_theories/Definability/Law46.lean:11:8: declaration uses `sorry`
Build completed successfully (989 jobs).
