====================================================================================================
{
  "variant": "v01_have_tofin_eq_Law2_tofin_native",
  "returncode": 1,
  "seconds": 3.08,
  "build_completed": false,
  "has_error": true,
  "has_warning": false,
  "remaining_sorry_warning": false,
  "error_lines": [
    "error: equational_theories/Definability/Law46.lean:44:60: Type mismatch",
    "  toFin Law2",
    "has type",
    "  MagmaLaw (Fin (\u2191(elems Law2)).length)",
    "but is expected to have type",
    "  MagmaLaw (Fin (\u2191(Lf x \u2243 Lf y).toFin.elems).length)",
    "error: equational_theories/Definability/Law46.lean:47:13: Invalid argument: Variable `hfin` is not a proposition or let-declaration",
    "error: equational_theories/Definability/Law46.lean:47:6: Tactic `assumption` failed",
    "",
    "L : NatMagmaLaw",
    "x y : \u2115",
    "hxy : x \u2260 y",
    "hfin : sorry",
    "\u22a2 map (fun x_1 \u21a6 \u2191x_1) (Lf x \u2243 Lf y).toFin.toFin = Law2",
    "error: Lean exited with code 1",
    "Some required targets logged failures:",
    "- equational_theories.Definability.Law46",
    "",
    "error: build failed"
  ]
}
--- stdout tail ---
✖ [989/989] Building equational_theories.Definability.Law46 (1.6s)
trace: .> LEAN_PATH=/private/tmp/sorrydb_law46_patch010_v4_4_70/.lake/packages/Cli/.lake/build/lib/lean:/private/tmp/sorrydb_law46_patch010_v4_4_70/.lake/packages/batteries/.lake/build/lib/lean:/private/tmp/sorrydb_law46_patch010_v4_4_70/.lake/packages/Qq/.lake/build/lib/lean:/private/tmp/sorrydb_law46_patch010_v4_4_70/.lake/packages/aesop/.lake/build/lib/lean:/private/tmp/sorrydb_law46_patch010_v4_4_70/.lake/packages/proofwidgets/.lake/build/lib/lean:/private/tmp/sorrydb_law46_patch010_v4_4_70/.lake/packages/importGraph/.lake/build/lib/lean:/private/tmp/sorrydb_law46_patch010_v4_4_70/.lake/packages/LeanSearchClient/.lake/build/lib/lean:/private/tmp/sorrydb_law46_patch010_v4_4_70/.lake/packages/plausible/.lake/build/lib/lean:/private/tmp/sorrydb_law46_patch010_v4_4_70/.lake/packages/mathlib/.lake/build/lib/lean:/private/tmp/sorrydb_law46_patch010_v4_4_70/.lake/packages/checkdecls/.lake/build/lib/lean:/private/tmp/sorrydb_law46_patch010_v4_4_70/.lake/build/lib/lean /Users/heath/.elan/toolchains/leanprover--lean4---v4.29.1/bin/lean --tstack=262144 /private/tmp/sorrydb_law46_patch010_v4_4_70/equational_theories/Definability/Law46.lean -o /private/tmp/sorrydb_law46_patch010_v4_4_70/.lake/build/lib/lean/equational_theories/Definability/Law46.olean -i /private/tmp/sorrydb_law46_patch010_v4_4_70/.lake/build/lib/lean/equational_theories/Definability/Law46.ilean -c /private/tmp/sorrydb_law46_patch010_v4_4_70/.lake/build/ir/equational_theories/Definability/Law46.c --setup /private/tmp/sorrydb_law46_patch010_v4_4_70/.lake/build/ir/equational_theories/Definability/Law46.setup.json --json
error: equational_theories/Definability/Law46.lean:44:60: Type mismatch
  toFin Law2
has type
  MagmaLaw (Fin (↑(elems Law2)).length)
but is expected to have type
  MagmaLaw (Fin (↑(Lf x ≃ Lf y).toFin.elems).length)
error: equational_theories/Definability/Law46.lean:47:13: Invalid argument: Variable `hfin` is not a proposition or let-declaration
error: equational_theories/Definability/Law46.lean:47:6: Tactic `assumption` failed

L : NatMagmaLaw
x y : ℕ
hxy : x ≠ y
hfin : sorry
⊢ map (fun x_1 ↦ ↑x_1) (Lf x ≃ Lf y).toFin.toFin = Law2
error: Lean exited with code 1
Some required targets logged failures:
- equational_theories.Definability.Law46
--- stderr tail ---
error: build failed
====================================================================================================
{
  "variant": "v02_have_tofin_eq_Law2_tofin_decide_kernel",
  "returncode": 1,
  "seconds": 2.82,
  "build_completed": false,
  "has_error": true,
  "has_warning": false,
  "remaining_sorry_warning": false,
  "error_lines": [
    "error: equational_theories/Definability/Law46.lean:44:60: Type mismatch",
    "  toFin Law2",
    "has type",
    "  MagmaLaw (Fin (\u2191(elems Law2)).length)",
    "but is expected to have type",
    "  MagmaLaw (Fin (\u2191(Lf x \u2243 Lf y).toFin.elems).length)",
    "error: equational_theories/Definability/Law46.lean:47:13: Invalid argument: Variable `hfin` is not a proposition or let-declaration",
    "error: equational_theories/Definability/Law46.lean:47:6: Tactic `assumption` failed",
    "",
    "L : NatMagmaLaw",
    "x y : \u2115",
    "hxy : x \u2260 y",
    "hfin : sorry",
    "\u22a2 map (fun x_1 \u21a6 \u2191x_1) (Lf x \u2243 Lf y).toFin.toFin = Law2",
    "error: Lean exited with code 1",
    "Some required targets logged failures:",
    "- equational_theories.Definability.Law46",
    "",
    "error: build failed"
  ]
}
--- stdout tail ---
✖ [989/989] Building equational_theories.Definability.Law46 (1.4s)
trace: .> LEAN_PATH=/private/tmp/sorrydb_law46_patch010_v4_4_70/.lake/packages/Cli/.lake/build/lib/lean:/private/tmp/sorrydb_law46_patch010_v4_4_70/.lake/packages/batteries/.lake/build/lib/lean:/private/tmp/sorrydb_law46_patch010_v4_4_70/.lake/packages/Qq/.lake/build/lib/lean:/private/tmp/sorrydb_law46_patch010_v4_4_70/.lake/packages/aesop/.lake/build/lib/lean:/private/tmp/sorrydb_law46_patch010_v4_4_70/.lake/packages/proofwidgets/.lake/build/lib/lean:/private/tmp/sorrydb_law46_patch010_v4_4_70/.lake/packages/importGraph/.lake/build/lib/lean:/private/tmp/sorrydb_law46_patch010_v4_4_70/.lake/packages/LeanSearchClient/.lake/build/lib/lean:/private/tmp/sorrydb_law46_patch010_v4_4_70/.lake/packages/plausible/.lake/build/lib/lean:/private/tmp/sorrydb_law46_patch010_v4_4_70/.lake/packages/mathlib/.lake/build/lib/lean:/private/tmp/sorrydb_law46_patch010_v4_4_70/.lake/packages/checkdecls/.lake/build/lib/lean:/private/tmp/sorrydb_law46_patch010_v4_4_70/.lake/build/lib/lean /Users/heath/.elan/toolchains/leanprover--lean4---v4.29.1/bin/lean --tstack=262144 /private/tmp/sorrydb_law46_patch010_v4_4_70/equational_theories/Definability/Law46.lean -o /private/tmp/sorrydb_law46_patch010_v4_4_70/.lake/build/lib/lean/equational_theories/Definability/Law46.olean -i /private/tmp/sorrydb_law46_patch010_v4_4_70/.lake/build/lib/lean/equational_theories/Definability/Law46.ilean -c /private/tmp/sorrydb_law46_patch010_v4_4_70/.lake/build/ir/equational_theories/Definability/Law46.c --setup /private/tmp/sorrydb_law46_patch010_v4_4_70/.lake/build/ir/equational_theories/Definability/Law46.setup.json --json
error: equational_theories/Definability/Law46.lean:44:60: Type mismatch
  toFin Law2
has type
  MagmaLaw (Fin (↑(elems Law2)).length)
but is expected to have type
  MagmaLaw (Fin (↑(Lf x ≃ Lf y).toFin.elems).length)
error: equational_theories/Definability/Law46.lean:47:13: Invalid argument: Variable `hfin` is not a proposition or let-declaration
error: equational_theories/Definability/Law46.lean:47:6: Tactic `assumption` failed

L : NatMagmaLaw
x y : ℕ
hxy : x ≠ y
hfin : sorry
⊢ map (fun x_1 ↦ ↑x_1) (Lf x ≃ Lf y).toFin.toFin = Law2
error: Lean exited with code 1
Some required targets logged failures:
- equational_theories.Definability.Law46
--- stderr tail ---
error: build failed
====================================================================================================
{
  "variant": "v03_suffices_tofin_eq_Law2_tofin",
  "returncode": 1,
  "seconds": 2.81,
  "build_completed": false,
  "has_error": true,
  "has_warning": false,
  "remaining_sorry_warning": false,
  "error_lines": [
    "error: equational_theories/Definability/Law46.lean:44:64: Type mismatch",
    "  toFin Law2",
    "has type",
    "  MagmaLaw (Fin (\u2191(elems Law2)).length)",
    "but is expected to have type",
    "  MagmaLaw (Fin (\u2191(Lf x \u2243 Lf y).toFin.elems).length)",
    "error: equational_theories/Definability/Law46.lean:46:15: Invalid argument: Variable `hfin` is not a proposition or let-declaration",
    "error: equational_theories/Definability/Law46.lean:46:8: Tactic `assumption` failed",
    "",
    "L : NatMagmaLaw",
    "x y : \u2115",
    "hxy : x \u2260 y",
    "hfin : sorry",
    "\u22a2 map (fun x_1 \u21a6 \u2191x_1) (Lf x \u2243 Lf y).toFin.toFin = Law2",
    "error: Lean exited with code 1",
    "Some required targets logged failures:",
    "- equational_theories.Definability.Law46",
    "",
    "error: build failed"
  ]
}
--- stdout tail ---
✖ [989/989] Building equational_theories.Definability.Law46 (1.4s)
trace: .> LEAN_PATH=/private/tmp/sorrydb_law46_patch010_v4_4_70/.lake/packages/Cli/.lake/build/lib/lean:/private/tmp/sorrydb_law46_patch010_v4_4_70/.lake/packages/batteries/.lake/build/lib/lean:/private/tmp/sorrydb_law46_patch010_v4_4_70/.lake/packages/Qq/.lake/build/lib/lean:/private/tmp/sorrydb_law46_patch010_v4_4_70/.lake/packages/aesop/.lake/build/lib/lean:/private/tmp/sorrydb_law46_patch010_v4_4_70/.lake/packages/proofwidgets/.lake/build/lib/lean:/private/tmp/sorrydb_law46_patch010_v4_4_70/.lake/packages/importGraph/.lake/build/lib/lean:/private/tmp/sorrydb_law46_patch010_v4_4_70/.lake/packages/LeanSearchClient/.lake/build/lib/lean:/private/tmp/sorrydb_law46_patch010_v4_4_70/.lake/packages/plausible/.lake/build/lib/lean:/private/tmp/sorrydb_law46_patch010_v4_4_70/.lake/packages/mathlib/.lake/build/lib/lean:/private/tmp/sorrydb_law46_patch010_v4_4_70/.lake/packages/checkdecls/.lake/build/lib/lean:/private/tmp/sorrydb_law46_patch010_v4_4_70/.lake/build/lib/lean /Users/heath/.elan/toolchains/leanprover--lean4---v4.29.1/bin/lean --tstack=262144 /private/tmp/sorrydb_law46_patch010_v4_4_70/equational_theories/Definability/Law46.lean -o /private/tmp/sorrydb_law46_patch010_v4_4_70/.lake/build/lib/lean/equational_theories/Definability/Law46.olean -i /private/tmp/sorrydb_law46_patch010_v4_4_70/.lake/build/lib/lean/equational_theories/Definability/Law46.ilean -c /private/tmp/sorrydb_law46_patch010_v4_4_70/.lake/build/ir/equational_theories/Definability/Law46.c --setup /private/tmp/sorrydb_law46_patch010_v4_4_70/.lake/build/ir/equational_theories/Definability/Law46.setup.json --json
error: equational_theories/Definability/Law46.lean:44:64: Type mismatch
  toFin Law2
has type
  MagmaLaw (Fin (↑(elems Law2)).length)
but is expected to have type
  MagmaLaw (Fin (↑(Lf x ≃ Lf y).toFin.elems).length)
error: equational_theories/Definability/Law46.lean:46:15: Invalid argument: Variable `hfin` is not a proposition or let-declaration
error: equational_theories/Definability/Law46.lean:46:8: Tactic `assumption` failed

L : NatMagmaLaw
x y : ℕ
hxy : x ≠ y
hfin : sorry
⊢ map (fun x_1 ↦ ↑x_1) (Lf x ≃ Lf y).toFin.toFin = Law2
error: Lean exited with code 1
Some required targets logged failures:
- equational_theories.Definability.Law46
--- stderr tail ---
error: build failed
====================================================================================================
{
  "variant": "v04_change_tofin_goal_then_native",
  "returncode": 1,
  "seconds": 3.86,
  "build_completed": false,
  "has_error": true,
  "has_warning": false,
  "remaining_sorry_warning": false,
  "error_lines": [
    "error: equational_theories/Definability/Law46.lean:46:60: Type mismatch",
    "  toFin Law2",
    "has type",
    "  MagmaLaw (Fin (\u2191(elems Law2)).length)",
    "but is expected to have type",
    "  MagmaLaw (Fin (\u2191(Lf x \u2243 Lf y).toFin.elems).length)",
    "error: Lean exited with code 1",
    "Some required targets logged failures:",
    "- equational_theories.Definability.Law46",
    "",
    "error: build failed"
  ]
}
--- stdout tail ---
✖ [989/989] Building equational_theories.Definability.Law46 (2.5s)
trace: .> LEAN_PATH=/private/tmp/sorrydb_law46_patch010_v4_4_70/.lake/packages/Cli/.lake/build/lib/lean:/private/tmp/sorrydb_law46_patch010_v4_4_70/.lake/packages/batteries/.lake/build/lib/lean:/private/tmp/sorrydb_law46_patch010_v4_4_70/.lake/packages/Qq/.lake/build/lib/lean:/private/tmp/sorrydb_law46_patch010_v4_4_70/.lake/packages/aesop/.lake/build/lib/lean:/private/tmp/sorrydb_law46_patch010_v4_4_70/.lake/packages/proofwidgets/.lake/build/lib/lean:/private/tmp/sorrydb_law46_patch010_v4_4_70/.lake/packages/importGraph/.lake/build/lib/lean:/private/tmp/sorrydb_law46_patch010_v4_4_70/.lake/packages/LeanSearchClient/.lake/build/lib/lean:/private/tmp/sorrydb_law46_patch010_v4_4_70/.lake/packages/plausible/.lake/build/lib/lean:/private/tmp/sorrydb_law46_patch010_v4_4_70/.lake/packages/mathlib/.lake/build/lib/lean:/private/tmp/sorrydb_law46_patch010_v4_4_70/.lake/packages/checkdecls/.lake/build/lib/lean:/private/tmp/sorrydb_law46_patch010_v4_4_70/.lake/build/lib/lean /Users/heath/.elan/toolchains/leanprover--lean4---v4.29.1/bin/lean --tstack=262144 /private/tmp/sorrydb_law46_patch010_v4_4_70/equational_theories/Definability/Law46.lean -o /private/tmp/sorrydb_law46_patch010_v4_4_70/.lake/build/lib/lean/equational_theories/Definability/Law46.olean -i /private/tmp/sorrydb_law46_patch010_v4_4_70/.lake/build/lib/lean/equational_theories/Definability/Law46.ilean -c /private/tmp/sorrydb_law46_patch010_v4_4_70/.lake/build/ir/equational_theories/Definability/Law46.c --setup /private/tmp/sorrydb_law46_patch010_v4_4_70/.lake/build/ir/equational_theories/Definability/Law46.setup.json --json
error: equational_theories/Definability/Law46.lean:46:60: Type mismatch
  toFin Law2
has type
  MagmaLaw (Fin (↑(elems Law2)).length)
but is expected to have type
  MagmaLaw (Fin (↑(Lf x ≃ Lf y).toFin.elems).length)
error: Lean exited with code 1
Some required targets logged failures:
- equational_theories.Definability.Law46
--- stderr tail ---
error: build failed
====================================================================================================
{
  "variant": "v05_zero_one_transport",
  "returncode": 1,
  "seconds": 4.38,
  "build_completed": false,
  "has_error": true,
  "has_warning": false,
  "remaining_sorry_warning": false,
  "error_lines": [
    "error: equational_theories/Definability/Law46.lean:46:6: Expected type must not contain free variables",
    "  (Lf x \u2243 Lf y).toFin.toNat = Law2",
    "",
    "Hint: Use the `+revert` option to automatically clean up and revert free variables",
    "error: Lean exited with code 1",
    "Some required targets logged failures:",
    "- equational_theories.Definability.Law46",
    "",
    "error: build failed"
  ]
}
--- stdout tail ---
✖ [989/989] Building equational_theories.Definability.Law46 (2.6s)
trace: .> LEAN_PATH=/private/tmp/sorrydb_law46_patch010_v4_4_70/.lake/packages/Cli/.lake/build/lib/lean:/private/tmp/sorrydb_law46_patch010_v4_4_70/.lake/packages/batteries/.lake/build/lib/lean:/private/tmp/sorrydb_law46_patch010_v4_4_70/.lake/packages/Qq/.lake/build/lib/lean:/private/tmp/sorrydb_law46_patch010_v4_4_70/.lake/packages/aesop/.lake/build/lib/lean:/private/tmp/sorrydb_law46_patch010_v4_4_70/.lake/packages/proofwidgets/.lake/build/lib/lean:/private/tmp/sorrydb_law46_patch010_v4_4_70/.lake/packages/importGraph/.lake/build/lib/lean:/private/tmp/sorrydb_law46_patch010_v4_4_70/.lake/packages/LeanSearchClient/.lake/build/lib/lean:/private/tmp/sorrydb_law46_patch010_v4_4_70/.lake/packages/plausible/.lake/build/lib/lean:/private/tmp/sorrydb_law46_patch010_v4_4_70/.lake/packages/mathlib/.lake/build/lib/lean:/private/tmp/sorrydb_law46_patch010_v4_4_70/.lake/packages/checkdecls/.lake/build/lib/lean:/private/tmp/sorrydb_law46_patch010_v4_4_70/.lake/build/lib/lean /Users/heath/.elan/toolchains/leanprover--lean4---v4.29.1/bin/lean --tstack=262144 /private/tmp/sorrydb_law46_patch010_v4_4_70/equational_theories/Definability/Law46.lean -o /private/tmp/sorrydb_law46_patch010_v4_4_70/.lake/build/lib/lean/equational_theories/Definability/Law46.olean -i /private/tmp/sorrydb_law46_patch010_v4_4_70/.lake/build/lib/lean/equational_theories/Definability/Law46.ilean -c /private/tmp/sorrydb_law46_patch010_v4_4_70/.lake/build/ir/equational_theories/Definability/Law46.c --setup /private/tmp/sorrydb_law46_patch010_v4_4_70/.lake/build/ir/equational_theories/Definability/Law46.setup.json --json
error: equational_theories/Definability/Law46.lean:46:6: Expected type must not contain free variables
  (Lf x ≃ Lf y).toFin.toNat = Law2

Hint: Use the `+revert` option to automatically clean up and revert free variables
error: Lean exited with code 1
Some required targets logged failures:
- equational_theories.Definability.Law46
--- stderr tail ---
error: build failed
====================================================================================================
{
  "variant": "v06_cases_x_y_fin_native",
  "returncode": 1,
  "seconds": 4.91,
  "build_completed": false,
  "has_error": true,
  "has_warning": false,
  "remaining_sorry_warning": false,
  "error_lines": [
    "error: equational_theories/Definability/Law46.lean:46:62: Type mismatch",
    "  toFin Law2",
    "has type",
    "  MagmaLaw (Fin (\u2191(elems Law2)).length)",
    "but is expected to have type",
    "  MagmaLaw (Fin (\u2191(Lf x \u2243 Lf y).toFin.elems).length)",
    "error: equational_theories/Definability/Law46.lean:49:15: Invalid argument: Variable `hfin` is not a proposition or let-declaration",
    "error: equational_theories/Definability/Law46.lean:49:8: Tactic `assumption` failed",
    "",
    "case neg",
    "L : NatMagmaLaw",
    "x y : \u2115",
    "hxy : x \u2260 y",
    "h : \u00acx = y",
    "hfin : sorry",
    "\u22a2 map (fun x_1 \u21a6 \u2191x_1) (Lf x \u2243 Lf y).toFin.toFin = Law2",
    "error: Lean exited with code 1",
    "Some required targets logged failures:",
    "- equational_theories.Definability.Law46",
    "",
    "error: build failed"
  ]
}
--- stdout tail ---
✖ [989/989] Building equational_theories.Definability.Law46 (3.3s)
trace: .> LEAN_PATH=/private/tmp/sorrydb_law46_patch010_v4_4_70/.lake/packages/Cli/.lake/build/lib/lean:/private/tmp/sorrydb_law46_patch010_v4_4_70/.lake/packages/batteries/.lake/build/lib/lean:/private/tmp/sorrydb_law46_patch010_v4_4_70/.lake/packages/Qq/.lake/build/lib/lean:/private/tmp/sorrydb_law46_patch010_v4_4_70/.lake/packages/aesop/.lake/build/lib/lean:/private/tmp/sorrydb_law46_patch010_v4_4_70/.lake/packages/proofwidgets/.lake/build/lib/lean:/private/tmp/sorrydb_law46_patch010_v4_4_70/.lake/packages/importGraph/.lake/build/lib/lean:/private/tmp/sorrydb_law46_patch010_v4_4_70/.lake/packages/LeanSearchClient/.lake/build/lib/lean:/private/tmp/sorrydb_law46_patch010_v4_4_70/.lake/packages/plausible/.lake/build/lib/lean:/private/tmp/sorrydb_law46_patch010_v4_4_70/.lake/packages/mathlib/.lake/build/lib/lean:/private/tmp/sorrydb_law46_patch010_v4_4_70/.lake/packages/checkdecls/.lake/build/lib/lean:/private/tmp/sorrydb_law46_patch010_v4_4_70/.lake/build/lib/lean /Users/heath/.elan/toolchains/leanprover--lean4---v4.29.1/bin/lean --tstack=262144 /private/tmp/sorrydb_law46_patch010_v4_4_70/equational_theories/Definability/Law46.lean -o /private/tmp/sorrydb_law46_patch010_v4_4_70/.lake/build/lib/lean/equational_theories/Definability/Law46.olean -i /private/tmp/sorrydb_law46_patch010_v4_4_70/.lake/build/lib/lean/equational_theories/Definability/Law46.ilean -c /private/tmp/sorrydb_law46_patch010_v4_4_70/.lake/build/ir/equational_theories/Definability/Law46.c --setup /private/tmp/sorrydb_law46_patch010_v4_4_70/.lake/build/ir/equational_theories/Definability/Law46.setup.json --json
error: equational_theories/Definability/Law46.lean:46:62: Type mismatch
  toFin Law2
has type
  MagmaLaw (Fin (↑(elems Law2)).length)
but is expected to have type
  MagmaLaw (Fin (↑(Lf x ≃ Lf y).toFin.elems).length)
error: equational_theories/Definability/Law46.lean:49:15: Invalid argument: Variable `hfin` is not a proposition or let-declaration
error: equational_theories/Definability/Law46.lean:49:8: Tactic `assumption` failed

case neg
L : NatMagmaLaw
x y : ℕ
hxy : x ≠ y
h : ¬x = y
hfin : sorry
⊢ map (fun x_1 ↦ ↑x_1) (Lf x ≃ Lf y).toFin.toFin = Law2
error: Lean exited with code 1
Some required targets logged failures:
- equational_theories.Definability.Law46
--- stderr tail ---
error: build failed
====================================================================================================
{
  "variant": "v07_unfold_all_then_exact_Law2_tofin",
  "returncode": 1,
  "seconds": 4.27,
  "build_completed": false,
  "has_error": true,
  "has_warning": false,
  "remaining_sorry_warning": false,
  "error_lines": [
    "error: equational_theories/Definability/Law46.lean:45:60: Type mismatch",
    "  toFin Law2",
    "has type",
    "  MagmaLaw (Fin (\u2191(elems Law2)).length)",
    "but is expected to have type",
    "  MagmaLaw (Fin (\u2191(Lf x \u2243 Lf y).toFin.elems).length)",
    "error: equational_theories/Definability/Law46.lean:48:13: Invalid argument: Variable `hfin` is not a proposition or let-declaration",
    "error: equational_theories/Definability/Law46.lean:48:6: Tactic `assumption` failed",
    "",
    "L : NatMagmaLaw",
    "x y : \u2115",
    "hxy : x \u2260 y",
    "hfin : sorry",
    "\u22a2 map (fun x_1 \u21a6 \u2191x_1) (Lf x \u2243 Lf y).toFin.toFin = Law2",
    "error: Lean exited with code 1",
    "Some required targets logged failures:",
    "- equational_theories.Definability.Law46",
    "",
    "error: build failed"
  ]
}
--- stdout tail ---
✖ [989/989] Building equational_theories.Definability.Law46 (2.8s)
trace: .> LEAN_PATH=/private/tmp/sorrydb_law46_patch010_v4_4_70/.lake/packages/Cli/.lake/build/lib/lean:/private/tmp/sorrydb_law46_patch010_v4_4_70/.lake/packages/batteries/.lake/build/lib/lean:/private/tmp/sorrydb_law46_patch010_v4_4_70/.lake/packages/Qq/.lake/build/lib/lean:/private/tmp/sorrydb_law46_patch010_v4_4_70/.lake/packages/aesop/.lake/build/lib/lean:/private/tmp/sorrydb_law46_patch010_v4_4_70/.lake/packages/proofwidgets/.lake/build/lib/lean:/private/tmp/sorrydb_law46_patch010_v4_4_70/.lake/packages/importGraph/.lake/build/lib/lean:/private/tmp/sorrydb_law46_patch010_v4_4_70/.lake/packages/LeanSearchClient/.lake/build/lib/lean:/private/tmp/sorrydb_law46_patch010_v4_4_70/.lake/packages/plausible/.lake/build/lib/lean:/private/tmp/sorrydb_law46_patch010_v4_4_70/.lake/packages/mathlib/.lake/build/lib/lean:/private/tmp/sorrydb_law46_patch010_v4_4_70/.lake/packages/checkdecls/.lake/build/lib/lean:/private/tmp/sorrydb_law46_patch010_v4_4_70/.lake/build/lib/lean /Users/heath/.elan/toolchains/leanprover--lean4---v4.29.1/bin/lean --tstack=262144 /private/tmp/sorrydb_law46_patch010_v4_4_70/equational_theories/Definability/Law46.lean -o /private/tmp/sorrydb_law46_patch010_v4_4_70/.lake/build/lib/lean/equational_theories/Definability/Law46.olean -i /private/tmp/sorrydb_law46_patch010_v4_4_70/.lake/build/lib/lean/equational_theories/Definability/Law46.ilean -c /private/tmp/sorrydb_law46_patch010_v4_4_70/.lake/build/ir/equational_theories/Definability/Law46.c --setup /private/tmp/sorrydb_law46_patch010_v4_4_70/.lake/build/ir/equational_theories/Definability/Law46.setup.json --json
error: equational_theories/Definability/Law46.lean:45:60: Type mismatch
  toFin Law2
has type
  MagmaLaw (Fin (↑(elems Law2)).length)
but is expected to have type
  MagmaLaw (Fin (↑(Lf x ≃ Lf y).toFin.elems).length)
error: equational_theories/Definability/Law46.lean:48:13: Invalid argument: Variable `hfin` is not a proposition or let-declaration
error: equational_theories/Definability/Law46.lean:48:6: Tactic `assumption` failed

L : NatMagmaLaw
x y : ℕ
hxy : x ≠ y
hfin : sorry
⊢ map (fun x_1 ↦ ↑x_1) (Lf x ≃ Lf y).toFin.toFin = Law2
error: Lean exited with code 1
Some required targets logged failures:
- equational_theories.Definability.Law46
--- stderr tail ---
error: build failed
====================================================================================================
{
  "variant": "v08_use_decide_revert_on_fin_only",
  "returncode": 1,
  "seconds": 6.46,
  "build_completed": false,
  "has_error": true,
  "has_warning": false,
  "remaining_sorry_warning": false,
  "error_lines": [
    "error: equational_theories/Definability/Law46.lean:44:60: Type mismatch",
    "  toFin Law2",
    "has type",
    "  MagmaLaw (Fin (\u2191(elems Law2)).length)",
    "but is expected to have type",
    "  MagmaLaw (Fin (\u2191(Lf x \u2243 Lf y).toFin.elems).length)",
    "error: equational_theories/Definability/Law46.lean:47:13: Invalid argument: Variable `hfin` is not a proposition or let-declaration",
    "error: equational_theories/Definability/Law46.lean:47:6: Tactic `assumption` failed",
    "",
    "L : NatMagmaLaw",
    "x y : \u2115",
    "hxy : x \u2260 y",
    "hfin : sorry",
    "\u22a2 map (fun x_1 \u21a6 \u2191x_1) (Lf x \u2243 Lf y).toFin.toFin = Law2",
    "error: Lean exited with code 1",
    "Some required targets logged failures:",
    "- equational_theories.Definability.Law46",
    "",
    "error: build failed"
  ]
}
--- stdout tail ---
✖ [989/989] Building equational_theories.Definability.Law46 (4.5s)
trace: .> LEAN_PATH=/private/tmp/sorrydb_law46_patch010_v4_4_70/.lake/packages/Cli/.lake/build/lib/lean:/private/tmp/sorrydb_law46_patch010_v4_4_70/.lake/packages/batteries/.lake/build/lib/lean:/private/tmp/sorrydb_law46_patch010_v4_4_70/.lake/packages/Qq/.lake/build/lib/lean:/private/tmp/sorrydb_law46_patch010_v4_4_70/.lake/packages/aesop/.lake/build/lib/lean:/private/tmp/sorrydb_law46_patch010_v4_4_70/.lake/packages/proofwidgets/.lake/build/lib/lean:/private/tmp/sorrydb_law46_patch010_v4_4_70/.lake/packages/importGraph/.lake/build/lib/lean:/private/tmp/sorrydb_law46_patch010_v4_4_70/.lake/packages/LeanSearchClient/.lake/build/lib/lean:/private/tmp/sorrydb_law46_patch010_v4_4_70/.lake/packages/plausible/.lake/build/lib/lean:/private/tmp/sorrydb_law46_patch010_v4_4_70/.lake/packages/mathlib/.lake/build/lib/lean:/private/tmp/sorrydb_law46_patch010_v4_4_70/.lake/packages/checkdecls/.lake/build/lib/lean:/private/tmp/sorrydb_law46_patch010_v4_4_70/.lake/build/lib/lean /Users/heath/.elan/toolchains/leanprover--lean4---v4.29.1/bin/lean --tstack=262144 /private/tmp/sorrydb_law46_patch010_v4_4_70/equational_theories/Definability/Law46.lean -o /private/tmp/sorrydb_law46_patch010_v4_4_70/.lake/build/lib/lean/equational_theories/Definability/Law46.olean -i /private/tmp/sorrydb_law46_patch010_v4_4_70/.lake/build/lib/lean/equational_theories/Definability/Law46.ilean -c /private/tmp/sorrydb_law46_patch010_v4_4_70/.lake/build/ir/equational_theories/Definability/Law46.c --setup /private/tmp/sorrydb_law46_patch010_v4_4_70/.lake/build/ir/equational_theories/Definability/Law46.setup.json --json
error: equational_theories/Definability/Law46.lean:44:60: Type mismatch
  toFin Law2
has type
  MagmaLaw (Fin (↑(elems Law2)).length)
but is expected to have type
  MagmaLaw (Fin (↑(Lf x ≃ Lf y).toFin.elems).length)
error: equational_theories/Definability/Law46.lean:47:13: Invalid argument: Variable `hfin` is not a proposition or let-declaration
error: equational_theories/Definability/Law46.lean:47:6: Tactic `assumption` failed

L : NatMagmaLaw
x y : ℕ
hxy : x ≠ y
hfin : sorry
⊢ map (fun x_1 ↦ ↑x_1) (Lf x ≃ Lf y).toFin.toFin = Law2
error: Lean exited with code 1
Some required targets logged failures:
- equational_theories.Definability.Law46
--- stderr tail ---
error: build failed

SUMMARY
{
  "artifact": "law46_patch010_tofin_corrected_micro_v4_4_70",
  "repo": "teorth/equational_theories",
  "commit": "b1cc1756202d7f44e07bd4069b5df16901a36938",
  "file": "equational_theories/Definability/Law46.lean",
  "patch002_carried_forward": true,
  "patch005_carried_forward": true,
  "patch006_carried_forward": true,
  "target_sorry": "have : (Lf x \u2243 Lf y).toFin.toNat = Law2 := by sorry",
  "base_build_returncode": 0,
  "micro_returncode": 1,
  "accepted_variant": null,
  "accepted": false,
  "results": [
    {
      "variant": "v01_have_tofin_eq_Law2_tofin_native",
      "returncode": 1,
      "seconds": 3.08,
      "build_completed": false,
      "has_error": true,
      "has_warning": false,
      "remaining_sorry_warning": false,
      "error_lines": [
        "error: equational_theories/Definability/Law46.lean:44:60: Type mismatch",
        "  toFin Law2",
        "has type",
        "  MagmaLaw (Fin (\u2191(elems Law2)).length)",
        "but is expected to have type",
        "  MagmaLaw (Fin (\u2191(Lf x \u2243 Lf y).toFin.elems).length)",
        "error: equational_theories/Definability/Law46.lean:47:13: Invalid argument: Variable `hfin` is not a proposition or let-declaration",
        "error: equational_theories/Definability/Law46.lean:47:6: Tactic `assumption` failed",
        "",
        "L : NatMagmaLaw",
        "x y : \u2115",
        "hxy : x \u2260 y",
        "hfin : sorry",
        "\u22a2 map (fun x_1 \u21a6 \u2191x_1) (Lf x \u2243 Lf y).toFin.toFin = Law2",
        "error: Lean exited with code 1",
        "Some required targets logged failures:",
        "- equational_theories.Definability.Law46",
        "",
        "error: build failed"
      ]
    },
    {
      "variant": "v02_have_tofin_eq_Law2_tofin_decide_kernel",
      "returncode": 1,
      "seconds": 2.82,
      "build_completed": false,
      "has_error": true,
      "has_warning": false,
      "remaining_sorry_warning": false,
      "error_lines": [
        "error: equational_theories/Definability/Law46.lean:44:60: Type mismatch",
        "  toFin Law2",
        "has type",
        "  MagmaLaw (Fin (\u2191(elems Law2)).length)",
        "but is expected to have type",
        "  MagmaLaw (Fin (\u2191(Lf x \u2243 Lf y).toFin.elems).length)",
        "error: equational_theories/Definability/Law46.lean:47:13: Invalid argument: Variable `hfin` is not a proposition or let-declaration",
        "error: equational_theories/Definability/Law46.lean:47:6: Tactic `assumption` failed",
        "",
        "L : NatMagmaLaw",
        "x y : \u2115",
        "hxy : x \u2260 y",
        "hfin : sorry",
        "\u22a2 map (fun x_1 \u21a6 \u2191x_1) (Lf x \u2243 Lf y).toFin.toFin = Law2",
        "error: Lean exited with code 1",
        "Some required targets logged failures:",
        "- equational_theories.Definability.Law46",
        "",
        "error: build failed"
      ]
    },
    {
      "variant": "v03_suffices_tofin_eq_Law2_tofin",
      "returncode": 1,
      "seconds": 2.81,
      "build_completed": false,
      "has_error": true,
      "has_warning": false,
      "remaining_sorry_warning": false,
      "error_lines": [
        "error: equational_theories/Definability/Law46.lean:44:64: Type mismatch",
        "  toFin Law2",
        "has type",
        "  MagmaLaw (Fin (\u2191(elems Law2)).length)",
        "but is expected to have type",
        "  MagmaLaw (Fin (\u2191(Lf x \u2243 Lf y).toFin.elems).length)",
        "error: equational_theories/Definability/Law46.lean:46:15: Invalid argument: Variable `hfin` is not a proposition or let-declaration",
        "error: equational_theories/Definability/Law46.lean:46:8: Tactic `assumption` failed",
        "",
        "L : NatMagmaLaw",
        "x y : \u2115",
        "hxy : x \u2260 y",
        "hfin : sorry",
        "\u22a2 map (fun x_1 \u21a6 \u2191x_1) (Lf x \u2243 Lf y).toFin.toFin = Law2",
        "error: Lean exited with code 1",
        "Some required targets logged failures:",
        "- equational_theories.Definability.Law46",
        "",
        "error: build failed"
      ]
    },
    {
      "variant": "v04_change_tofin_goal_then_native",
      "returncode": 1,
      "seconds": 3.86,
      "build_completed": false,
      "has_error": true,
      "has_warning": false,
      "remaining_sorry_warning": false,
      "error_lines": [
        "error: equational_theories/Definability/Law46.lean:46:60: Type mismatch",
        "  toFin Law2",
        "has type",
        "  MagmaLaw (Fin (\u2191(elems Law2)).length)",
        "but is expected to have type",
        "  MagmaLaw (Fin (\u2191(Lf x \u2243 Lf y).toFin.elems).length)",
        "error: Lean exited with code 1",
        "Some required targets logged failures:",
        "- equational_theories.Definability.Law46",
        "",
        "error: build failed"
      ]
    },
    {
      "variant": "v05_zero_one_transport",
      "returncode": 1,
      "seconds": 4.38,
      "build_completed": false,
      "has_error": true,
      "has_warning": false,
      "remaining_sorry_warning": false,
      "error_lines": [
        "error: equational_theories/Definability/Law46.lean:46:6: Expected type must not contain free variables",
        "  (Lf x \u2243 Lf y).toFin.toNat = Law2",
        "",
        "Hint: Use the `+revert` option to automatically clean up and revert free variables",
        "error: Lean exited with code 1",
        "Some required targets logged failures:",
        "- equational_theories.Definability.Law46",
        "",
        "error: build failed"
      ]
    },
    {
      "variant": "v06_cases_x_y_fin_native",
      "returncode": 1,
      "seconds": 4.91,
      "build_completed": false,
      "has_error": true,
      "has_warning": false,
      "remaining_sorry_warning": false,
      "error_lines": [
        "error: equational_theories/Definability/Law46.lean:46:62: Type mismatch",
        "  toFin Law2",
        "has type",
        "  MagmaLaw (Fin (\u2191(elems Law2)).length)",
        "but is expected to have type",
        "  MagmaLaw (Fin (\u2191(Lf x \u2243 Lf y).toFin.elems).length)",
        "error: equational_theories/Definability/Law46.lean:49:15: Invalid argument: Variable `hfin` is not a proposition or let-declaration",
        "error: equational_theories/Definability/Law46.lean:49:8: Tactic `assumption` failed",
        "",
        "case neg",
        "L : NatMagmaLaw",
        "x y : \u2115",
        "hxy : x \u2260 y",
        "h : \u00acx = y",
        "hfin : sorry",
        "\u22a2 map (fun x_1 \u21a6 \u2191x_1) (Lf x \u2243 Lf y).toFin.toFin = Law2",
        "error: Lean exited with code 1",
        "Some required targets logged failures:",
        "- equational_theories.Definability.Law46",
        "",
        "error: build failed"
      ]
    },
    {
      "variant": "v07_unfold_all_then_exact_Law2_tofin",
      "returncode": 1,
      "seconds": 4.27,
      "build_completed": false,
      "has_error": true,
      "has_warning": false,
      "remaining_sorry_warning": false,
      "error_lines": [
        "error: equational_theories/Definability/Law46.lean:45:60: Type mismatch",
        "  toFin Law2",
        "has type",
        "  MagmaLaw (Fin (\u2191(elems Law2)).length)",
        "but is expected to have type",
        "  MagmaLaw (Fin (\u2191(Lf x \u2243 Lf y).toFin.elems).length)",
        "error: equational_theories/Definability/Law46.lean:48:13: Invalid argument: Variable `hfin` is not a proposition or let-declaration",
        "error: equational_theories/Definability/Law46.lean:48:6: Tactic `assumption` failed",
        "",
        "L : NatMagmaLaw",
        "x y : \u2115",
        "hxy : x \u2260 y",
        "hfin : sorry",
        "\u22a2 map (fun x_1 \u21a6 \u2191x_1) (Lf x \u2243 Lf y).toFin.toFin = Law2",
        "error: Lean exited with code 1",
        "Some required targets logged failures:",
        "- equational_theories.Definability.Law46",
        "",
        "error: build failed"
      ]
    },
    {
      "variant": "v08_use_decide_revert_on_fin_only",
      "returncode": 1,
      "seconds": 6.46,
      "build_completed": false,
      "has_error": true,
      "has_warning": false,
      "remaining_sorry_warning": false,
      "error_lines": [
        "error: equational_theories/Definability/Law46.lean:44:60: Type mismatch",
        "  toFin Law2",
        "has type",
        "  MagmaLaw (Fin (\u2191(elems Law2)).length)",
        "but is expected to have type",
        "  MagmaLaw (Fin (\u2191(Lf x \u2243 Lf y).toFin.elems).length)",
        "error: equational_theories/Definability/Law46.lean:47:13: Invalid argument: Variable `hfin` is not a proposition or let-declaration",
        "error: equational_theories/Definability/Law46.lean:47:6: Tactic `assumption` failed",
        "",
        "L : NatMagmaLaw",
        "x y : \u2115",
        "hxy : x \u2260 y",
        "hfin : sorry",
        "\u22a2 map (fun x_1 \u21a6 \u2191x_1) (Lf x \u2243 Lf y).toFin.toFin = Law2",
        "error: Lean exited with code 1",
        "Some required targets logged failures:",
        "- equational_theories.Definability.Law46",
        "",
        "error: build failed"
      ]
    }
  ]
}
