{
  "n": 16,
  "builtin": {
    "label": "builtin_cumsum",
    "ok": true,
    "err": null,
    "runs": [
      0.15265474992338568,
      0.0013700410490855575,
      0.0013504159869626164
    ],
    "median": 0.0013700410490855575,
    "min": 0.0013504159869626164
  },
  "probe": {
    "label": "hillis_steele_probe",
    "ok": true,
    "err": null,
    "runs": [
      0.060380500042811036,
      0.001336582936346531,
      0.0013716670218855143
    ],
    "median": 0.0013716670218855143,
    "min": 0.001336582936346531
  }
}
{
  "n": 32,
  "builtin": {
    "label": "builtin_cumsum",
    "ok": true,
    "err": null,
    "runs": [
      0.09469141706358641,
      0.0014668750809505582,
      0.0013072500005364418
    ],
    "median": 0.0014668750809505582,
    "min": 0.0013072500005364418
  },
  "probe": {
    "label": "hillis_steele_probe",
    "ok": true,
    "err": null,
    "runs": [
      0.13098129106219858,
      0.0015897079138085246,
      0.0015148749807849526
    ],
    "median": 0.0015897079138085246,
    "min": 0.0015148749807849526
  }
}
{
  "n": 64,
  "builtin": {
    "label": "builtin_cumsum",
    "ok": true,
    "err": null,
    "runs": [
      0.05367266701068729,
      0.0013646669685840607,
      0.001304208068177104
    ],
    "median": 0.0013646669685840607,
    "min": 0.001304208068177104
  },
  "probe": {
    "label": "hillis_steele_probe",
    "ok": true,
    "err": null,
    "runs": [
      0.23627074994146824,
      0.0019347920315340161,
      0.0018433330114930868
    ],
    "median": 0.0019347920315340161,
    "min": 0.0018433330114930868
  }
}
{
  "n": 128,
  "builtin": {
    "label": "builtin_cumsum",
    "ok": true,
    "err": null,
    "runs": [
      0.052047417033463717,
      0.0013582500396296382,
      0.0013207080774009228
    ],
    "median": 0.0013582500396296382,
    "min": 0.0013207080774009228
  },
  "probe": {
    "label": "hillis_steele_probe",
    "ok": true,
    "err": null,
    "runs": [
      0.42658633401151747,
      0.0025155829498544335,
      0.0024371249601244926
    ],
    "median": 0.0025155829498544335,
    "min": 0.0024371249601244926
  }
}
{
  "n": 256,
  "builtin": {
    "label": "builtin_cumsum",
    "ok": true,
    "err": null,
    "runs": [
      0.04973558394704014,
      0.0013992500025779009,
      0.001285000005736947
    ],
    "median": 0.0013992500025779009,
    "min": 0.001285000005736947
  },
  "probe": {
    "label": "hillis_steele_probe",
    "ok": true,
    "err": null,
    "runs": [
      0.8311468340689316,
      0.0036970420042052865,
      0.003566875006072223
    ],
    "median": 0.0036970420042052865,
    "min": 0.003566875006072223
  }
}
{
  "n": 512,
  "builtin": {
    "label": "builtin_cumsum",
    "ok": true,
    "err": null,
    "runs": [
      0.052772291004657745,
      0.0014464579289779067,
      0.00138579192571342
    ],
    "median": 0.0014464579289779067,
    "min": 0.00138579192571342
  },
  "probe": {
    "label": "hillis_steele_probe",
    "ok": true,
    "err": null,
    "runs": [
      1.72652470797766,
      0.005889249965548515,
      0.005851124995388091
    ],
    "median": 0.005889249965548515,
    "min": 0.005851124995388091
  }
}
{
  "n": 1024,
  "builtin": {
    "label": "builtin_cumsum",
    "ok": true,
    "err": null,
    "runs": [
      0.10794650006573647,
      0.002758583053946495,
      0.00249054201412946
    ],
    "median": 0.002758583053946495,
    "min": 0.00249054201412946
  },
  "probe": {
    "label": "hillis_steele_probe",
    "ok": true,
    "err": null,
    "runs": [
      3.859786416986026,
      0.010219083982519805,
      0.010192458052188158
    ],
    "median": 0.010219083982519805,
    "min": 0.010192458052188158
  }
}
JSON_RESULT_START
[
  {
    "n": 16,
    "builtin": {
      "label": "builtin_cumsum",
      "ok": true,
      "err": null,
      "runs": [
        0.15265474992338568,
        0.0013700410490855575,
        0.0013504159869626164
      ],
      "median": 0.0013700410490855575,
      "min": 0.0013504159869626164
    },
    "probe": {
      "label": "hillis_steele_probe",
      "ok": true,
      "err": null,
      "runs": [
        0.060380500042811036,
        0.001336582936346531,
        0.0013716670218855143
      ],
      "median": 0.0013716670218855143,
      "min": 0.001336582936346531
    }
  },
  {
    "n": 32,
    "builtin": {
      "label": "builtin_cumsum",
      "ok": true,
      "err": null,
      "runs": [
        0.09469141706358641,
        0.0014668750809505582,
        0.0013072500005364418
      ],
      "median": 0.0014668750809505582,
      "min": 0.0013072500005364418
    },
    "probe": {
      "label": "hillis_steele_probe",
      "ok": true,
      "err": null,
      "runs": [
        0.13098129106219858,
        0.0015897079138085246,
        0.0015148749807849526
      ],
      "median": 0.0015897079138085246,
      "min": 0.0015148749807849526
    }
  },
  {
    "n": 64,
    "builtin": {
      "label": "builtin_cumsum",
      "ok": true,
      "err": null,
      "runs": [
        0.05367266701068729,
        0.0013646669685840607,
        0.001304208068177104
      ],
      "median": 0.0013646669685840607,
      "min": 0.001304208068177104
    },
    "probe": {
      "label": "hillis_steele_probe",
      "ok": true,
      "err": null,
      "runs": [
        0.23627074994146824,
        0.0019347920315340161,
        0.0018433330114930868
      ],
      "median": 0.0019347920315340161,
      "min": 0.0018433330114930868
    }
  },
  {
    "n": 128,
    "builtin": {
      "label": "builtin_cumsum",
      "ok": true,
      "err": null,
      "runs": [
        0.052047417033463717,
        0.0013582500396296382,
        0.0013207080774009228
      ],
      "median": 0.0013582500396296382,
      "min": 0.0013207080774009228
    },
    "probe": {
      "label": "hillis_steele_probe",
      "ok": true,
      "err": null,
      "runs": [
        0.42658633401151747,
        0.0025155829498544335,
        0.0024371249601244926
      ],
      "median": 0.0025155829498544335,
      "min": 0.0024371249601244926
    }
  },
  {
    "n": 256,
    "builtin": {
      "label": "builtin_cumsum",
      "ok": true,
      "err": null,
      "runs": [
        0.04973558394704014,
        0.0013992500025779009,
        0.001285000005736947
      ],
      "median": 0.0013992500025779009,
      "min": 0.001285000005736947
    },
    "probe": {
      "label": "hillis_steele_probe",
      "ok": true,
      "err": null,
      "runs": [
        0.8311468340689316,
        0.0036970420042052865,
        0.003566875006072223
      ],
      "median": 0.0036970420042052865,
      "min": 0.003566875006072223
    }
  },
  {
    "n": 512,
    "builtin": {
      "label": "builtin_cumsum",
      "ok": true,
      "err": null,
      "runs": [
        0.052772291004657745,
        0.0014464579289779067,
        0.00138579192571342
      ],
      "median": 0.0014464579289779067,
      "min": 0.00138579192571342
    },
    "probe": {
      "label": "hillis_steele_probe",
      "ok": true,
      "err": null,
      "runs": [
        1.72652470797766,
        0.005889249965548515,
        0.005851124995388091
      ],
      "median": 0.005889249965548515,
      "min": 0.005851124995388091
    }
  },
  {
    "n": 1024,
    "builtin": {
      "label": "builtin_cumsum",
      "ok": true,
      "err": null,
      "runs": [
        0.10794650006573647,
        0.002758583053946495,
        0.00249054201412946
      ],
      "median": 0.002758583053946495,
      "min": 0.00249054201412946
    },
    "probe": {
      "label": "hillis_steele_probe",
      "ok": true,
      "err": null,
      "runs": [
        3.859786416986026,
        0.010219083982519805,
        0.010192458052188158
      ],
      "median": 0.010219083982519805,
      "min": 0.010192458052188158
    }
  }
]
JSON_RESULT_END
