✔ [971/989] Built equational_theories.Magma (410ms)
✔ [972/989] Built equational_theories.Homomorphisms (5.5s)
✔ [973/989] Built equational_theories.ForMathlib.Definability (7.2s)
✔ [974/989] Built equational_theories.FreeMagma (3.3s)
✔ [975/989] Built equational_theories.MagmaLaw (2.8s)
✔ [976/989] Built equational_theories.EquationLawConversion (8.7s)
✔ [977/989] Built equational_theories.Preorder (8.8s)
✔ [978/989] Built equational_theories.ParseImplications (6.5s)
✔ [979/989] Built equational_theories.Definability.Basic (6.6s)
✔ [980/989] Built equational_theories.Equations.Command (6.6s)
✔ [981/989] Built equational_theories.Equations.Basic (14s)
✔ [982/989] Built equational_theories.EquationalResult (15s)
✔ [983/989] Built equational_theories.Equations.Eqns4000_4694 (18s)
✔ [984/989] Built equational_theories.Equations.Eqns1_999 (19s)
✔ [985/989] Built equational_theories.Equations.Eqns2000_2999 (20s)
✔ [986/989] Built equational_theories.Equations.Eqns1000_1999 (20s)
✔ [987/989] Built equational_theories.Equations.Eqns3000_3999 (20s)
✔ [988/989] Built equational_theories.Equations.All (6.4s)
⚠ [989/989] Built equational_theories.Definability.Law46 (2.6s)
warning: equational_theories/Definability/Law46.lean:11:8: declaration uses `sorry`
Build completed successfully (989 jobs).
