✔ [971/989] Built equational_theories.Magma (415ms)
✔ [972/989] Built equational_theories.Homomorphisms (5.7s)
✔ [973/989] Built equational_theories.ForMathlib.Definability (7.3s)
✔ [974/989] Built equational_theories.FreeMagma (3.5s)
✔ [975/989] Built equational_theories.MagmaLaw (2.9s)
✔ [976/989] Built equational_theories.EquationLawConversion (2.8s)
✔ [977/989] Built equational_theories.Preorder (2.8s)
✔ [978/989] Built equational_theories.Equations.Command (2.0s)
✔ [979/989] Built equational_theories.ParseImplications (1.0s)
✔ [980/989] Built equational_theories.Definability.Basic (10s)
✔ [981/989] Built equational_theories.Equations.Basic (10s)
✔ [982/989] Built equational_theories.EquationalResult (11s)
✔ [983/989] Built equational_theories.Equations.Eqns4000_4694 (14s)
✔ [984/989] Built equational_theories.Equations.Eqns1_999 (15s)
✔ [985/989] Built equational_theories.Equations.Eqns3000_3999 (15s)
✔ [986/989] Built equational_theories.Equations.Eqns1000_1999 (16s)
✔ [987/989] Built equational_theories.Equations.Eqns2000_2999 (16s)
✔ [988/989] Built equational_theories.Equations.All (3.9s)
✖ [989/989] Building equational_theories.Definability.Law46 (2.4s)
trace: .> LEAN_PATH=/private/tmp/sorrydb_law46_patch007_v4_4_67/.lake/packages/Cli/.lake/build/lib/lean:/private/tmp/sorrydb_law46_patch007_v4_4_67/.lake/packages/batteries/.lake/build/lib/lean:/private/tmp/sorrydb_law46_patch007_v4_4_67/.lake/packages/Qq/.lake/build/lib/lean:/private/tmp/sorrydb_law46_patch007_v4_4_67/.lake/packages/aesop/.lake/build/lib/lean:/private/tmp/sorrydb_law46_patch007_v4_4_67/.lake/packages/proofwidgets/.lake/build/lib/lean:/private/tmp/sorrydb_law46_patch007_v4_4_67/.lake/packages/importGraph/.lake/build/lib/lean:/private/tmp/sorrydb_law46_patch007_v4_4_67/.lake/packages/LeanSearchClient/.lake/build/lib/lean:/private/tmp/sorrydb_law46_patch007_v4_4_67/.lake/packages/plausible/.lake/build/lib/lean:/private/tmp/sorrydb_law46_patch007_v4_4_67/.lake/packages/mathlib/.lake/build/lib/lean:/private/tmp/sorrydb_law46_patch007_v4_4_67/.lake/packages/checkdecls/.lake/build/lib/lean:/private/tmp/sorrydb_law46_patch007_v4_4_67/.lake/build/lib/lean /Users/heath/.elan/toolchains/leanprover--lean4---v4.29.1/bin/lean --tstack=262144 /private/tmp/sorrydb_law46_patch007_v4_4_67/equational_theories/Definability/Law46.lean -o /private/tmp/sorrydb_law46_patch007_v4_4_67/.lake/build/lib/lean/equational_theories/Definability/Law46.olean -i /private/tmp/sorrydb_law46_patch007_v4_4_67/.lake/build/lib/lean/equational_theories/Definability/Law46.ilean -c /private/tmp/sorrydb_law46_patch007_v4_4_67/.lake/build/ir/equational_theories/Definability/Law46.c --setup /private/tmp/sorrydb_law46_patch007_v4_4_67/.lake/build/ir/equational_theories/Definability/Law46.setup.json --json
error: equational_theories/Definability/Law46.lean:44:6: Expected type must not contain free variables
  (Lf x ≃ Lf y).toFin.toNat = Law2

Hint: Use the `+revert` option to automatically clean up and revert free variables
error: Lean exited with code 1
Some required targets logged failures:
- equational_theories.Definability.Law46
