====================================================================================================
{
  "variant": "v01_by_simpa_edgeSet",
  "module_build_returncode": 1,
  "module_build_seconds": 40.29,
  "module_has_error": true,
  "target_has_sorry_warning": false
}
--- stdout tail ---
✖ [3075/3075] Building FormalBook.Chapter_28 (35s)
trace: .> LEAN_PATH=/private/tmp/sorrydb_formalbook_v4_6_8/.lake/packages/Cli/.lake/build/lib/lean:/private/tmp/sorrydb_formalbook_v4_6_8/.lake/packages/batteries/.lake/build/lib/lean:/private/tmp/sorrydb_formalbook_v4_6_8/.lake/packages/Qq/.lake/build/lib/lean:/private/tmp/sorrydb_formalbook_v4_6_8/.lake/packages/aesop/.lake/build/lib/lean:/private/tmp/sorrydb_formalbook_v4_6_8/.lake/packages/proofwidgets/.lake/build/lib/lean:/private/tmp/sorrydb_formalbook_v4_6_8/.lake/packages/importGraph/.lake/build/lib/lean:/private/tmp/sorrydb_formalbook_v4_6_8/.lake/packages/LeanSearchClient/.lake/build/lib/lean:/private/tmp/sorrydb_formalbook_v4_6_8/.lake/packages/plausible/.lake/build/lib/lean:/private/tmp/sorrydb_formalbook_v4_6_8/.lake/packages/mathlib/.lake/build/lib/lean:/private/tmp/sorrydb_formalbook_v4_6_8/.lake/packages/checkdecls/.lake/build/lib/lean:/private/tmp/sorrydb_formalbook_v4_6_8/.lake/build/lib/lean /Users/heath/.elan/toolchains/leanprover--lean4---v4.27.0-rc1/bin/lean /private/tmp/sorrydb_formalbook_v4_6_8/FormalBook/Chapter_28.lean -o /private/tmp/sorrydb_formalbook_v4_6_8/.lake/build/lib/lean/FormalBook/Chapter_28.olean -i /private/tmp/sorrydb_formalbook_v4_6_8/.lake/build/lib/lean/FormalBook/Chapter_28.ilean -c /private/tmp/sorrydb_formalbook_v4_6_8/.lake/build/ir/FormalBook/Chapter_28.c --setup /private/tmp/sorrydb_formalbook_v4_6_8/.lake/build/ir/FormalBook/Chapter_28.setup.json --json
error: FormalBook/Chapter_28.lean:65:6: Type mismatch: After simplification, term
  he
 has type
  e ∈ G.edgeSet
but is expected to have type
  #{v | v ∈ e} = 2
error: Lean exited with code 1
Some required targets logged failures:
- FormalBook.Chapter_28
--- stderr tail ---
error: build failed
====================================================================================================
{
  "variant": "v02_by_simp_edgeFinset_at_he",
  "module_build_returncode": 1,
  "module_build_seconds": 41.69,
  "module_has_error": true,
  "target_has_sorry_warning": false
}
--- stdout tail ---
✖ [3075/3075] Building FormalBook.Chapter_28 (37s)
trace: .> LEAN_PATH=/private/tmp/sorrydb_formalbook_v4_6_8/.lake/packages/Cli/.lake/build/lib/lean:/private/tmp/sorrydb_formalbook_v4_6_8/.lake/packages/batteries/.lake/build/lib/lean:/private/tmp/sorrydb_formalbook_v4_6_8/.lake/packages/Qq/.lake/build/lib/lean:/private/tmp/sorrydb_formalbook_v4_6_8/.lake/packages/aesop/.lake/build/lib/lean:/private/tmp/sorrydb_formalbook_v4_6_8/.lake/packages/proofwidgets/.lake/build/lib/lean:/private/tmp/sorrydb_formalbook_v4_6_8/.lake/packages/importGraph/.lake/build/lib/lean:/private/tmp/sorrydb_formalbook_v4_6_8/.lake/packages/LeanSearchClient/.lake/build/lib/lean:/private/tmp/sorrydb_formalbook_v4_6_8/.lake/packages/plausible/.lake/build/lib/lean:/private/tmp/sorrydb_formalbook_v4_6_8/.lake/packages/mathlib/.lake/build/lib/lean:/private/tmp/sorrydb_formalbook_v4_6_8/.lake/packages/checkdecls/.lake/build/lib/lean:/private/tmp/sorrydb_formalbook_v4_6_8/.lake/build/lib/lean /Users/heath/.elan/toolchains/leanprover--lean4---v4.27.0-rc1/bin/lean /private/tmp/sorrydb_formalbook_v4_6_8/FormalBook/Chapter_28.lean -o /private/tmp/sorrydb_formalbook_v4_6_8/.lake/build/lib/lean/FormalBook/Chapter_28.olean -i /private/tmp/sorrydb_formalbook_v4_6_8/.lake/build/lib/lean/FormalBook/Chapter_28.ilean -c /private/tmp/sorrydb_formalbook_v4_6_8/.lake/build/ir/FormalBook/Chapter_28.c --setup /private/tmp/sorrydb_formalbook_v4_6_8/.lake/build/ir/FormalBook/Chapter_28.setup.json --json
error: FormalBook/Chapter_28.lean:66:6: Type mismatch: After simplification, term
  he
 has type
  e ∈ G.edgeSet
but is expected to have type
  #{v | v ∈ e} = 2
warning: FormalBook/Chapter_28.lean:65:12: This simp argument is unused:
  SimpleGraph.mem_edgeFinset

Hint: Omit it from the simp argument list.
  s̵i̵m̵p̵ ̵[̵S̵i̵m̵p̵l̵e̵G̵r̵a̵p̵h̵.̵m̵e̵m̵_̵e̵d̵g̵e̵F̵i̵n̵s̵e̵t̵]̵ ̵a̵t̵ ̵h̵e̵s̲i̲m̲p̲ ̲a̲t̲ ̲h̲e̲

Note: This linter can be disabled with `set_option linter.unusedSimpArgs false`
error: Lean exited with code 1
Some required targets logged failures:
- FormalBook.Chapter_28
--- stderr tail ---
error: build failed
====================================================================================================
{
  "variant": "v03_by_simp_edgeSet_at_he",
  "module_build_returncode": 1,
  "module_build_seconds": 33.31,
  "module_has_error": true,
  "target_has_sorry_warning": false
}
--- stdout tail ---
✖ [3075/3075] Building FormalBook.Chapter_28 (29s)
trace: .> LEAN_PATH=/private/tmp/sorrydb_formalbook_v4_6_8/.lake/packages/Cli/.lake/build/lib/lean:/private/tmp/sorrydb_formalbook_v4_6_8/.lake/packages/batteries/.lake/build/lib/lean:/private/tmp/sorrydb_formalbook_v4_6_8/.lake/packages/Qq/.lake/build/lib/lean:/private/tmp/sorrydb_formalbook_v4_6_8/.lake/packages/aesop/.lake/build/lib/lean:/private/tmp/sorrydb_formalbook_v4_6_8/.lake/packages/proofwidgets/.lake/build/lib/lean:/private/tmp/sorrydb_formalbook_v4_6_8/.lake/packages/importGraph/.lake/build/lib/lean:/private/tmp/sorrydb_formalbook_v4_6_8/.lake/packages/LeanSearchClient/.lake/build/lib/lean:/private/tmp/sorrydb_formalbook_v4_6_8/.lake/packages/plausible/.lake/build/lib/lean:/private/tmp/sorrydb_formalbook_v4_6_8/.lake/packages/mathlib/.lake/build/lib/lean:/private/tmp/sorrydb_formalbook_v4_6_8/.lake/packages/checkdecls/.lake/build/lib/lean:/private/tmp/sorrydb_formalbook_v4_6_8/.lake/build/lib/lean /Users/heath/.elan/toolchains/leanprover--lean4---v4.27.0-rc1/bin/lean /private/tmp/sorrydb_formalbook_v4_6_8/FormalBook/Chapter_28.lean -o /private/tmp/sorrydb_formalbook_v4_6_8/.lake/build/lib/lean/FormalBook/Chapter_28.olean -i /private/tmp/sorrydb_formalbook_v4_6_8/.lake/build/lib/lean/FormalBook/Chapter_28.ilean -c /private/tmp/sorrydb_formalbook_v4_6_8/.lake/build/ir/FormalBook/Chapter_28.c --setup /private/tmp/sorrydb_formalbook_v4_6_8/.lake/build/ir/FormalBook/Chapter_28.setup.json --json
error: FormalBook/Chapter_28.lean:64:65: unsolved goals
α : Type u_1
inst✝² : Fintype α
inst✝¹ : DecidableEq α
G : SimpleGraph α
inst✝ : DecidableRel G.Adj
e : Sym2 α
he : e ∈ (SimpleGraph.edgeSetEmbedding α) G
⊢ #{v | v ∈ e} = 2
error: Lean exited with code 1
Some required targets logged failures:
- FormalBook.Chapter_28
--- stderr tail ---
error: build failed
====================================================================================================
{
  "variant": "v04_by_cases_sym2_ind",
  "module_build_returncode": 1,
  "module_build_seconds": 35.36,
  "module_has_error": true,
  "target_has_sorry_warning": false
}
--- stdout tail ---
✖ [3075/3075] Building FormalBook.Chapter_28 (31s)
trace: .> LEAN_PATH=/private/tmp/sorrydb_formalbook_v4_6_8/.lake/packages/Cli/.lake/build/lib/lean:/private/tmp/sorrydb_formalbook_v4_6_8/.lake/packages/batteries/.lake/build/lib/lean:/private/tmp/sorrydb_formalbook_v4_6_8/.lake/packages/Qq/.lake/build/lib/lean:/private/tmp/sorrydb_formalbook_v4_6_8/.lake/packages/aesop/.lake/build/lib/lean:/private/tmp/sorrydb_formalbook_v4_6_8/.lake/packages/proofwidgets/.lake/build/lib/lean:/private/tmp/sorrydb_formalbook_v4_6_8/.lake/packages/importGraph/.lake/build/lib/lean:/private/tmp/sorrydb_formalbook_v4_6_8/.lake/packages/LeanSearchClient/.lake/build/lib/lean:/private/tmp/sorrydb_formalbook_v4_6_8/.lake/packages/plausible/.lake/build/lib/lean:/private/tmp/sorrydb_formalbook_v4_6_8/.lake/packages/mathlib/.lake/build/lib/lean:/private/tmp/sorrydb_formalbook_v4_6_8/.lake/packages/checkdecls/.lake/build/lib/lean:/private/tmp/sorrydb_formalbook_v4_6_8/.lake/build/lib/lean /Users/heath/.elan/toolchains/leanprover--lean4---v4.27.0-rc1/bin/lean /private/tmp/sorrydb_formalbook_v4_6_8/FormalBook/Chapter_28.lean -o /private/tmp/sorrydb_formalbook_v4_6_8/.lake/build/lib/lean/FormalBook/Chapter_28.olean -i /private/tmp/sorrydb_formalbook_v4_6_8/.lake/build/lib/lean/FormalBook/Chapter_28.ilean -c /private/tmp/sorrydb_formalbook_v4_6_8/.lake/build/ir/FormalBook/Chapter_28.c --setup /private/tmp/sorrydb_formalbook_v4_6_8/.lake/build/ir/FormalBook/Chapter_28.setup.json --json
error: FormalBook/Chapter_28.lean:66:14: unsolved goals
case h
α : Type u_1
inst✝² : Fintype α
inst✝¹ : DecidableEq α
G : SimpleGraph α
inst✝ : DecidableRel G.Adj
a b : α
he : G.Adj a b
⊢ #{v | v = a ∨ v = b} = 2
error: Lean exited with code 1
Some required targets logged failures:
- FormalBook.Chapter_28
--- stderr tail ---
error: build failed
====================================================================================================
{
  "variant": "v05_by_cases_sym2_ind_simp_all",
  "module_build_returncode": 1,
  "module_build_seconds": 34.72,
  "module_has_error": true,
  "target_has_sorry_warning": false
}
--- stdout tail ---
✖ [3075/3075] Building FormalBook.Chapter_28 (30s)
trace: .> LEAN_PATH=/private/tmp/sorrydb_formalbook_v4_6_8/.lake/packages/Cli/.lake/build/lib/lean:/private/tmp/sorrydb_formalbook_v4_6_8/.lake/packages/batteries/.lake/build/lib/lean:/private/tmp/sorrydb_formalbook_v4_6_8/.lake/packages/Qq/.lake/build/lib/lean:/private/tmp/sorrydb_formalbook_v4_6_8/.lake/packages/aesop/.lake/build/lib/lean:/private/tmp/sorrydb_formalbook_v4_6_8/.lake/packages/proofwidgets/.lake/build/lib/lean:/private/tmp/sorrydb_formalbook_v4_6_8/.lake/packages/importGraph/.lake/build/lib/lean:/private/tmp/sorrydb_formalbook_v4_6_8/.lake/packages/LeanSearchClient/.lake/build/lib/lean:/private/tmp/sorrydb_formalbook_v4_6_8/.lake/packages/plausible/.lake/build/lib/lean:/private/tmp/sorrydb_formalbook_v4_6_8/.lake/packages/mathlib/.lake/build/lib/lean:/private/tmp/sorrydb_formalbook_v4_6_8/.lake/packages/checkdecls/.lake/build/lib/lean:/private/tmp/sorrydb_formalbook_v4_6_8/.lake/build/lib/lean /Users/heath/.elan/toolchains/leanprover--lean4---v4.27.0-rc1/bin/lean /private/tmp/sorrydb_formalbook_v4_6_8/FormalBook/Chapter_28.lean -o /private/tmp/sorrydb_formalbook_v4_6_8/.lake/build/lib/lean/FormalBook/Chapter_28.olean -i /private/tmp/sorrydb_formalbook_v4_6_8/.lake/build/lib/lean/FormalBook/Chapter_28.ilean -c /private/tmp/sorrydb_formalbook_v4_6_8/.lake/build/ir/FormalBook/Chapter_28.c --setup /private/tmp/sorrydb_formalbook_v4_6_8/.lake/build/ir/FormalBook/Chapter_28.setup.json --json
error: FormalBook/Chapter_28.lean:66:14: unsolved goals
case h
α : Type u_1
inst✝² : Fintype α
inst✝¹ : DecidableEq α
G : SimpleGraph α
inst✝ : DecidableRel G.Adj
a b : α
he : G.Adj a b
⊢ #{v | v = a ∨ v = b} = 2
error: Lean exited with code 1
Some required targets logged failures:
- FormalBook.Chapter_28
--- stderr tail ---
error: build failed
====================================================================================================
{
  "variant": "v06_by_cases_sym2_ind_aesop",
  "module_build_returncode": 1,
  "module_build_seconds": 36.89,
  "module_has_error": true,
  "target_has_sorry_warning": false
}
--- stdout tail ---
✖ [3075/3075] Building FormalBook.Chapter_28 (32s)
trace: .> LEAN_PATH=/private/tmp/sorrydb_formalbook_v4_6_8/.lake/packages/Cli/.lake/build/lib/lean:/private/tmp/sorrydb_formalbook_v4_6_8/.lake/packages/batteries/.lake/build/lib/lean:/private/tmp/sorrydb_formalbook_v4_6_8/.lake/packages/Qq/.lake/build/lib/lean:/private/tmp/sorrydb_formalbook_v4_6_8/.lake/packages/aesop/.lake/build/lib/lean:/private/tmp/sorrydb_formalbook_v4_6_8/.lake/packages/proofwidgets/.lake/build/lib/lean:/private/tmp/sorrydb_formalbook_v4_6_8/.lake/packages/importGraph/.lake/build/lib/lean:/private/tmp/sorrydb_formalbook_v4_6_8/.lake/packages/LeanSearchClient/.lake/build/lib/lean:/private/tmp/sorrydb_formalbook_v4_6_8/.lake/packages/plausible/.lake/build/lib/lean:/private/tmp/sorrydb_formalbook_v4_6_8/.lake/packages/mathlib/.lake/build/lib/lean:/private/tmp/sorrydb_formalbook_v4_6_8/.lake/packages/checkdecls/.lake/build/lib/lean:/private/tmp/sorrydb_formalbook_v4_6_8/.lake/build/lib/lean /Users/heath/.elan/toolchains/leanprover--lean4---v4.27.0-rc1/bin/lean /private/tmp/sorrydb_formalbook_v4_6_8/FormalBook/Chapter_28.lean -o /private/tmp/sorrydb_formalbook_v4_6_8/.lake/build/lib/lean/FormalBook/Chapter_28.olean -i /private/tmp/sorrydb_formalbook_v4_6_8/.lake/build/lib/lean/FormalBook/Chapter_28.ilean -c /private/tmp/sorrydb_formalbook_v4_6_8/.lake/build/ir/FormalBook/Chapter_28.c --setup /private/tmp/sorrydb_formalbook_v4_6_8/.lake/build/ir/FormalBook/Chapter_28.setup.json --json
warning: FormalBook/Chapter_28.lean:67:8: aesop: failed to prove the goal after exhaustive search.
error: FormalBook/Chapter_28.lean:66:14: unsolved goals
α : Type u_1
inst : Fintype α
inst_1 : DecidableEq α
G : SimpleGraph α
inst_2 : DecidableRel G.Adj
a b : α
he : G.Adj a b
⊢ #{v | v = a ∨ v = b} = 2
error: Lean exited with code 1
Some required targets logged failures:
- FormalBook.Chapter_28
--- stderr tail ---
error: build failed
====================================================================================================
{
  "variant": "v07_by_by_contra_diag",
  "module_build_returncode": 1,
  "module_build_seconds": 38.19,
  "module_has_error": true,
  "target_has_sorry_warning": false
}
--- stdout tail ---
✖ [3075/3075] Building FormalBook.Chapter_28 (33s)
trace: .> LEAN_PATH=/private/tmp/sorrydb_formalbook_v4_6_8/.lake/packages/Cli/.lake/build/lib/lean:/private/tmp/sorrydb_formalbook_v4_6_8/.lake/packages/batteries/.lake/build/lib/lean:/private/tmp/sorrydb_formalbook_v4_6_8/.lake/packages/Qq/.lake/build/lib/lean:/private/tmp/sorrydb_formalbook_v4_6_8/.lake/packages/aesop/.lake/build/lib/lean:/private/tmp/sorrydb_formalbook_v4_6_8/.lake/packages/proofwidgets/.lake/build/lib/lean:/private/tmp/sorrydb_formalbook_v4_6_8/.lake/packages/importGraph/.lake/build/lib/lean:/private/tmp/sorrydb_formalbook_v4_6_8/.lake/packages/LeanSearchClient/.lake/build/lib/lean:/private/tmp/sorrydb_formalbook_v4_6_8/.lake/packages/plausible/.lake/build/lib/lean:/private/tmp/sorrydb_formalbook_v4_6_8/.lake/packages/mathlib/.lake/build/lib/lean:/private/tmp/sorrydb_formalbook_v4_6_8/.lake/packages/checkdecls/.lake/build/lib/lean:/private/tmp/sorrydb_formalbook_v4_6_8/.lake/build/lib/lean /Users/heath/.elan/toolchains/leanprover--lean4---v4.27.0-rc1/bin/lean /private/tmp/sorrydb_formalbook_v4_6_8/FormalBook/Chapter_28.lean -o /private/tmp/sorrydb_formalbook_v4_6_8/.lake/build/lib/lean/FormalBook/Chapter_28.olean -i /private/tmp/sorrydb_formalbook_v4_6_8/.lake/build/lib/lean/FormalBook/Chapter_28.ilean -c /private/tmp/sorrydb_formalbook_v4_6_8/.lake/build/ir/FormalBook/Chapter_28.c --setup /private/tmp/sorrydb_formalbook_v4_6_8/.lake/build/ir/FormalBook/Chapter_28.setup.json --json
error: FormalBook/Chapter_28.lean:66:6: Type mismatch: After simplification, term
  hEdge
 has type
  e ∈ (SimpleGraph.edgeSetEmbedding α) G
but is expected to have type
  #{v | v ∈ e} = 2
error: Lean exited with code 1
Some required targets logged failures:
- FormalBook.Chapter_28
--- stderr tail ---
error: build failed
====================================================================================================
{
  "variant": "v08_by_exact_sym2_card_eq_two",
  "module_build_returncode": 1,
  "module_build_seconds": 33.33,
  "module_has_error": true,
  "target_has_sorry_warning": false
}
--- stdout tail ---
✖ [3075/3075] Building FormalBook.Chapter_28 (29s)
trace: .> LEAN_PATH=/private/tmp/sorrydb_formalbook_v4_6_8/.lake/packages/Cli/.lake/build/lib/lean:/private/tmp/sorrydb_formalbook_v4_6_8/.lake/packages/batteries/.lake/build/lib/lean:/private/tmp/sorrydb_formalbook_v4_6_8/.lake/packages/Qq/.lake/build/lib/lean:/private/tmp/sorrydb_formalbook_v4_6_8/.lake/packages/aesop/.lake/build/lib/lean:/private/tmp/sorrydb_formalbook_v4_6_8/.lake/packages/proofwidgets/.lake/build/lib/lean:/private/tmp/sorrydb_formalbook_v4_6_8/.lake/packages/importGraph/.lake/build/lib/lean:/private/tmp/sorrydb_formalbook_v4_6_8/.lake/packages/LeanSearchClient/.lake/build/lib/lean:/private/tmp/sorrydb_formalbook_v4_6_8/.lake/packages/plausible/.lake/build/lib/lean:/private/tmp/sorrydb_formalbook_v4_6_8/.lake/packages/mathlib/.lake/build/lib/lean:/private/tmp/sorrydb_formalbook_v4_6_8/.lake/packages/checkdecls/.lake/build/lib/lean:/private/tmp/sorrydb_formalbook_v4_6_8/.lake/build/lib/lean /Users/heath/.elan/toolchains/leanprover--lean4---v4.27.0-rc1/bin/lean /private/tmp/sorrydb_formalbook_v4_6_8/FormalBook/Chapter_28.lean -o /private/tmp/sorrydb_formalbook_v4_6_8/.lake/build/lib/lean/FormalBook/Chapter_28.olean -i /private/tmp/sorrydb_formalbook_v4_6_8/.lake/build/lib/lean/FormalBook/Chapter_28.ilean -c /private/tmp/sorrydb_formalbook_v4_6_8/.lake/build/ir/FormalBook/Chapter_28.c --setup /private/tmp/sorrydb_formalbook_v4_6_8/.lake/build/ir/FormalBook/Chapter_28.setup.json --json
error: FormalBook/Chapter_28.lean:65:12: Unknown constant `Sym2.card_eq_two`
error: Lean exited with code 1
Some required targets logged failures:
- FormalBook.Chapter_28
--- stderr tail ---
error: build failed
====================================================================================================
{
  "variant": "v09_by_simpa_sym2_card_eq_two",
  "module_build_returncode": 1,
  "module_build_seconds": 36.4,
  "module_has_error": true,
  "target_has_sorry_warning": false
}
--- stdout tail ---
✖ [3075/3075] Building FormalBook.Chapter_28 (32s)
trace: .> LEAN_PATH=/private/tmp/sorrydb_formalbook_v4_6_8/.lake/packages/Cli/.lake/build/lib/lean:/private/tmp/sorrydb_formalbook_v4_6_8/.lake/packages/batteries/.lake/build/lib/lean:/private/tmp/sorrydb_formalbook_v4_6_8/.lake/packages/Qq/.lake/build/lib/lean:/private/tmp/sorrydb_formalbook_v4_6_8/.lake/packages/aesop/.lake/build/lib/lean:/private/tmp/sorrydb_formalbook_v4_6_8/.lake/packages/proofwidgets/.lake/build/lib/lean:/private/tmp/sorrydb_formalbook_v4_6_8/.lake/packages/importGraph/.lake/build/lib/lean:/private/tmp/sorrydb_formalbook_v4_6_8/.lake/packages/LeanSearchClient/.lake/build/lib/lean:/private/tmp/sorrydb_formalbook_v4_6_8/.lake/packages/plausible/.lake/build/lib/lean:/private/tmp/sorrydb_formalbook_v4_6_8/.lake/packages/mathlib/.lake/build/lib/lean:/private/tmp/sorrydb_formalbook_v4_6_8/.lake/packages/checkdecls/.lake/build/lib/lean:/private/tmp/sorrydb_formalbook_v4_6_8/.lake/build/lib/lean /Users/heath/.elan/toolchains/leanprover--lean4---v4.27.0-rc1/bin/lean /private/tmp/sorrydb_formalbook_v4_6_8/FormalBook/Chapter_28.lean -o /private/tmp/sorrydb_formalbook_v4_6_8/.lake/build/lib/lean/FormalBook/Chapter_28.olean -i /private/tmp/sorrydb_formalbook_v4_6_8/.lake/build/lib/lean/FormalBook/Chapter_28.ilean -c /private/tmp/sorrydb_formalbook_v4_6_8/.lake/build/ir/FormalBook/Chapter_28.c --setup /private/tmp/sorrydb_formalbook_v4_6_8/.lake/build/ir/FormalBook/Chapter_28.setup.json --json
error: FormalBook/Chapter_28.lean:65:18: Unknown constant `Sym2.card_eq_two`
error: Lean exited with code 1
Some required targets logged failures:
- FormalBook.Chapter_28
--- stderr tail ---
error: build failed
====================================================================================================
{
  "variant": "v10_by_exact_card_eq_two_iff",
  "module_build_returncode": 1,
  "module_build_seconds": 35.73,
  "module_has_error": true,
  "target_has_sorry_warning": false
}
--- stdout tail ---
✖ [3075/3075] Building FormalBook.Chapter_28 (31s)
trace: .> LEAN_PATH=/private/tmp/sorrydb_formalbook_v4_6_8/.lake/packages/Cli/.lake/build/lib/lean:/private/tmp/sorrydb_formalbook_v4_6_8/.lake/packages/batteries/.lake/build/lib/lean:/private/tmp/sorrydb_formalbook_v4_6_8/.lake/packages/Qq/.lake/build/lib/lean:/private/tmp/sorrydb_formalbook_v4_6_8/.lake/packages/aesop/.lake/build/lib/lean:/private/tmp/sorrydb_formalbook_v4_6_8/.lake/packages/proofwidgets/.lake/build/lib/lean:/private/tmp/sorrydb_formalbook_v4_6_8/.lake/packages/importGraph/.lake/build/lib/lean:/private/tmp/sorrydb_formalbook_v4_6_8/.lake/packages/LeanSearchClient/.lake/build/lib/lean:/private/tmp/sorrydb_formalbook_v4_6_8/.lake/packages/plausible/.lake/build/lib/lean:/private/tmp/sorrydb_formalbook_v4_6_8/.lake/packages/mathlib/.lake/build/lib/lean:/private/tmp/sorrydb_formalbook_v4_6_8/.lake/packages/checkdecls/.lake/build/lib/lean:/private/tmp/sorrydb_formalbook_v4_6_8/.lake/build/lib/lean /Users/heath/.elan/toolchains/leanprover--lean4---v4.27.0-rc1/bin/lean /private/tmp/sorrydb_formalbook_v4_6_8/FormalBook/Chapter_28.lean -o /private/tmp/sorrydb_formalbook_v4_6_8/.lake/build/lib/lean/FormalBook/Chapter_28.olean -i /private/tmp/sorrydb_formalbook_v4_6_8/.lake/build/lib/lean/FormalBook/Chapter_28.ilean -c /private/tmp/sorrydb_formalbook_v4_6_8/.lake/build/ir/FormalBook/Chapter_28.c --setup /private/tmp/sorrydb_formalbook_v4_6_8/.lake/build/ir/FormalBook/Chapter_28.setup.json --json
error: FormalBook/Chapter_28.lean:65:12: Unknown constant `Sym2.card_eq_two_iff.mpr`
error: FormalBook/Chapter_28.lean:66:6: No goals to be solved
error: Lean exited with code 1
Some required targets logged failures:
- FormalBook.Chapter_28
--- stderr tail ---
error: build failed
====================================================================================================
{
  "variant": "v11_by_trace_after_simp_he",
  "module_build_returncode": 0,
  "module_build_seconds": 37.03,
  "module_has_error": false,
  "target_has_sorry_warning": false
}
--- stdout tail ---
⚠ [3075/3075] Built FormalBook.Chapter_28 (32s)
info: FormalBook/Chapter_28.lean:66:6: α : Type u_1
inst✝² : Fintype α
inst✝¹ : DecidableEq α
G : SimpleGraph α
inst✝ : DecidableRel G.Adj
e : Sym2 α
he : e ∈ (SimpleGraph.edgeSetEmbedding α) G
⊢ #{v | v ∈ e} = 2
warning: FormalBook/Chapter_28.lean:58:6: declaration uses 'sorry'
Build completed successfully (3075 jobs).
--- stderr tail ---

====================================================================================================
{
  "variant": "v12_by_trace_raw",
  "module_build_returncode": 0,
  "module_build_seconds": 40.77,
  "module_has_error": false,
  "target_has_sorry_warning": false
}
--- stdout tail ---
⚠ [3075/3075] Built FormalBook.Chapter_28 (36s)
info: FormalBook/Chapter_28.lean:65:6: α : Type u_1
inst✝² : Fintype α
inst✝¹ : DecidableEq α
G : SimpleGraph α
inst✝ : DecidableRel G.Adj
e : Sym2 α
he : e ∈ G.edgeFinset
⊢ #{v | v ∈ e} = 2
warning: FormalBook/Chapter_28.lean:58:6: declaration uses 'sorry'
Build completed successfully (3075 jobs).
--- stderr tail ---


SUMMARY
{
  "artifact": "official_formalbook_ch28_edgecard_patch004_v4_6_8",
  "source": "official SorryDB 1000 evaluation split",
  "sorrydb_id": "589ac7b645ccf7c434f7686051ee627a04704b3141a80debcd2d2ed4358562b3",
  "repo": "https://github.com/mo271/FormalBook",
  "commit": "865934361ca7005e0a874efb39f5809117052e85",
  "file": "FormalBook/Chapter_28.lean",
  "module": "FormalBook.Chapter_28",
  "line": 64,
  "goal": "e ∈ G.edgeFinset ⊢ {v | v ∈ e}.card = 2",
  "accepted": false,
  "accepted_variant": null,
  "status": "PATCH004_REJECTED_OR_DIAGNOSTIC",
  "probe_available_names": [
    "SimpleGraph.mem_edgeFinset",
    "SimpleGraph.mem_edgeSet",
    "SimpleGraph.edgeSet",
    "SimpleGraph.edgeFinset",
    "Sym2.IsDiag",
    "Sym2.mem_iff",
    "Sym2.mk_eq_mk_iff",
    "Sym2.ind",
    "Sym2.exists",
    "Sym2.toFinset",
    "Sym2.mem_toFinset",
    "Sym2.card_toFinset"
  ],
  "results": [
    {
      "variant": "v01_by_simpa_edgeSet",
      "module_build_returncode": 1,
      "module_build_seconds": 40.29,
      "module_has_error": true,
      "target_has_sorry_warning": false
    },
    {
      "variant": "v02_by_simp_edgeFinset_at_he",
      "module_build_returncode": 1,
      "module_build_seconds": 41.69,
      "module_has_error": true,
      "target_has_sorry_warning": false
    },
    {
      "variant": "v03_by_simp_edgeSet_at_he",
      "module_build_returncode": 1,
      "module_build_seconds": 33.31,
      "module_has_error": true,
      "target_has_sorry_warning": false
    },
    {
      "variant": "v04_by_cases_sym2_ind",
      "module_build_returncode": 1,
      "module_build_seconds": 35.36,
      "module_has_error": true,
      "target_has_sorry_warning": false
    },
    {
      "variant": "v05_by_cases_sym2_ind_simp_all",
      "module_build_returncode": 1,
      "module_build_seconds": 34.72,
      "module_has_error": true,
      "target_has_sorry_warning": false
    },
    {
      "variant": "v06_by_cases_sym2_ind_aesop",
      "module_build_returncode": 1,
      "module_build_seconds": 36.89,
      "module_has_error": true,
      "target_has_sorry_warning": false
    },
    {
      "variant": "v07_by_by_contra_diag",
      "module_build_returncode": 1,
      "module_build_seconds": 38.19,
      "module_has_error": true,
      "target_has_sorry_warning": false
    },
    {
      "variant": "v08_by_exact_sym2_card_eq_two",
      "module_build_returncode": 1,
      "module_build_seconds": 33.33,
      "module_has_error": true,
      "target_has_sorry_warning": false
    },
    {
      "variant": "v09_by_simpa_sym2_card_eq_two",
      "module_build_returncode": 1,
      "module_build_seconds": 36.4,
      "module_has_error": true,
      "target_has_sorry_warning": false
    },
    {
      "variant": "v10_by_exact_card_eq_two_iff",
      "module_build_returncode": 1,
      "module_build_seconds": 35.73,
      "module_has_error": true,
      "target_has_sorry_warning": false
    },
    {
      "variant": "v11_by_trace_after_simp_he",
      "module_build_returncode": 0,
      "module_build_seconds": 37.03,
      "module_has_error": false,
      "target_has_sorry_warning": false
    },
    {
      "variant": "v12_by_trace_raw",
      "module_build_returncode": 0,
      "module_build_seconds": 40.77,
      "module_has_error": false,
      "target_has_sorry_warning": false
    }
  ]
}
